[2020-04-22T16:16:39.171+0800][0.039s] Heap region size: 1M
[2020-04-22T16:16:39.171+0800][0.040s] Heap address: 0x00000000e0000000, size: 512 MB, Compressed Oops mode: 32-bit
[2020-04-22T16:16:39.393+0800][0.262s] Using G1
[2020-04-22T16:16:39.411+0800][0.280s] Periodic GC disabled
[2020-04-22T16:16:42.874+0800][3.743s] GC(0) Pause Young (Normal) (G1 Evacuation Pause)
[2020-04-22T16:16:42.875+0800][3.743s] GC(0) Using 8 workers of 8 for evacuation
[2020-04-22T16:16:42.878+0800][3.747s] GC(0)   Pre Evacuate Collection Set: 0.1ms
[2020-04-22T16:16:42.878+0800][3.747s] GC(0)   Merge Heap Roots: 0.0ms
[2020-04-22T16:16:42.878+0800][3.747s] GC(0)   Evacuate Collection Set: 2.6ms
[2020-04-22T16:16:42.878+0800][3.747s] GC(0)   Post Evacuate Collection Set: 0.5ms
[2020-04-22T16:16:42.878+0800][3.747s] GC(0)   Other: 0.6ms
[2020-04-22T16:16:42.879+0800][3.747s] GC(0) Eden regions: 29->0(42)
[2020-04-22T16:16:42.879+0800][3.747s] GC(0) Survivor regions: 0->4(4)
[2020-04-22T16:16:42.879+0800][3.747s] GC(0) Old regions: 0->0
[2020-04-22T16:16:42.879+0800][3.747s] GC(0) Archive regions: 0->0
[2020-04-22T16:16:42.879+0800][3.747s] GC(0) Humongous regions: 0->0
[2020-04-22T16:16:42.879+0800][3.748s] GC(0) Metaspace: 8124K(8576K)->8124K(8576K) NonClass: 7161K(7424K)->7161K(7424K) Class: 962K(1152K)->962K(1152K)
[2020-04-22T16:16:42.879+0800][3.748s] GC(0) Pause Young (Normal) (G1 Evacuation Pause) 29M->3M(512M) 4.462ms
[2020-04-22T16:16:42.879+0800][3.748s] GC(0) User=0.00s Sys=0.00s Real=0.00s
[2020-04-22T16:16:44.245+0800][5.114s] GC(1) Pause Young (Normal) (G1 Evacuation Pause)
[2020-04-22T16:16:44.245+0800][5.114s] GC(1) Using 8 workers of 8 for evacuation
[2020-04-22T16:16:44.254+0800][5.123s] GC(1)   Pre Evacuate Collection Set: 0.0ms
[2020-04-22T16:16:44.254+0800][5.123s] GC(1)   Merge Heap Roots: 0.0ms
[2020-04-22T16:16:44.254+0800][5.123s] GC(1)   Evacuate Collection Set: 8.1ms
[2020-04-22T16:16:44.254+0800][5.123s] GC(1)   Post Evacuate Collection Set: 0.4ms
[2020-04-22T16:16:44.254+0800][5.123s] GC(1)   Other: 0.1ms
[2020-04-22T16:16:44.254+0800][5.123s] GC(1) Eden regions: 42->0(113)
[2020-04-22T16:16:44.254+0800][5.123s] GC(1) Survivor regions: 4->6(6)
[2020-04-22T16:16:44.254+0800][5.123s] GC(1) Old regions: 0->10
[2020-04-22T16:16:44.254+0800][5.123s] GC(1) Archive regions: 0->0
[2020-04-22T16:16:44.254+0800][5.123s] GC(1) Humongous regions: 4->4
[2020-04-22T16:16:44.254+0800][5.123s] GC(1) Metaspace: 14978K(15616K)->14978K(15616K) NonClass: 13211K(13568K)->13211K(13568K) Class: 1766K(2048K)->1766K(2048K)
[2020-04-22T16:16:44.254+0800][5.123s] GC(1) Pause Young (Normal) (G1 Evacuation Pause) 49M->19M(512M) 8.879ms
[2020-04-22T16:16:44.254+0800][5.123s] GC(1) User=0.00s Sys=0.00s Real=0.01s
[2020-04-22T16:16:45.633+0800][6.502s] GC(2) Pause Young (Concurrent Start) (Metadata GC Threshold)
[2020-04-22T16:16:45.633+0800][6.502s] GC(2) Using 8 workers of 8 for evacuation
[2020-04-22T16:16:45.638+0800][6.507s] GC(2)   Pre Evacuate Collection Set: 0.1ms
[2020-04-22T16:16:45.638+0800][6.507s] GC(2)   Merge Heap Roots: 0.1ms
[2020-04-22T16:16:45.638+0800][6.507s] GC(2)   Evacuate Collection Set: 3.6ms
[2020-04-22T16:16:45.638+0800][6.507s] GC(2)   Post Evacuate Collection Set: 0.8ms
[2020-04-22T16:16:45.638+0800][6.507s] GC(2)   Other: 0.2ms
[2020-04-22T16:16:45.638+0800][6.507s] GC(2) Eden regions: 63->0(125)
[2020-04-22T16:16:45.638+0800][6.507s] GC(2) Survivor regions: 6->10(15)
[2020-04-22T16:16:45.638+0800][6.507s] GC(2) Old regions: 10->10
[2020-04-22T16:16:45.638+0800][6.507s] GC(2) Archive regions: 0->0
[2020-04-22T16:16:45.638+0800][6.507s] GC(2) Humongous regions: 4->4
[2020-04-22T16:16:45.638+0800][6.507s] GC(2) Metaspace: 20659K(21248K)->20659K(21248K) NonClass: 18304K(18688K)->18304K(18688K) Class: 2354K(2560K)->2354K(2560K)
[2020-04-22T16:16:45.638+0800][6.507s] GC(2) Pause Young (Concurrent Start) (Metadata GC Threshold) 81M->23M(512M) 5.035ms
[2020-04-22T16:16:45.638+0800][6.507s] GC(2) User=0.00s Sys=0.00s Real=0.01s
[2020-04-22T16:16:45.638+0800][6.507s] GC(3) Concurrent Cycle
[2020-04-22T16:16:45.638+0800][6.507s] GC(3) Concurrent Clear Claimed Marks
[2020-04-22T16:16:45.638+0800][6.507s] GC(3) Concurrent Clear Claimed Marks 0.034ms
[2020-04-22T16:16:45.638+0800][6.507s] GC(3) Concurrent Scan Root Regions
[2020-04-22T16:16:45.640+0800][6.509s] GC(3) Concurrent Scan Root Regions 2.055ms
[2020-04-22T16:16:45.640+0800][6.509s] GC(3) Concurrent Mark (6.509s)
[2020-04-22T16:16:45.641+0800][6.509s] GC(3) Concurrent Mark From Roots
[2020-04-22T16:16:45.641+0800][6.509s] GC(3) Using 2 workers of 2 for marking
[2020-04-22T16:16:45.653+0800][6.521s] GC(3) Concurrent Mark From Roots 12.160ms
[2020-04-22T16:16:45.653+0800][6.522s] GC(3) Concurrent Preclean
[2020-04-22T16:16:45.653+0800][6.522s] GC(3) Concurrent Preclean 0.157ms
[2020-04-22T16:16:45.653+0800][6.522s] GC(3) Concurrent Mark (6.509s, 6.522s) 12.418ms
[2020-04-22T16:16:45.653+0800][6.522s] GC(3) Pause Remark
[2020-04-22T16:16:45.655+0800][6.523s] GC(3) Pause Remark 24M->24M(512M) 1.333ms
[2020-04-22T16:16:45.655+0800][6.523s] GC(3) User=0.00s Sys=0.00s Real=0.00s
[2020-04-22T16:16:45.655+0800][6.523s] GC(3) Concurrent Rebuild Remembered Sets
[2020-04-22T16:16:45.660+0800][6.529s] GC(3) Concurrent Rebuild Remembered Sets 5.806ms
[2020-04-22T16:16:45.661+0800][6.530s] GC(3) Pause Cleanup
[2020-04-22T16:16:45.661+0800][6.530s] GC(3) Pause Cleanup 25M->25M(512M) 0.160ms
[2020-04-22T16:16:45.661+0800][6.530s] GC(3) User=0.00s Sys=0.00s Real=0.00s
[2020-04-22T16:16:45.661+0800][6.530s] GC(3) Concurrent Cleanup for Next Mark
[2020-04-22T16:16:45.661+0800][6.530s] GC(3) Concurrent Cleanup for Next Mark 0.354ms
[2020-04-22T16:16:45.661+0800][6.530s] GC(3) Concurrent Cycle 23.173ms
[2020-04-22T16:16:47.908+0800][8.777s] GC(4) Pause Young (Concurrent Start) (Metadata GC Threshold)
[2020-04-22T16:16:47.908+0800][8.777s] GC(4) Using 8 workers of 8 for evacuation
[2020-04-22T16:16:47.916+0800][8.784s] GC(4)   Pre Evacuate Collection Set: 0.2ms
[2020-04-22T16:16:47.916+0800][8.785s] GC(4)   Merge Heap Roots: 0.1ms
[2020-04-22T16:16:47.916+0800][8.785s] GC(4)   Evacuate Collection Set: 5.9ms
[2020-04-22T16:16:47.916+0800][8.785s] GC(4)   Post Evacuate Collection Set: 1.1ms
[2020-04-22T16:16:47.916+0800][8.785s] GC(4)   Other: 0.3ms
[2020-04-22T16:16:47.916+0800][8.785s] GC(4) Eden regions: 137->0(291)
[2020-04-22T16:16:47.916+0800][8.785s] GC(4) Survivor regions: 10->16(19)
[2020-04-22T16:16:47.916+0800][8.785s] GC(4) Old regions: 10->10
[2020-04-22T16:16:47.916+0800][8.785s] GC(4) Archive regions: 0->0
[2020-04-22T16:16:47.916+0800][8.785s] GC(4) Humongous regions: 5->4
[2020-04-22T16:16:47.916+0800][8.785s] GC(4) Metaspace: 35198K(36048K)->35198K(36048K) NonClass: 31022K(31488K)->31022K(31488K) Class: 4175K(4560K)->4175K(4560K)
[2020-04-22T16:16:47.916+0800][8.785s] GC(4) Pause Young (Concurrent Start) (Metadata GC Threshold) 160M->29M(512M) 7.860ms
[2020-04-22T16:16:47.916+0800][8.785s] GC(4) User=0.13s Sys=0.00s Real=0.01s
[2020-04-22T16:16:47.916+0800][8.785s] GC(5) Concurrent Cycle
[2020-04-22T16:16:47.916+0800][8.785s] GC(5) Concurrent Clear Claimed Marks
[2020-04-22T16:16:47.916+0800][8.785s] GC(5) Concurrent Clear Claimed Marks 0.045ms
[2020-04-22T16:16:47.916+0800][8.785s] GC(5) Concurrent Scan Root Regions
[2020-04-22T16:16:47.921+0800][8.789s] GC(5) Concurrent Scan Root Regions 4.349ms
[2020-04-22T16:16:47.921+0800][8.789s] GC(5) Concurrent Mark (8.789s)
[2020-04-22T16:16:47.921+0800][8.789s] GC(5) Concurrent Mark From Roots
[2020-04-22T16:16:47.921+0800][8.789s] GC(5) Using 2 workers of 2 for marking
[2020-04-22T16:16:47.935+0800][8.803s] GC(5) Concurrent Mark From Roots 14.012ms
[2020-04-22T16:16:47.935+0800][8.804s] GC(5) Concurrent Preclean
[2020-04-22T16:16:47.935+0800][8.804s] GC(5) Concurrent Preclean 0.175ms
[2020-04-22T16:16:47.935+0800][8.804s] GC(5) Concurrent Mark (8.789s, 8.804s) 14.281ms
[2020-04-22T16:16:47.935+0800][8.804s] GC(5) Pause Remark
[2020-04-22T16:16:47.937+0800][8.805s] GC(5) Pause Remark 33M->33M(512M) 1.437ms
[2020-04-22T16:16:47.937+0800][8.805s] GC(5) User=0.00s Sys=0.00s Real=0.00s
[2020-04-22T16:16:47.937+0800][8.805s] GC(5) Concurrent Rebuild Remembered Sets
[2020-04-22T16:16:47.944+0800][8.813s] GC(5) Concurrent Rebuild Remembered Sets 7.075ms
[2020-04-22T16:16:47.944+0800][8.813s] GC(5) Pause Cleanup
[2020-04-22T16:16:47.944+0800][8.813s] GC(5) Pause Cleanup 35M->35M(512M) 0.124ms
[2020-04-22T16:16:47.944+0800][8.813s] GC(5) User=0.00s Sys=0.00s Real=0.00s
[2020-04-22T16:16:47.944+0800][8.813s] GC(5) Concurrent Cleanup for Next Mark
[2020-04-22T16:16:47.945+0800][8.814s] GC(5) Concurrent Cleanup for Next Mark 0.514ms
[2020-04-22T16:16:47.945+0800][8.814s] GC(5) Concurrent Cycle 28.745ms
[2020-04-22T16:16:49.823+0800][10.692s] GC(6) Pause Young (Normal) (G1 Evacuation Pause)
[2020-04-22T16:16:49.823+0800][10.692s] GC(6) Using 8 workers of 8 for evacuation
[2020-04-22T16:16:49.831+0800][10.699s] GC(6)   Pre Evacuate Collection Set: 0.1ms
[2020-04-22T16:16:49.831+0800][10.700s] GC(6)   Merge Heap Roots: 0.1ms
[2020-04-22T16:16:49.831+0800][10.700s] GC(6)   Evacuate Collection Set: 6.9ms
[2020-04-22T16:16:49.831+0800][10.700s] GC(6)   Post Evacuate Collection Set: 0.7ms
[2020-04-22T16:16:49.831+0800][10.700s] GC(6)   Other: 0.2ms
[2020-04-22T16:16:49.831+0800][10.700s] GC(6) Eden regions: 291->0(287)
[2020-04-22T16:16:49.831+0800][10.700s] GC(6) Survivor regions: 16->20(39)
[2020-04-22T16:16:49.831+0800][10.700s] GC(6) Old regions: 10->10
[2020-04-22T16:16:49.831+0800][10.700s] GC(6) Archive regions: 0->0
[2020-04-22T16:16:49.831+0800][10.700s] GC(6) Humongous regions: 4->4
[2020-04-22T16:16:49.831+0800][10.700s] GC(6) Metaspace: 42346K(43472K)->42346K(43472K) NonClass: 37357K(38144K)->37357K(38144K) Class: 4989K(5328K)->4989K(5328K)
[2020-04-22T16:16:49.831+0800][10.700s] GC(6) Pause Young (Normal) (G1 Evacuation Pause) 320M->33M(512M) 8.189ms
[2020-04-22T16:16:49.831+0800][10.700s] GC(6) User=0.00s Sys=0.00s Real=0.01s
[2020-04-22T17:14:00.892+0800][3441.760s] Heap
[2020-04-22T17:14:00.892+0800][3441.760s]  garbage-first heap   total 524288K, used 266498K [0x00000000e0000000, 0x0000000100000000)
[2020-04-22T17:14:00.892+0800][3441.760s]   region size 1024K, 245 young (250880K), 20 survivors (20480K)
[2020-04-22T17:14:00.892+0800][3441.760s]  Metaspace       used 53185K, capacity 54216K, committed 54352K, reserved 1097728K
[2020-04-22T17:14:00.892+0800][3441.760s]   class space    used 6310K, capacity 6705K, committed 6736K, reserved 1048576K
