[2020-04-01T20:09:02.408+0800][0.017s] Heap region size: 1M
[2020-04-01T20:09:02.409+0800][0.018s] Heap address: 0x00000000e0000000, size: 512 MB, Compressed Oops mode: 32-bit
[2020-04-01T20:09:02.554+0800][0.162s] Using G1
[2020-04-01T20:09:02.575+0800][0.184s] Periodic GC disabled
[2020-04-01T20:09:03.342+0800][0.951s] GC(0) Pause Young (Normal) (G1 Evacuation Pause)
[2020-04-01T20:09:03.343+0800][0.952s] GC(0) Using 8 workers of 8 for evacuation
[2020-04-01T20:09:03.346+0800][0.954s] GC(0)   Pre Evacuate Collection Set: 0.0ms
[2020-04-01T20:09:03.346+0800][0.954s] GC(0)   Merge Heap Roots: 0.0ms
[2020-04-01T20:09:03.346+0800][0.954s] GC(0)   Evacuate Collection Set: 2.2ms
[2020-04-01T20:09:03.346+0800][0.954s] GC(0)   Post Evacuate Collection Set: 0.3ms
[2020-04-01T20:09:03.346+0800][0.955s] GC(0)   Other: 0.6ms
[2020-04-01T20:09:03.346+0800][0.955s] GC(0) Eden regions: 29->0(42)
[2020-04-01T20:09:03.346+0800][0.955s] GC(0) Survivor regions: 0->4(4)
[2020-04-01T20:09:03.346+0800][0.955s] GC(0) Old regions: 0->0
[2020-04-01T20:09:03.346+0800][0.955s] GC(0) Archive regions: 0->0
[2020-04-01T20:09:03.346+0800][0.955s] GC(0) Humongous regions: 0->0
[2020-04-01T20:09:03.346+0800][0.955s] GC(0) Metaspace: 8111K(8576K)->8111K(8576K) NonClass: 7150K(7424K)->7150K(7424K) Class: 960K(1152K)->960K(1152K)
[2020-04-01T20:09:03.346+0800][0.955s] GC(0) Pause Young (Normal) (G1 Evacuation Pause) 29M->3M(512M) 3.845ms
[2020-04-01T20:09:03.346+0800][0.955s] GC(0) User=0.00s Sys=0.00s Real=0.00s
[2020-04-01T20:09:04.163+0800][1.772s] GC(1) Pause Young (Normal) (G1 Evacuation Pause)
[2020-04-01T20:09:04.163+0800][1.772s] GC(1) Using 8 workers of 8 for evacuation
[2020-04-01T20:09:04.171+0800][1.780s] GC(1)   Pre Evacuate Collection Set: 0.0ms
[2020-04-01T20:09:04.171+0800][1.780s] GC(1)   Merge Heap Roots: 0.0ms
[2020-04-01T20:09:04.171+0800][1.780s] GC(1)   Evacuate Collection Set: 7.4ms
[2020-04-01T20:09:04.171+0800][1.780s] GC(1)   Post Evacuate Collection Set: 0.5ms
[2020-04-01T20:09:04.171+0800][1.780s] GC(1)   Other: 0.2ms
[2020-04-01T20:09:04.171+0800][1.780s] GC(1) Eden regions: 42->0(115)
[2020-04-01T20:09:04.171+0800][1.780s] GC(1) Survivor regions: 4->6(6)
[2020-04-01T20:09:04.171+0800][1.780s] GC(1) Old regions: 0->10
[2020-04-01T20:09:04.171+0800][1.780s] GC(1) Archive regions: 0->0
[2020-04-01T20:09:04.171+0800][1.780s] GC(1) Humongous regions: 4->4
[2020-04-01T20:09:04.171+0800][1.780s] GC(1) Metaspace: 14993K(15616K)->14993K(15616K) NonClass: 13226K(13568K)->13226K(13568K) Class: 1766K(2048K)->1766K(2048K)
[2020-04-01T20:09:04.171+0800][1.780s] GC(1) Pause Young (Normal) (G1 Evacuation Pause) 49M->19M(512M) 8.412ms
[2020-04-01T20:09:04.171+0800][1.780s] GC(1) User=0.13s Sys=0.00s Real=0.01s
[2020-04-01T20:09:05.624+0800][3.233s] GC(2) Pause Young (Concurrent Start) (Metadata GC Threshold)
[2020-04-01T20:09:05.624+0800][3.233s] GC(2) Using 8 workers of 8 for evacuation
[2020-04-01T20:09:05.629+0800][3.238s] GC(2)   Pre Evacuate Collection Set: 0.1ms
[2020-04-01T20:09:05.629+0800][3.238s] GC(2)   Merge Heap Roots: 0.0ms
[2020-04-01T20:09:05.629+0800][3.238s] GC(2)   Evacuate Collection Set: 3.5ms
[2020-04-01T20:09:05.629+0800][3.238s] GC(2)   Post Evacuate Collection Set: 0.6ms
[2020-04-01T20:09:05.629+0800][3.238s] GC(2)   Other: 0.2ms
[2020-04-01T20:09:05.629+0800][3.238s] GC(2) Eden regions: 85->0(194)
[2020-04-01T20:09:05.629+0800][3.238s] GC(2) Survivor regions: 6->10(16)
[2020-04-01T20:09:05.629+0800][3.238s] GC(2) Old regions: 10->10
[2020-04-01T20:09:05.629+0800][3.238s] GC(2) Archive regions: 0->0
[2020-04-01T20:09:05.629+0800][3.238s] GC(2) Humongous regions: 4->4
[2020-04-01T20:09:05.629+0800][3.238s] GC(2) Metaspace: 20649K(21248K)->20649K(21248K) NonClass: 18299K(18688K)->18299K(18688K) Class: 2349K(2560K)->2349K(2560K)
[2020-04-01T20:09:05.629+0800][3.238s] GC(2) Pause Young (Concurrent Start) (Metadata GC Threshold) 103M->23M(512M) 4.616ms
[2020-04-01T20:09:05.629+0800][3.238s] GC(2) User=0.00s Sys=0.00s Real=0.00s
[2020-04-01T20:09:05.629+0800][3.238s] GC(3) Concurrent Cycle
[2020-04-01T20:09:05.629+0800][3.238s] GC(3) Concurrent Clear Claimed Marks
[2020-04-01T20:09:05.629+0800][3.238s] GC(3) Concurrent Clear Claimed Marks 0.039ms
[2020-04-01T20:09:05.629+0800][3.238s] GC(3) Concurrent Scan Root Regions
[2020-04-01T20:09:05.631+0800][3.240s] GC(3) Concurrent Scan Root Regions 1.997ms
[2020-04-01T20:09:05.631+0800][3.240s] GC(3) Concurrent Mark (3.240s)
[2020-04-01T20:09:05.631+0800][3.240s] GC(3) Concurrent Mark From Roots
[2020-04-01T20:09:05.631+0800][3.240s] GC(3) Using 2 workers of 2 for marking
[2020-04-01T20:09:05.642+0800][3.251s] GC(3) Concurrent Mark From Roots 11.090ms
[2020-04-01T20:09:05.642+0800][3.251s] GC(3) Concurrent Preclean
[2020-04-01T20:09:05.642+0800][3.251s] GC(3) Concurrent Preclean 0.075ms
[2020-04-01T20:09:05.642+0800][3.251s] GC(3) Concurrent Mark (3.240s, 3.251s) 11.232ms
[2020-04-01T20:09:05.642+0800][3.251s] GC(3) Pause Remark
[2020-04-01T20:09:05.643+0800][3.252s] GC(3) Pause Remark 25M->25M(512M) 0.991ms
[2020-04-01T20:09:05.643+0800][3.252s] GC(3) User=0.00s Sys=0.00s Real=0.00s
[2020-04-01T20:09:05.643+0800][3.252s] GC(3) Concurrent Rebuild Remembered Sets
[2020-04-01T20:09:05.648+0800][3.257s] GC(3) Concurrent Rebuild Remembered Sets 4.780ms
[2020-04-01T20:09:05.649+0800][3.258s] GC(3) Pause Cleanup
[2020-04-01T20:09:05.649+0800][3.258s] GC(3) Pause Cleanup 25M->25M(512M) 0.069ms
[2020-04-01T20:09:05.649+0800][3.258s] GC(3) User=0.00s Sys=0.00s Real=0.00s
[2020-04-01T20:09:05.649+0800][3.258s] GC(3) Concurrent Cleanup for Next Mark
[2020-04-01T20:09:05.649+0800][3.258s] GC(3) Concurrent Cleanup for Next Mark 0.321ms
[2020-04-01T20:09:05.649+0800][3.258s] GC(3) Concurrent Cycle 20.311ms
[2020-04-01T20:09:09.034+0800][0.025s] Heap region size: 1M
[2020-04-01T20:09:09.034+0800][0.025s] Heap address: 0x00000000e0000000, size: 512 MB, Compressed Oops mode: 32-bit
[2020-04-01T20:09:09.176+0800][0.168s] Using G1
[2020-04-01T20:09:09.193+0800][0.184s] Periodic GC disabled
[2020-04-01T20:09:09.959+0800][0.949s] GC(0) Pause Young (Normal) (G1 Evacuation Pause)
[2020-04-01T20:09:09.959+0800][0.950s] GC(0) Using 8 workers of 8 for evacuation
[2020-04-01T20:09:09.962+0800][0.953s] GC(0)   Pre Evacuate Collection Set: 0.0ms
[2020-04-01T20:09:09.962+0800][0.953s] GC(0)   Merge Heap Roots: 0.0ms
[2020-04-01T20:09:09.962+0800][0.953s] GC(0)   Evacuate Collection Set: 2.3ms
[2020-04-01T20:09:09.962+0800][0.953s] GC(0)   Post Evacuate Collection Set: 0.3ms
[2020-04-01T20:09:09.962+0800][0.953s] GC(0)   Other: 0.6ms
[2020-04-01T20:09:09.962+0800][0.953s] GC(0) Eden regions: 29->0(42)
[2020-04-01T20:09:09.962+0800][0.953s] GC(0) Survivor regions: 0->4(4)
[2020-04-01T20:09:09.962+0800][0.953s] GC(0) Old regions: 0->0
[2020-04-01T20:09:09.962+0800][0.953s] GC(0) Archive regions: 0->0
[2020-04-01T20:09:09.962+0800][0.953s] GC(0) Humongous regions: 0->0
[2020-04-01T20:09:09.962+0800][0.953s] GC(0) Metaspace: 8096K(8576K)->8096K(8576K) NonClass: 7136K(7424K)->7136K(7424K) Class: 960K(1152K)->960K(1152K)
[2020-04-01T20:09:09.962+0800][0.953s] GC(0) Pause Young (Normal) (G1 Evacuation Pause) 29M->3M(512M) 3.509ms
[2020-04-01T20:09:09.962+0800][0.953s] GC(0) User=0.13s Sys=0.00s Real=0.00s
[2020-04-01T20:09:10.781+0800][1.772s] GC(1) Pause Young (Normal) (G1 Evacuation Pause)
[2020-04-01T20:09:10.781+0800][1.772s] GC(1) Using 8 workers of 8 for evacuation
[2020-04-01T20:09:10.789+0800][1.780s] GC(1)   Pre Evacuate Collection Set: 0.0ms
[2020-04-01T20:09:10.789+0800][1.780s] GC(1)   Merge Heap Roots: 0.0ms
[2020-04-01T20:09:10.789+0800][1.780s] GC(1)   Evacuate Collection Set: 7.1ms
[2020-04-01T20:09:10.789+0800][1.780s] GC(1)   Post Evacuate Collection Set: 0.6ms
[2020-04-01T20:09:10.789+0800][1.780s] GC(1)   Other: 0.2ms
[2020-04-01T20:09:10.789+0800][1.780s] GC(1) Eden regions: 42->0(117)
[2020-04-01T20:09:10.789+0800][1.780s] GC(1) Survivor regions: 4->6(6)
[2020-04-01T20:09:10.789+0800][1.780s] GC(1) Old regions: 0->10
[2020-04-01T20:09:10.789+0800][1.780s] GC(1) Archive regions: 0->0
[2020-04-01T20:09:10.790+0800][1.780s] GC(1) Humongous regions: 4->4
[2020-04-01T20:09:10.790+0800][1.780s] GC(1) Metaspace: 15015K(15616K)->15015K(15616K) NonClass: 13244K(13568K)->13244K(13568K) Class: 1770K(2048K)->1770K(2048K)
[2020-04-01T20:09:10.790+0800][1.780s] GC(1) Pause Young (Normal) (G1 Evacuation Pause) 49M->19M(512M) 8.305ms
[2020-04-01T20:09:10.790+0800][1.780s] GC(1) User=0.02s Sys=0.02s Real=0.01s
[2020-04-01T20:09:11.885+0800][2.876s] GC(2) Pause Young (Concurrent Start) (Metadata GC Threshold)
[2020-04-01T20:09:11.885+0800][2.876s] GC(2) Using 8 workers of 8 for evacuation
[2020-04-01T20:09:11.890+0800][2.880s] GC(2)   Pre Evacuate Collection Set: 0.0ms
[2020-04-01T20:09:11.890+0800][2.880s] GC(2)   Merge Heap Roots: 0.0ms
[2020-04-01T20:09:11.890+0800][2.880s] GC(2)   Evacuate Collection Set: 3.6ms
[2020-04-01T20:09:11.890+0800][2.880s] GC(2)   Post Evacuate Collection Set: 0.4ms
[2020-04-01T20:09:11.890+0800][2.880s] GC(2)   Other: 0.2ms
[2020-04-01T20:09:11.890+0800][2.880s] GC(2) Eden regions: 71->0(175)
[2020-04-01T20:09:11.890+0800][2.880s] GC(2) Survivor regions: 6->11(16)
[2020-04-01T20:09:11.890+0800][2.880s] GC(2) Old regions: 10->10
[2020-04-01T20:09:11.890+0800][2.880s] GC(2) Archive regions: 0->0
[2020-04-01T20:09:11.890+0800][2.880s] GC(2) Humongous regions: 4->4
[2020-04-01T20:09:11.890+0800][2.880s] GC(2) Metaspace: 20694K(21248K)->20694K(21248K) NonClass: 18337K(18688K)->18337K(18688K) Class: 2357K(2560K)->2357K(2560K)
[2020-04-01T20:09:11.890+0800][2.880s] GC(2) Pause Young (Concurrent Start) (Metadata GC Threshold) 90M->23M(512M) 4.554ms
[2020-04-01T20:09:11.890+0800][2.881s] GC(2) User=0.00s Sys=0.00s Real=0.01s
[2020-04-01T20:09:11.890+0800][2.881s] GC(3) Concurrent Cycle
[2020-04-01T20:09:11.890+0800][2.881s] GC(3) Concurrent Clear Claimed Marks
[2020-04-01T20:09:11.890+0800][2.881s] GC(3) Concurrent Clear Claimed Marks 0.027ms
[2020-04-01T20:09:11.890+0800][2.881s] GC(3) Concurrent Scan Root Regions
[2020-04-01T20:09:11.892+0800][2.883s] GC(3) Concurrent Scan Root Regions 2.376ms
[2020-04-01T20:09:11.892+0800][2.883s] GC(3) Concurrent Mark (2.883s)
[2020-04-01T20:09:11.892+0800][2.883s] GC(3) Concurrent Mark From Roots
[2020-04-01T20:09:11.892+0800][2.883s] GC(3) Using 2 workers of 2 for marking
[2020-04-01T20:09:11.906+0800][2.897s] GC(3) Concurrent Mark From Roots 13.992ms
[2020-04-01T20:09:11.907+0800][2.897s] GC(3) Concurrent Preclean
[2020-04-01T20:09:11.907+0800][2.897s] GC(3) Concurrent Preclean 0.093ms
[2020-04-01T20:09:11.907+0800][2.897s] GC(3) Concurrent Mark (2.883s, 2.897s) 14.162ms
[2020-04-01T20:09:11.907+0800][2.897s] GC(3) Pause Remark
[2020-04-01T20:09:11.908+0800][2.898s] GC(3) Pause Remark 25M->25M(512M) 0.928ms
[2020-04-01T20:09:11.908+0800][2.898s] GC(3) User=0.00s Sys=0.00s Real=0.00s
[2020-04-01T20:09:11.908+0800][2.898s] GC(3) Concurrent Rebuild Remembered Sets
[2020-04-01T20:09:11.913+0800][2.904s] GC(3) Concurrent Rebuild Remembered Sets 5.683ms
[2020-04-01T20:09:11.914+0800][2.904s] GC(3) Pause Cleanup
[2020-04-01T20:09:11.914+0800][2.904s] GC(3) Pause Cleanup 25M->25M(512M) 0.073ms
[2020-04-01T20:09:11.914+0800][2.904s] GC(3) User=0.00s Sys=0.00s Real=0.00s
[2020-04-01T20:09:11.914+0800][2.904s] GC(3) Concurrent Cleanup for Next Mark
[2020-04-01T20:09:11.914+0800][2.905s] GC(3) Concurrent Cleanup for Next Mark 0.318ms
[2020-04-01T20:09:11.914+0800][2.905s] GC(3) Concurrent Cycle 24.160ms
[2020-04-01T20:09:19.712+0800][10.703s] GC(4) Pause Young (Concurrent Start) (Metadata GC Threshold)
[2020-04-01T20:09:19.713+0800][10.703s] GC(4) Using 8 workers of 8 for evacuation
[2020-04-01T20:09:19.721+0800][10.711s] GC(4)   Pre Evacuate Collection Set: 0.1ms
[2020-04-01T20:09:19.721+0800][10.712s] GC(4)   Merge Heap Roots: 0.0ms
[2020-04-01T20:09:19.721+0800][10.712s] GC(4)   Evacuate Collection Set: 7.1ms
[2020-04-01T20:09:19.721+0800][10.712s] GC(4)   Post Evacuate Collection Set: 1.0ms
[2020-04-01T20:09:19.721+0800][10.712s] GC(4)   Other: 0.2ms
[2020-04-01T20:09:19.721+0800][10.712s] GC(4) Eden regions: 175->0(291)
[2020-04-01T20:09:19.721+0800][10.712s] GC(4) Survivor regions: 11->16(26)
[2020-04-01T20:09:19.721+0800][10.712s] GC(4) Old regions: 10->10
[2020-04-01T20:09:19.721+0800][10.712s] GC(4) Archive regions: 0->0
[2020-04-01T20:09:19.721+0800][10.712s] GC(4) Humongous regions: 4->4
[2020-04-01T20:09:19.721+0800][10.712s] GC(4) Metaspace: 35160K(35964K)->35160K(35964K) NonClass: 31033K(31488K)->31033K(31488K) Class: 4127K(4476K)->4127K(4476K)
[2020-04-01T20:09:19.721+0800][10.712s] GC(4) Pause Young (Concurrent Start) (Metadata GC Threshold) 198M->28M(512M) 8.821ms
[2020-04-01T20:09:19.721+0800][10.712s] GC(4) User=0.00s Sys=0.00s Real=0.01s
[2020-04-01T20:09:19.721+0800][10.712s] GC(5) Concurrent Cycle
[2020-04-01T20:09:19.721+0800][10.712s] GC(5) Concurrent Clear Claimed Marks
[2020-04-01T20:09:19.721+0800][10.712s] GC(5) Concurrent Clear Claimed Marks 0.048ms
[2020-04-01T20:09:19.721+0800][10.712s] GC(5) Concurrent Scan Root Regions
[2020-04-01T20:09:19.727+0800][10.717s] GC(5) Concurrent Scan Root Regions 5.158ms
[2020-04-01T20:09:19.727+0800][10.717s] GC(5) Concurrent Mark (10.717s)
[2020-04-01T20:09:19.727+0800][10.717s] GC(5) Concurrent Mark From Roots
[2020-04-01T20:09:19.727+0800][10.717s] GC(5) Using 2 workers of 2 for marking
[2020-04-01T20:09:19.739+0800][10.729s] GC(5) Concurrent Mark From Roots 12.262ms
[2020-04-01T20:09:19.739+0800][10.730s] GC(5) Concurrent Preclean
[2020-04-01T20:09:19.739+0800][10.730s] GC(5) Concurrent Preclean 0.069ms
[2020-04-01T20:09:19.739+0800][10.730s] GC(5) Concurrent Mark (10.717s, 10.730s) 12.406ms
[2020-04-01T20:09:19.739+0800][10.730s] GC(5) Pause Remark
[2020-04-01T20:09:19.741+0800][10.731s] GC(5) Pause Remark 31M->31M(512M) 1.395ms
[2020-04-01T20:09:19.741+0800][10.731s] GC(5) User=0.00s Sys=0.00s Real=0.00s
[2020-04-01T20:09:19.741+0800][10.731s] GC(5) Concurrent Rebuild Remembered Sets
[2020-04-01T20:09:19.747+0800][10.738s] GC(5) Concurrent Rebuild Remembered Sets 6.493ms
[2020-04-01T20:09:19.748+0800][10.738s] GC(5) Pause Cleanup
[2020-04-01T20:09:19.748+0800][10.738s] GC(5) Pause Cleanup 32M->32M(512M) 0.109ms
[2020-04-01T20:09:19.748+0800][10.738s] GC(5) User=0.00s Sys=0.00s Real=0.00s
[2020-04-01T20:09:19.748+0800][10.738s] GC(5) Concurrent Cleanup for Next Mark
[2020-04-01T20:09:19.748+0800][10.739s] GC(5) Concurrent Cleanup for Next Mark 0.426ms
[2020-04-01T20:09:19.749+0800][10.739s] GC(5) Concurrent Cycle 27.087ms
[2020-04-01T20:12:09.540+0800][187.149s] Heap
[2020-04-01T20:12:09.540+0800][187.149s]  garbage-first heap   total 524288K, used 134316K [0x00000000e0000000, 0x0000000100000000)
[2020-04-01T20:12:09.540+0800][187.149s]   region size 1024K, 119 young (121856K), 10 survivors (10240K)
[2020-04-01T20:12:09.540+0800][187.149s]  Metaspace       used 33571K, capacity 34371K, committed 34556K, reserved 1079296K
[2020-04-01T20:12:09.540+0800][187.149s]   class space    used 3941K, capacity 4240K, committed 4348K, reserved 1048576K
[2020-04-01T20:12:10.442+0800][181.433s] Heap
[2020-04-01T20:12:10.442+0800][181.433s]  garbage-first heap   total 524288K, used 191485K [0x00000000e0000000, 0x0000000100000000)
[2020-04-01T20:12:10.442+0800][181.433s]   region size 1024K, 174 young (178176K), 16 survivors (16384K)
[2020-04-01T20:12:10.442+0800][181.433s]  Metaspace       used 38178K, capacity 39013K, committed 39164K, reserved 1083392K
[2020-04-01T20:12:10.442+0800][181.433s]   class space    used 4498K, capacity 4804K, committed 4860K, reserved 1048576K
