[2020-04-21T02:42:37.576+0800][0.034s] Heap region size: 1M
[2020-04-21T02:42:37.577+0800][0.034s] Heap address: 0x00000000e0000000, size: 512 MB, Compressed Oops mode: 32-bit
[2020-04-21T02:42:37.784+0800][0.242s] Using G1
[2020-04-21T02:42:37.800+0800][0.257s] Periodic GC disabled
[2020-04-21T02:42:40.856+0800][3.313s] GC(0) Pause Young (Normal) (G1 Evacuation Pause)
[2020-04-21T02:42:40.856+0800][3.313s] GC(0) Using 8 workers of 8 for evacuation
[2020-04-21T02:42:40.861+0800][3.318s] GC(0)   Pre Evacuate Collection Set: 0.1ms
[2020-04-21T02:42:40.861+0800][3.318s] GC(0)   Merge Heap Roots: 0.3ms
[2020-04-21T02:42:40.861+0800][3.318s] GC(0)   Evacuate Collection Set: 2.5ms
[2020-04-21T02:42:40.861+0800][3.318s] GC(0)   Post Evacuate Collection Set: 1.0ms
[2020-04-21T02:42:40.861+0800][3.319s] GC(0)   Other: 1.7ms
[2020-04-21T02:42:40.862+0800][3.319s] GC(0) Eden regions: 29->0(42)
[2020-04-21T02:42:40.862+0800][3.319s] GC(0) Survivor regions: 0->4(4)
[2020-04-21T02:42:40.862+0800][3.319s] GC(0) Old regions: 0->0
[2020-04-21T02:42:40.862+0800][3.319s] GC(0) Archive regions: 0->0
[2020-04-21T02:42:40.862+0800][3.319s] GC(0) Humongous regions: 0->0
[2020-04-21T02:42:40.862+0800][3.319s] GC(0) Metaspace: 8096K(8576K)->8096K(8576K) NonClass: 7136K(7424K)->7136K(7424K) Class: 959K(1152K)->959K(1152K)
[2020-04-21T02:42:40.862+0800][3.319s] GC(0) Pause Young (Normal) (G1 Evacuation Pause) 29M->3M(512M) 6.001ms
[2020-04-21T02:42:40.862+0800][3.319s] GC(0) User=0.00s Sys=0.00s Real=0.01s
[2020-04-21T02:42:42.313+0800][4.770s] GC(1) Pause Young (Normal) (G1 Evacuation Pause)
[2020-04-21T02:42:42.313+0800][4.770s] GC(1) Using 8 workers of 8 for evacuation
[2020-04-21T02:42:42.320+0800][4.778s] GC(1)   Pre Evacuate Collection Set: 0.0ms
[2020-04-21T02:42:42.320+0800][4.778s] GC(1)   Merge Heap Roots: 0.0ms
[2020-04-21T02:42:42.320+0800][4.778s] GC(1)   Evacuate Collection Set: 7.0ms
[2020-04-21T02:42:42.320+0800][4.778s] GC(1)   Post Evacuate Collection Set: 0.4ms
[2020-04-21T02:42:42.320+0800][4.778s] GC(1)   Other: 0.1ms
[2020-04-21T02:42:42.320+0800][4.778s] GC(1) Eden regions: 42->0(176)
[2020-04-21T02:42:42.320+0800][4.778s] GC(1) Survivor regions: 4->6(6)
[2020-04-21T02:42:42.320+0800][4.778s] GC(1) Old regions: 0->10
[2020-04-21T02:42:42.320+0800][4.778s] GC(1) Archive regions: 0->0
[2020-04-21T02:42:42.320+0800][4.778s] GC(1) Humongous regions: 4->4
[2020-04-21T02:42:42.320+0800][4.778s] GC(1) Metaspace: 14987K(15616K)->14987K(15616K) NonClass: 13220K(13568K)->13220K(13568K) Class: 1766K(2048K)->1766K(2048K)
[2020-04-21T02:42:42.320+0800][4.778s] GC(1) Pause Young (Normal) (G1 Evacuation Pause) 49M->19M(512M) 7.792ms
[2020-04-21T02:42:42.320+0800][4.778s] GC(1) User=0.13s Sys=0.00s Real=0.01s
[2020-04-21T02:42:43.890+0800][6.347s] GC(2) Pause Young (Concurrent Start) (Metadata GC Threshold)
[2020-04-21T02:42:43.890+0800][6.347s] GC(2) Using 8 workers of 8 for evacuation
[2020-04-21T02:42:43.895+0800][6.353s] GC(2)   Pre Evacuate Collection Set: 0.1ms
[2020-04-21T02:42:43.895+0800][6.353s] GC(2)   Merge Heap Roots: 0.1ms
[2020-04-21T02:42:43.895+0800][6.353s] GC(2)   Evacuate Collection Set: 4.7ms
[2020-04-21T02:42:43.896+0800][6.353s] GC(2)   Post Evacuate Collection Set: 0.7ms
[2020-04-21T02:42:43.896+0800][6.353s] GC(2)   Other: 0.4ms
[2020-04-21T02:42:43.896+0800][6.353s] GC(2) Eden regions: 65->0(116)
[2020-04-21T02:42:43.896+0800][6.353s] GC(2) Survivor regions: 6->11(23)
[2020-04-21T02:42:43.896+0800][6.353s] GC(2) Old regions: 10->10
[2020-04-21T02:42:43.896+0800][6.353s] GC(2) Archive regions: 0->0
[2020-04-21T02:42:43.896+0800][6.353s] GC(2) Humongous regions: 4->4
[2020-04-21T02:42:43.896+0800][6.353s] GC(2) Metaspace: 20686K(21248K)->20686K(21248K) NonClass: 18331K(18688K)->18331K(18688K) Class: 2354K(2560K)->2354K(2560K)
[2020-04-21T02:42:43.896+0800][6.353s] GC(2) Pause Young (Concurrent Start) (Metadata GC Threshold) 83M->23M(512M) 6.174ms
[2020-04-21T02:42:43.896+0800][6.353s] GC(2) User=0.00s Sys=0.02s Real=0.01s
[2020-04-21T02:42:43.896+0800][6.353s] GC(3) Concurrent Cycle
[2020-04-21T02:42:43.896+0800][6.353s] GC(3) Concurrent Clear Claimed Marks
[2020-04-21T02:42:43.896+0800][6.353s] GC(3) Concurrent Clear Claimed Marks 0.034ms
[2020-04-21T02:42:43.896+0800][6.353s] GC(3) Concurrent Scan Root Regions
[2020-04-21T02:42:43.898+0800][6.356s] GC(3) Concurrent Scan Root Regions 2.503ms
[2020-04-21T02:42:43.898+0800][6.356s] GC(3) Concurrent Mark (6.356s)
[2020-04-21T02:42:43.898+0800][6.356s] GC(3) Concurrent Mark From Roots
[2020-04-21T02:42:43.898+0800][6.356s] GC(3) Using 2 workers of 2 for marking
[2020-04-21T02:42:43.913+0800][6.370s] GC(3) Concurrent Mark From Roots 14.718ms
[2020-04-21T02:42:43.913+0800][6.370s] GC(3) Concurrent Preclean
[2020-04-21T02:42:43.913+0800][6.371s] GC(3) Concurrent Preclean 0.162ms
[2020-04-21T02:42:43.913+0800][6.371s] GC(3) Concurrent Mark (6.356s, 6.371s) 14.953ms
[2020-04-21T02:42:43.914+0800][6.371s] GC(3) Pause Remark
[2020-04-21T02:42:43.915+0800][6.373s] GC(3) Pause Remark 25M->25M(512M) 1.873ms
[2020-04-21T02:42:43.916+0800][6.373s] GC(3) User=0.00s Sys=0.00s Real=0.00s
[2020-04-21T02:42:43.916+0800][6.373s] GC(3) Concurrent Rebuild Remembered Sets
[2020-04-21T02:42:43.921+0800][6.378s] GC(3) Concurrent Rebuild Remembered Sets 5.488ms
[2020-04-21T02:42:43.921+0800][6.379s] GC(3) Pause Cleanup
[2020-04-21T02:42:43.922+0800][6.379s] GC(3) Pause Cleanup 25M->25M(512M) 0.211ms
[2020-04-21T02:42:43.922+0800][6.379s] GC(3) User=0.00s Sys=0.00s Real=0.00s
[2020-04-21T02:42:43.922+0800][6.379s] GC(3) Concurrent Cleanup for Next Mark
[2020-04-21T02:42:43.922+0800][6.379s] GC(3) Concurrent Cleanup for Next Mark 0.368ms
[2020-04-21T02:42:43.922+0800][6.379s] GC(3) Concurrent Cycle 26.310ms
[2020-04-21T02:42:48.018+0800][10.476s] GC(4) Pause Young (Concurrent Start) (Metadata GC Threshold)
[2020-04-21T02:42:48.018+0800][10.476s] GC(4) Using 8 workers of 8 for evacuation
[2020-04-21T02:42:48.026+0800][10.483s] GC(4)   Pre Evacuate Collection Set: 0.1ms
[2020-04-21T02:42:48.026+0800][10.483s] GC(4)   Merge Heap Roots: 0.1ms
[2020-04-21T02:42:48.026+0800][10.483s] GC(4)   Evacuate Collection Set: 6.4ms
[2020-04-21T02:42:48.026+0800][10.483s] GC(4)   Post Evacuate Collection Set: 0.9ms
[2020-04-21T02:42:48.026+0800][10.483s] GC(4)   Other: 0.2ms
[2020-04-21T02:42:48.026+0800][10.483s] GC(4) Eden regions: 127->0(296)
[2020-04-21T02:42:48.026+0800][10.483s] GC(4) Survivor regions: 11->11(18)
[2020-04-21T02:42:48.026+0800][10.483s] GC(4) Old regions: 10->16
[2020-04-21T02:42:48.026+0800][10.483s] GC(4) Archive regions: 0->0
[2020-04-21T02:42:48.026+0800][10.484s] GC(4) Humongous regions: 5->4
[2020-04-21T02:42:48.026+0800][10.484s] GC(4) Metaspace: 35190K(36048K)->35190K(36048K) NonClass: 31010K(31488K)->31010K(31488K) Class: 4180K(4560K)->4180K(4560K)
[2020-04-21T02:42:48.026+0800][10.484s] GC(4) Pause Young (Concurrent Start) (Metadata GC Threshold) 150M->29M(512M) 7.986ms
[2020-04-21T02:42:48.026+0800][10.484s] GC(4) User=0.09s Sys=0.00s Real=0.01s
[2020-04-21T02:42:48.027+0800][10.484s] GC(5) Concurrent Cycle
[2020-04-21T02:42:48.027+0800][10.484s] GC(5) Concurrent Clear Claimed Marks
[2020-04-21T02:42:48.027+0800][10.484s] GC(5) Concurrent Clear Claimed Marks 0.053ms
[2020-04-21T02:42:48.027+0800][10.484s] GC(5) Concurrent Scan Root Regions
[2020-04-21T02:42:48.030+0800][10.487s] GC(5) Concurrent Scan Root Regions 3.542ms
[2020-04-21T02:42:48.030+0800][10.487s] GC(5) Concurrent Mark (10.487s)
[2020-04-21T02:42:48.030+0800][10.487s] GC(5) Concurrent Mark From Roots
[2020-04-21T02:42:48.030+0800][10.487s] GC(5) Using 2 workers of 2 for marking
[2020-04-21T02:42:48.041+0800][10.498s] GC(5) Concurrent Mark From Roots 10.994ms
[2020-04-21T02:42:48.041+0800][10.499s] GC(5) Concurrent Preclean
[2020-04-21T02:42:48.042+0800][10.499s] GC(5) Concurrent Preclean 0.128ms
[2020-04-21T02:42:48.042+0800][10.499s] GC(5) Concurrent Mark (10.487s, 10.499s) 11.220ms
[2020-04-21T02:42:48.042+0800][10.499s] GC(5) Pause Remark
[2020-04-21T02:42:48.043+0800][10.500s] GC(5) Pause Remark 30M->30M(512M) 1.599ms
[2020-04-21T02:42:48.043+0800][10.501s] GC(5) User=0.00s Sys=0.00s Real=0.00s
[2020-04-21T02:42:48.043+0800][10.501s] GC(5) Concurrent Rebuild Remembered Sets
[2020-04-21T02:42:48.049+0800][10.506s] GC(5) Concurrent Rebuild Remembered Sets 5.423ms
[2020-04-21T02:42:48.049+0800][10.506s] GC(5) Pause Cleanup
[2020-04-21T02:42:48.049+0800][10.507s] GC(5) Pause Cleanup 30M->30M(512M) 0.128ms
[2020-04-21T02:42:48.049+0800][10.507s] GC(5) User=0.00s Sys=0.00s Real=0.00s
[2020-04-21T02:42:48.050+0800][10.507s] GC(5) Concurrent Cleanup for Next Mark
[2020-04-21T02:42:48.050+0800][10.507s] GC(5) Concurrent Cleanup for Next Mark 0.270ms
[2020-04-21T02:42:48.050+0800][10.507s] GC(5) Concurrent Cycle 23.174ms
[2020-04-21T02:42:53.042+0800][15.500s] GC(6) Pause Young (Normal) (G1 Evacuation Pause)
[2020-04-21T02:42:53.042+0800][15.500s] GC(6) Using 8 workers of 8 for evacuation
[2020-04-21T02:42:53.049+0800][15.507s] GC(6)   Pre Evacuate Collection Set: 0.1ms
[2020-04-21T02:42:53.049+0800][15.507s] GC(6)   Merge Heap Roots: 0.1ms
[2020-04-21T02:42:53.049+0800][15.507s] GC(6)   Evacuate Collection Set: 5.4ms
[2020-04-21T02:42:53.049+0800][15.507s] GC(6)   Post Evacuate Collection Set: 0.7ms
[2020-04-21T02:42:53.049+0800][15.507s] GC(6)   Other: 0.5ms
[2020-04-21T02:42:53.049+0800][15.507s] GC(6) Eden regions: 296->0(292)
[2020-04-21T02:42:53.049+0800][15.507s] GC(6) Survivor regions: 11->15(39)
[2020-04-21T02:42:53.049+0800][15.507s] GC(6) Old regions: 16->16
[2020-04-21T02:42:53.049+0800][15.507s] GC(6) Archive regions: 0->0
[2020-04-21T02:42:53.049+0800][15.507s] GC(6) Humongous regions: 4->4
[2020-04-21T02:42:53.049+0800][15.507s] GC(6) Metaspace: 41950K(42960K)->41950K(42960K) NonClass: 36996K(37632K)->36996K(37632K) Class: 4954K(5328K)->4954K(5328K)
[2020-04-21T02:42:53.049+0800][15.507s] GC(6) Pause Young (Normal) (G1 Evacuation Pause) 325M->33M(512M) 6.897ms
[2020-04-21T02:42:53.049+0800][15.507s] GC(6) User=0.00s Sys=0.00s Real=0.01s
[2020-04-21T03:28:24.939+0800][2747.396s] GC(7) Pause Young (Normal) (G1 Evacuation Pause)
[2020-04-21T03:28:24.939+0800][2747.396s] GC(7) Using 8 workers of 8 for evacuation
[2020-04-21T03:28:24.959+0800][2747.417s] GC(7)   Pre Evacuate Collection Set: 0.1ms
[2020-04-21T03:28:24.959+0800][2747.417s] GC(7)   Merge Heap Roots: 0.1ms
[2020-04-21T03:28:24.959+0800][2747.417s] GC(7)   Evacuate Collection Set: 18.3ms
[2020-04-21T03:28:24.959+0800][2747.417s] GC(7)   Post Evacuate Collection Set: 1.8ms
[2020-04-21T03:28:24.959+0800][2747.417s] GC(7)   Other: 0.3ms
[2020-04-21T03:28:24.959+0800][2747.417s] GC(7) Eden regions: 292->0(285)
[2020-04-21T03:28:24.959+0800][2747.417s] GC(7) Survivor regions: 15->22(39)
[2020-04-21T03:28:24.959+0800][2747.417s] GC(7) Old regions: 16->16
[2020-04-21T03:28:24.959+0800][2747.417s] GC(7) Archive regions: 0->0
[2020-04-21T03:28:24.959+0800][2747.417s] GC(7) Humongous regions: 7->7
[2020-04-21T03:28:24.959+0800][2747.417s] GC(7) Metaspace: 53828K(55120K)->53828K(55120K) NonClass: 47596K(48384K)->47596K(48384K) Class: 6232K(6736K)->6232K(6736K)
[2020-04-21T03:28:24.959+0800][2747.417s] GC(7) Pause Young (Normal) (G1 Evacuation Pause) 328M->44M(512M) 20.727ms
[2020-04-21T03:28:24.959+0800][2747.417s] GC(7) User=0.08s Sys=0.03s Real=0.02s
[2020-04-21T08:19:24.356+0800][20206.814s] GC(8) Pause Young (Normal) (G1 Evacuation Pause)
[2020-04-21T08:19:24.357+0800][20206.814s] GC(8) Using 8 workers of 8 for evacuation
[2020-04-21T08:19:24.410+0800][20206.867s] GC(8)   Pre Evacuate Collection Set: 1.1ms
[2020-04-21T08:19:24.410+0800][20206.867s] GC(8)   Merge Heap Roots: 0.5ms
[2020-04-21T08:19:24.410+0800][20206.867s] GC(8)   Evacuate Collection Set: 48.4ms
[2020-04-21T08:19:24.410+0800][20206.867s] GC(8)   Post Evacuate Collection Set: 2.4ms
[2020-04-21T08:19:24.410+0800][20206.867s] GC(8)   Other: 1.1ms
[2020-04-21T08:19:24.410+0800][20206.867s] GC(8) Eden regions: 285->0(289)
[2020-04-21T08:19:24.410+0800][20206.867s] GC(8) Survivor regions: 22->18(39)
[2020-04-21T08:19:24.410+0800][20206.867s] GC(8) Old regions: 16->19
[2020-04-21T08:19:24.410+0800][20206.867s] GC(8) Archive regions: 0->0
[2020-04-21T08:19:24.410+0800][20206.867s] GC(8) Humongous regions: 7->7
[2020-04-21T08:19:24.410+0800][20206.867s] GC(8) Metaspace: 54330K(55632K)->54330K(55632K) NonClass: 48098K(48896K)->48098K(48896K) Class: 6232K(6736K)->6232K(6736K)
[2020-04-21T08:19:24.410+0800][20206.867s] GC(8) Pause Young (Normal) (G1 Evacuation Pause) 329M->43M(512M) 53.529ms
[2020-04-21T08:19:24.410+0800][20206.867s] GC(8) User=0.14s Sys=0.22s Real=0.05s
[2020-04-21T14:26:43.067+0800][42245.524s] GC(9) Pause Young (Normal) (G1 Evacuation Pause)
[2020-04-21T14:26:43.067+0800][42245.525s] GC(9) Using 8 workers of 8 for evacuation
[2020-04-21T14:26:43.090+0800][42245.548s] GC(9)   Pre Evacuate Collection Set: 0.3ms
[2020-04-21T14:26:43.090+0800][42245.548s] GC(9)   Merge Heap Roots: 0.2ms
[2020-04-21T14:26:43.091+0800][42245.548s] GC(9)   Evacuate Collection Set: 20.7ms
[2020-04-21T14:26:43.091+0800][42245.548s] GC(9)   Post Evacuate Collection Set: 2.1ms
[2020-04-21T14:26:43.091+0800][42245.548s] GC(9)   Other: 0.6ms
[2020-04-21T14:26:43.091+0800][42245.548s] GC(9) Eden regions: 289->0(287)
[2020-04-21T14:26:43.091+0800][42245.548s] GC(9) Survivor regions: 18->20(39)
[2020-04-21T14:26:43.091+0800][42245.548s] GC(9) Old regions: 19->19
[2020-04-21T14:26:43.091+0800][42245.548s] GC(9) Archive regions: 0->0
[2020-04-21T14:26:43.091+0800][42245.548s] GC(9) Humongous regions: 7->7
[2020-04-21T14:26:43.091+0800][42245.548s] GC(9) Metaspace: 54708K(55888K)->54708K(55888K) NonClass: 48452K(49152K)->48452K(49152K) Class: 6256K(6736K)->6256K(6736K)
[2020-04-21T14:26:43.091+0800][42245.548s] GC(9) Pause Young (Normal) (G1 Evacuation Pause) 332M->45M(512M) 24.035ms
[2020-04-21T14:26:43.091+0800][42245.548s] GC(9) User=0.08s Sys=0.02s Real=0.02s
[2020-04-21T15:39:53.355+0800][46635.812s] Heap
[2020-04-21T15:39:53.355+0800][46635.812s]  garbage-first heap   total 524288K, used 256102K [0x00000000e0000000, 0x0000000100000000)
[2020-04-21T15:39:53.355+0800][46635.812s]   region size 1024K, 227 young (232448K), 20 survivors (20480K)
[2020-04-21T15:39:53.355+0800][46635.812s]  Metaspace       used 56789K, capacity 57929K, committed 58192K, reserved 1099776K
[2020-04-21T15:39:53.355+0800][46635.812s]   class space    used 6501K, capacity 6919K, committed 6992K, reserved 1048576K
