[2020-04-23T19:39:17.543+0800][0.033s] Heap region size: 1M
[2020-04-23T19:39:17.543+0800][0.033s] Heap address: 0x00000000e0000000, size: 512 MB, Compressed Oops mode: 32-bit
[2020-04-23T19:39:17.751+0800][0.242s] Using G1
[2020-04-23T19:39:17.770+0800][0.260s] Periodic GC disabled
[2020-04-23T19:39:20.973+0800][3.463s] GC(0) Pause Young (Normal) (G1 Evacuation Pause)
[2020-04-23T19:39:20.974+0800][3.463s] GC(0) Using 8 workers of 8 for evacuation
[2020-04-23T19:39:20.979+0800][3.469s] GC(0)   Pre Evacuate Collection Set: 0.1ms
[2020-04-23T19:39:20.979+0800][3.469s] GC(0)   Merge Heap Roots: 0.0ms
[2020-04-23T19:39:20.979+0800][3.469s] GC(0)   Evacuate Collection Set: 4.7ms
[2020-04-23T19:39:20.979+0800][3.469s] GC(0)   Post Evacuate Collection Set: 0.5ms
[2020-04-23T19:39:20.980+0800][3.469s] GC(0)   Other: 0.6ms
[2020-04-23T19:39:20.980+0800][3.469s] GC(0) Eden regions: 29->0(42)
[2020-04-23T19:39:20.980+0800][3.469s] GC(0) Survivor regions: 0->4(4)
[2020-04-23T19:39:20.980+0800][3.469s] GC(0) Old regions: 0->0
[2020-04-23T19:39:20.980+0800][3.469s] GC(0) Archive regions: 0->0
[2020-04-23T19:39:20.980+0800][3.469s] GC(0) Humongous regions: 0->0
[2020-04-23T19:39:20.980+0800][3.469s] GC(0) Metaspace: 8132K(8576K)->8132K(8576K) NonClass: 7170K(7424K)->7170K(7424K) Class: 962K(1152K)->962K(1152K)
[2020-04-23T19:39:20.980+0800][3.470s] GC(0) Pause Young (Normal) (G1 Evacuation Pause) 29M->3M(512M) 6.572ms
[2020-04-23T19:39:20.980+0800][3.470s] GC(0) User=0.00s Sys=0.00s Real=0.01s
[2020-04-23T19:39:22.426+0800][4.916s] GC(1) Pause Young (Normal) (G1 Evacuation Pause)
[2020-04-23T19:39:22.426+0800][4.916s] GC(1) Using 8 workers of 8 for evacuation
[2020-04-23T19:39:22.434+0800][4.924s] GC(1)   Pre Evacuate Collection Set: 0.0ms
[2020-04-23T19:39:22.434+0800][4.924s] GC(1)   Merge Heap Roots: 0.0ms
[2020-04-23T19:39:22.434+0800][4.924s] GC(1)   Evacuate Collection Set: 7.4ms
[2020-04-23T19:39:22.434+0800][4.924s] GC(1)   Post Evacuate Collection Set: 0.5ms
[2020-04-23T19:39:22.434+0800][4.924s] GC(1)   Other: 0.1ms
[2020-04-23T19:39:22.434+0800][4.924s] GC(1) Eden regions: 42->0(114)
[2020-04-23T19:39:22.434+0800][4.924s] GC(1) Survivor regions: 4->6(6)
[2020-04-23T19:39:22.434+0800][4.924s] GC(1) Old regions: 0->10
[2020-04-23T19:39:22.434+0800][4.924s] GC(1) Archive regions: 0->0
[2020-04-23T19:39:22.434+0800][4.924s] GC(1) Humongous regions: 4->4
[2020-04-23T19:39:22.434+0800][4.924s] GC(1) Metaspace: 14994K(15616K)->14994K(15616K) NonClass: 13228K(13568K)->13228K(13568K) Class: 1766K(2048K)->1766K(2048K)
[2020-04-23T19:39:22.434+0800][4.924s] GC(1) Pause Young (Normal) (G1 Evacuation Pause) 49M->19M(512M) 8.232ms
[2020-04-23T19:39:22.434+0800][4.924s] GC(1) User=0.00s Sys=0.00s Real=0.01s
[2020-04-23T19:39:24.072+0800][6.563s] GC(2) Pause Young (Concurrent Start) (Metadata GC Threshold)
[2020-04-23T19:39:24.072+0800][6.563s] GC(2) Using 8 workers of 8 for evacuation
[2020-04-23T19:39:24.077+0800][6.567s] GC(2)   Pre Evacuate Collection Set: 0.2ms
[2020-04-23T19:39:24.077+0800][6.567s] GC(2)   Merge Heap Roots: 0.1ms
[2020-04-23T19:39:24.077+0800][6.567s] GC(2)   Evacuate Collection Set: 3.5ms
[2020-04-23T19:39:24.077+0800][6.567s] GC(2)   Post Evacuate Collection Set: 0.7ms
[2020-04-23T19:39:24.077+0800][6.567s] GC(2)   Other: 0.2ms
[2020-04-23T19:39:24.077+0800][6.567s] GC(2) Eden regions: 70->0(133)
[2020-04-23T19:39:24.077+0800][6.567s] GC(2) Survivor regions: 6->11(15)
[2020-04-23T19:39:24.077+0800][6.567s] GC(2) Old regions: 10->10
[2020-04-23T19:39:24.077+0800][6.567s] GC(2) Archive regions: 0->0
[2020-04-23T19:39:24.077+0800][6.567s] GC(2) Humongous regions: 4->4
[2020-04-23T19:39:24.077+0800][6.567s] GC(2) Metaspace: 20675K(21248K)->20675K(21248K) NonClass: 18320K(18688K)->18320K(18688K) Class: 2354K(2560K)->2354K(2560K)
[2020-04-23T19:39:24.077+0800][6.567s] GC(2) Pause Young (Concurrent Start) (Metadata GC Threshold) 88M->23M(512M) 4.737ms
[2020-04-23T19:39:24.077+0800][6.567s] GC(2) User=0.03s Sys=0.00s Real=0.00s
[2020-04-23T19:39:24.077+0800][6.567s] GC(3) Concurrent Cycle
[2020-04-23T19:39:24.077+0800][6.567s] GC(3) Concurrent Clear Claimed Marks
[2020-04-23T19:39:24.077+0800][6.568s] GC(3) Concurrent Clear Claimed Marks 0.034ms
[2020-04-23T19:39:24.077+0800][6.568s] GC(3) Concurrent Scan Root Regions
[2020-04-23T19:39:24.080+0800][6.570s] GC(3) Concurrent Scan Root Regions 2.647ms
[2020-04-23T19:39:24.080+0800][6.570s] GC(3) Concurrent Mark (6.570s)
[2020-04-23T19:39:24.080+0800][6.570s] GC(3) Concurrent Mark From Roots
[2020-04-23T19:39:24.080+0800][6.570s] GC(3) Using 2 workers of 2 for marking
[2020-04-23T19:39:24.090+0800][6.581s] GC(3) Concurrent Mark From Roots 10.490ms
[2020-04-23T19:39:24.090+0800][6.581s] GC(3) Concurrent Preclean
[2020-04-23T19:39:24.090+0800][6.581s] GC(3) Concurrent Preclean 0.143ms
[2020-04-23T19:39:24.091+0800][6.581s] GC(3) Concurrent Mark (6.570s, 6.581s) 10.694ms
[2020-04-23T19:39:24.091+0800][6.581s] GC(3) Pause Remark
[2020-04-23T19:39:24.092+0800][6.582s] GC(3) Pause Remark 24M->24M(512M) 1.271ms
[2020-04-23T19:39:24.092+0800][6.582s] GC(3) User=0.00s Sys=0.00s Real=0.00s
[2020-04-23T19:39:24.092+0800][6.582s] GC(3) Concurrent Rebuild Remembered Sets
[2020-04-23T19:39:24.097+0800][6.587s] GC(3) Concurrent Rebuild Remembered Sets 4.775ms
[2020-04-23T19:39:24.097+0800][6.587s] GC(3) Pause Cleanup
[2020-04-23T19:39:24.097+0800][6.588s] GC(3) Pause Cleanup 25M->25M(512M) 0.144ms
[2020-04-23T19:39:24.097+0800][6.588s] GC(3) User=0.00s Sys=0.00s Real=0.00s
[2020-04-23T19:39:24.097+0800][6.588s] GC(3) Concurrent Cleanup for Next Mark
[2020-04-23T19:39:24.098+0800][6.588s] GC(3) Concurrent Cleanup for Next Mark 0.275ms
[2020-04-23T19:39:24.098+0800][6.588s] GC(3) Concurrent Cycle 20.635ms
[2020-04-23T19:39:26.217+0800][8.707s] GC(4) Pause Young (Normal) (G1 Evacuation Pause)
[2020-04-23T19:39:26.217+0800][8.707s] GC(4) Using 8 workers of 8 for evacuation
[2020-04-23T19:39:26.224+0800][8.714s] GC(4)   Pre Evacuate Collection Set: 0.0ms
[2020-04-23T19:39:26.224+0800][8.714s] GC(4)   Merge Heap Roots: 0.0ms
[2020-04-23T19:39:26.224+0800][8.714s] GC(4)   Evacuate Collection Set: 5.9ms
[2020-04-23T19:39:26.224+0800][8.714s] GC(4)   Post Evacuate Collection Set: 0.7ms
[2020-04-23T19:39:26.224+0800][8.714s] GC(4)   Other: 0.1ms
[2020-04-23T19:39:26.224+0800][8.714s] GC(4) Eden regions: 147->0(290)
[2020-04-23T19:39:26.224+0800][8.714s] GC(4) Survivor regions: 11->17(20)
[2020-04-23T19:39:26.224+0800][8.714s] GC(4) Old regions: 10->10
[2020-04-23T19:39:26.224+0800][8.714s] GC(4) Archive regions: 0->0
[2020-04-23T19:39:26.224+0800][8.714s] GC(4) Humongous regions: 5->4
[2020-04-23T19:39:26.224+0800][8.714s] GC(4) Metaspace: 34527K(35452K)->34527K(35452K) NonClass: 30485K(30976K)->30485K(30976K) Class: 4041K(4476K)->4041K(4476K)
[2020-04-23T19:39:26.224+0800][8.714s] GC(4) Pause Young (Normal) (G1 Evacuation Pause) 171M->29M(512M) 6.993ms
[2020-04-23T19:39:26.224+0800][8.714s] GC(4) User=0.08s Sys=0.00s Real=0.01s
[2020-04-23T19:39:26.294+0800][8.785s] GC(5) Pause Young (Concurrent Start) (Metadata GC Threshold)
[2020-04-23T19:39:26.294+0800][8.785s] GC(5) Using 8 workers of 8 for evacuation
[2020-04-23T19:39:26.301+0800][8.791s] GC(5)   Pre Evacuate Collection Set: 0.1ms
[2020-04-23T19:39:26.301+0800][8.791s] GC(5)   Merge Heap Roots: 0.1ms
[2020-04-23T19:39:26.301+0800][8.791s] GC(5)   Evacuate Collection Set: 5.6ms
[2020-04-23T19:39:26.301+0800][8.791s] GC(5)   Post Evacuate Collection Set: 0.7ms
[2020-04-23T19:39:26.301+0800][8.791s] GC(5)   Other: 0.2ms
[2020-04-23T19:39:26.301+0800][8.791s] GC(5) Eden regions: 10->0(290)
[2020-04-23T19:39:26.301+0800][8.791s] GC(5) Survivor regions: 17->17(39)
[2020-04-23T19:39:26.301+0800][8.791s] GC(5) Old regions: 10->10
[2020-04-23T19:39:26.301+0800][8.792s] GC(5) Archive regions: 0->0
[2020-04-23T19:39:26.301+0800][8.792s] GC(5) Humongous regions: 4->4
[2020-04-23T19:39:26.301+0800][8.792s] GC(5) Metaspace: 35138K(35964K)->35138K(35964K) NonClass: 31025K(31488K)->31025K(31488K) Class: 4113K(4476K)->4113K(4476K)
[2020-04-23T19:39:26.301+0800][8.792s] GC(5) Pause Young (Concurrent Start) (Metadata GC Threshold) 39M->29M(512M) 6.805ms
[2020-04-23T19:39:26.301+0800][8.792s] GC(5) User=0.13s Sys=0.00s Real=0.01s
[2020-04-23T19:39:26.301+0800][8.792s] GC(6) Concurrent Cycle
[2020-04-23T19:39:26.301+0800][8.792s] GC(6) Concurrent Clear Claimed Marks
[2020-04-23T19:39:26.301+0800][8.792s] GC(6) Concurrent Clear Claimed Marks 0.043ms
[2020-04-23T19:39:26.301+0800][8.792s] GC(6) Concurrent Scan Root Regions
[2020-04-23T19:39:26.307+0800][8.797s] GC(6) Concurrent Scan Root Regions 5.476ms
[2020-04-23T19:39:26.307+0800][8.797s] GC(6) Concurrent Mark (8.797s)
[2020-04-23T19:39:26.307+0800][8.797s] GC(6) Concurrent Mark From Roots
[2020-04-23T19:39:26.307+0800][8.797s] GC(6) Using 2 workers of 2 for marking
[2020-04-23T19:39:26.323+0800][8.813s] GC(6) Concurrent Mark From Roots 15.603ms
[2020-04-23T19:39:26.323+0800][8.813s] GC(6) Concurrent Preclean
[2020-04-23T19:39:26.323+0800][8.813s] GC(6) Concurrent Preclean 0.246ms
[2020-04-23T19:39:26.323+0800][8.813s] GC(6) Concurrent Mark (8.797s, 8.813s) 15.966ms
[2020-04-23T19:39:26.323+0800][8.814s] GC(6) Pause Remark
[2020-04-23T19:39:26.325+0800][8.815s] GC(6) Pause Remark 31M->31M(512M) 1.710ms
[2020-04-23T19:39:26.325+0800][8.815s] GC(6) User=0.00s Sys=0.00s Real=0.00s
[2020-04-23T19:39:26.325+0800][8.815s] GC(6) Concurrent Rebuild Remembered Sets
[2020-04-23T19:39:26.332+0800][8.823s] GC(6) Concurrent Rebuild Remembered Sets 7.183ms
[2020-04-23T19:39:26.332+0800][8.823s] GC(6) Pause Cleanup
[2020-04-23T19:39:26.333+0800][8.823s] GC(6) Pause Cleanup 32M->32M(512M) 0.128ms
[2020-04-23T19:39:26.333+0800][8.823s] GC(6) User=0.00s Sys=0.00s Real=0.00s
[2020-04-23T19:39:26.333+0800][8.823s] GC(6) Concurrent Cleanup for Next Mark
[2020-04-23T19:39:26.333+0800][8.824s] GC(6) Concurrent Cleanup for Next Mark 0.571ms
[2020-04-23T19:39:26.333+0800][8.824s] GC(6) Concurrent Cycle 32.028ms
[2020-04-23T19:39:28.188+0800][10.679s] GC(7) Pause Young (Normal) (G1 Evacuation Pause)
[2020-04-23T19:39:28.189+0800][10.679s] GC(7) Using 8 workers of 8 for evacuation
[2020-04-23T19:39:28.197+0800][10.687s] GC(7)   Pre Evacuate Collection Set: 0.1ms
[2020-04-23T19:39:28.197+0800][10.687s] GC(7)   Merge Heap Roots: 0.1ms
[2020-04-23T19:39:28.197+0800][10.687s] GC(7)   Evacuate Collection Set: 7.1ms
[2020-04-23T19:39:28.197+0800][10.687s] GC(7)   Post Evacuate Collection Set: 0.7ms
[2020-04-23T19:39:28.197+0800][10.687s] GC(7)   Other: 0.3ms
[2020-04-23T19:39:28.197+0800][10.687s] GC(7) Eden regions: 290->0(286)
[2020-04-23T19:39:28.197+0800][10.687s] GC(7) Survivor regions: 17->21(39)
[2020-04-23T19:39:28.197+0800][10.687s] GC(7) Old regions: 10->10
[2020-04-23T19:39:28.197+0800][10.687s] GC(7) Archive regions: 0->0
[2020-04-23T19:39:28.197+0800][10.687s] GC(7) Humongous regions: 4->4
[2020-04-23T19:39:28.197+0800][10.687s] GC(7) Metaspace: 43257K(44412K)->43257K(44412K) NonClass: 38090K(38912K)->38090K(38912K) Class: 5166K(5500K)->5166K(5500K)
[2020-04-23T19:39:28.197+0800][10.687s] GC(7) Pause Young (Normal) (G1 Evacuation Pause) 319M->33M(512M) 8.431ms
[2020-04-23T19:39:28.197+0800][10.687s] GC(7) User=0.00s Sys=0.00s Real=0.01s
[2020-04-23T22:22:04.982+0800][9767.472s] GC(8) Pause Young (Normal) (G1 Evacuation Pause)
[2020-04-23T22:22:04.983+0800][9767.473s] GC(8) Using 8 workers of 8 for evacuation
[2020-04-23T22:22:05.013+0800][9767.503s] GC(8)   Pre Evacuate Collection Set: 0.3ms
[2020-04-23T22:22:05.013+0800][9767.503s] GC(8)   Merge Heap Roots: 0.1ms
[2020-04-23T22:22:05.013+0800][9767.503s] GC(8)   Evacuate Collection Set: 28.3ms
[2020-04-23T22:22:05.013+0800][9767.503s] GC(8)   Post Evacuate Collection Set: 1.5ms
[2020-04-23T22:22:05.013+0800][9767.503s] GC(8)   Other: 0.5ms
[2020-04-23T22:22:05.013+0800][9767.503s] GC(8) Eden regions: 286->0(278)
[2020-04-23T22:22:05.013+0800][9767.503s] GC(8) Survivor regions: 21->29(39)
[2020-04-23T22:22:05.013+0800][9767.503s] GC(8) Old regions: 10->10
[2020-04-23T22:22:05.013+0800][9767.503s] GC(8) Archive regions: 0->0
[2020-04-23T22:22:05.013+0800][9767.503s] GC(8) Humongous regions: 8->7
[2020-04-23T22:22:05.013+0800][9767.503s] GC(8) Metaspace: 53072K(54396K)->53072K(54396K) NonClass: 46785K(47616K)->46785K(47616K) Class: 6287K(6780K)->6287K(6780K)
[2020-04-23T22:22:05.013+0800][9767.503s] GC(8) Pause Young (Normal) (G1 Evacuation Pause) 323M->44M(512M) 30.887ms
[2020-04-23T22:22:05.013+0800][9767.503s] GC(8) User=0.06s Sys=0.17s Real=0.03s
