[2020-04-01T20:05:35.110+0800][0.014s] Heap region size: 1M
[2020-04-01T20:05:35.110+0800][0.014s] Heap address: 0x00000000e0000000, size: 512 MB, Compressed Oops mode: 32-bit
[2020-04-01T20:05:35.247+0800][0.151s] Using G1
[2020-04-01T20:05:35.261+0800][0.167s] Periodic GC disabled
[2020-04-01T20:05:35.890+0800][0.795s] GC(0) Pause Young (Normal) (G1 Evacuation Pause)
[2020-04-01T20:05:35.891+0800][0.796s] GC(0) Using 8 workers of 8 for evacuation
[2020-04-01T20:05:35.893+0800][0.798s] GC(0)   Pre Evacuate Collection Set: 0.0ms
[2020-04-01T20:05:35.893+0800][0.798s] GC(0)   Merge Heap Roots: 0.0ms
[2020-04-01T20:05:35.894+0800][0.798s] GC(0)   Evacuate Collection Set: 2.2ms
[2020-04-01T20:05:35.894+0800][0.798s] GC(0)   Post Evacuate Collection Set: 0.3ms
[2020-04-01T20:05:35.894+0800][0.799s] GC(0)   Other: 0.6ms
[2020-04-01T20:05:35.894+0800][0.799s] GC(0) Eden regions: 29->0(42)
[2020-04-01T20:05:35.894+0800][0.799s] GC(0) Survivor regions: 0->4(4)
[2020-04-01T20:05:35.894+0800][0.799s] GC(0) Old regions: 0->0
[2020-04-01T20:05:35.894+0800][0.799s] GC(0) Archive regions: 0->0
[2020-04-01T20:05:35.894+0800][0.799s] GC(0) Humongous regions: 0->0
[2020-04-01T20:05:35.894+0800][0.799s] GC(0) Metaspace: 8099K(8576K)->8099K(8576K) NonClass: 7138K(7424K)->7138K(7424K) Class: 960K(1152K)->960K(1152K)
[2020-04-01T20:05:35.894+0800][0.799s] GC(0) Pause Young (Normal) (G1 Evacuation Pause) 29M->3M(512M) 3.726ms
[2020-04-01T20:05:35.894+0800][0.799s] GC(0) User=0.00s Sys=0.00s Real=0.00s
[2020-04-01T20:05:36.525+0800][1.429s] GC(1) Pause Young (Normal) (G1 Evacuation Pause)
[2020-04-01T20:05:36.525+0800][1.430s] GC(1) Using 8 workers of 8 for evacuation
[2020-04-01T20:05:36.533+0800][1.438s] GC(1)   Pre Evacuate Collection Set: 0.1ms
[2020-04-01T20:05:36.533+0800][1.438s] GC(1)   Merge Heap Roots: 0.0ms
[2020-04-01T20:05:36.533+0800][1.438s] GC(1)   Evacuate Collection Set: 7.4ms
[2020-04-01T20:05:36.533+0800][1.438s] GC(1)   Post Evacuate Collection Set: 0.5ms
[2020-04-01T20:05:36.533+0800][1.438s] GC(1)   Other: 0.1ms
[2020-04-01T20:05:36.533+0800][1.438s] GC(1) Eden regions: 42->0(114)
[2020-04-01T20:05:36.533+0800][1.438s] GC(1) Survivor regions: 4->6(6)
[2020-04-01T20:05:36.534+0800][1.438s] GC(1) Old regions: 0->10
[2020-04-01T20:05:36.534+0800][1.438s] GC(1) Archive regions: 0->0
[2020-04-01T20:05:36.534+0800][1.438s] GC(1) Humongous regions: 4->4
[2020-04-01T20:05:36.534+0800][1.438s] GC(1) Metaspace: 14968K(15616K)->14968K(15616K) NonClass: 13201K(13568K)->13201K(13568K) Class: 1766K(2048K)->1766K(2048K)
[2020-04-01T20:05:36.534+0800][1.438s] GC(1) Pause Young (Normal) (G1 Evacuation Pause) 49M->19M(512M) 8.336ms
[2020-04-01T20:05:36.534+0800][1.438s] GC(1) User=0.00s Sys=0.00s Real=0.01s
[2020-04-01T20:05:37.359+0800][2.263s] GC(2) Pause Young (Concurrent Start) (Metadata GC Threshold)
[2020-04-01T20:05:37.359+0800][2.263s] GC(2) Using 8 workers of 8 for evacuation
[2020-04-01T20:05:37.362+0800][2.267s] GC(2)   Pre Evacuate Collection Set: 0.1ms
[2020-04-01T20:05:37.362+0800][2.267s] GC(2)   Merge Heap Roots: 0.0ms
[2020-04-01T20:05:37.363+0800][2.267s] GC(2)   Evacuate Collection Set: 2.9ms
[2020-04-01T20:05:37.363+0800][2.267s] GC(2)   Post Evacuate Collection Set: 0.4ms
[2020-04-01T20:05:37.363+0800][2.267s] GC(2)   Other: 0.2ms
[2020-04-01T20:05:37.363+0800][2.267s] GC(2) Eden regions: 63->0(140)
[2020-04-01T20:05:37.363+0800][2.267s] GC(2) Survivor regions: 6->10(15)
[2020-04-01T20:05:37.363+0800][2.267s] GC(2) Old regions: 10->10
[2020-04-01T20:05:37.363+0800][2.267s] GC(2) Archive regions: 0->0
[2020-04-01T20:05:37.363+0800][2.267s] GC(2) Humongous regions: 4->4
[2020-04-01T20:05:37.363+0800][2.267s] GC(2) Metaspace: 20650K(21248K)->20650K(21248K) NonClass: 18295K(18688K)->18295K(18688K) Class: 2354K(2560K)->2354K(2560K)
[2020-04-01T20:05:37.363+0800][2.267s] GC(2) Pause Young (Concurrent Start) (Metadata GC Threshold) 81M->22M(512M) 3.729ms
[2020-04-01T20:05:37.363+0800][2.267s] GC(2) User=0.00s Sys=0.00s Real=0.00s
[2020-04-01T20:05:37.363+0800][2.267s] GC(3) Concurrent Cycle
[2020-04-01T20:05:37.363+0800][2.267s] GC(3) Concurrent Clear Claimed Marks
[2020-04-01T20:05:37.363+0800][2.267s] GC(3) Concurrent Clear Claimed Marks 0.044ms
[2020-04-01T20:05:37.363+0800][2.267s] GC(3) Concurrent Scan Root Regions
[2020-04-01T20:05:37.365+0800][2.270s] GC(3) Concurrent Scan Root Regions 2.353ms
[2020-04-01T20:05:37.365+0800][2.270s] GC(3) Concurrent Mark (2.270s)
[2020-04-01T20:05:37.365+0800][2.270s] GC(3) Concurrent Mark From Roots
[2020-04-01T20:05:37.365+0800][2.270s] GC(3) Using 2 workers of 2 for marking
[2020-04-01T20:05:37.377+0800][2.282s] GC(3) Concurrent Mark From Roots 12.126ms
[2020-04-01T20:05:37.377+0800][2.282s] GC(3) Concurrent Preclean
[2020-04-01T20:05:37.378+0800][2.282s] GC(3) Concurrent Preclean 0.096ms
[2020-04-01T20:05:37.378+0800][2.282s] GC(3) Concurrent Mark (2.270s, 2.282s) 12.308ms
[2020-04-01T20:05:37.378+0800][2.282s] GC(3) Pause Remark
[2020-04-01T20:05:37.379+0800][2.284s] GC(3) Pause Remark 24M->24M(512M) 1.617ms
[2020-04-01T20:05:37.379+0800][2.284s] GC(3) User=0.00s Sys=0.00s Real=0.00s
[2020-04-01T20:05:37.379+0800][2.284s] GC(3) Concurrent Rebuild Remembered Sets
[2020-04-01T20:05:37.385+0800][2.290s] GC(3) Concurrent Rebuild Remembered Sets 5.976ms
[2020-04-01T20:05:37.388+0800][2.292s] GC(3) Pause Cleanup
[2020-04-01T20:05:37.388+0800][2.292s] GC(3) Pause Cleanup 25M->25M(512M) 0.095ms
[2020-04-01T20:05:37.388+0800][2.292s] GC(3) User=0.00s Sys=0.00s Real=0.00s
[2020-04-01T20:05:37.388+0800][2.292s] GC(3) Concurrent Cleanup for Next Mark
[2020-04-01T20:05:37.388+0800][2.293s] GC(3) Concurrent Cleanup for Next Mark 0.332ms
[2020-04-01T20:05:37.388+0800][2.293s] GC(3) Concurrent Cycle 25.418ms
[2020-04-01T20:05:44.900+0800][0.020s] Heap region size: 1M
[2020-04-01T20:05:44.900+0800][0.020s] Heap address: 0x00000000e0000000, size: 512 MB, Compressed Oops mode: 32-bit
[2020-04-01T20:05:45.033+0800][0.153s] Using G1
[2020-04-01T20:05:45.052+0800][0.172s] Periodic GC disabled
[2020-04-01T20:05:45.789+0800][0.909s] GC(0) Pause Young (Normal) (G1 Evacuation Pause)
[2020-04-01T20:05:45.789+0800][0.909s] GC(0) Using 8 workers of 8 for evacuation
[2020-04-01T20:05:45.792+0800][0.912s] GC(0)   Pre Evacuate Collection Set: 0.0ms
[2020-04-01T20:05:45.792+0800][0.912s] GC(0)   Merge Heap Roots: 0.0ms
[2020-04-01T20:05:45.792+0800][0.912s] GC(0)   Evacuate Collection Set: 2.3ms
[2020-04-01T20:05:45.792+0800][0.912s] GC(0)   Post Evacuate Collection Set: 0.3ms
[2020-04-01T20:05:45.792+0800][0.912s] GC(0)   Other: 0.6ms
[2020-04-01T20:05:45.792+0800][0.912s] GC(0) Eden regions: 29->0(42)
[2020-04-01T20:05:45.792+0800][0.912s] GC(0) Survivor regions: 0->4(4)
[2020-04-01T20:05:45.792+0800][0.912s] GC(0) Old regions: 0->0
[2020-04-01T20:05:45.792+0800][0.912s] GC(0) Archive regions: 0->0
[2020-04-01T20:05:45.792+0800][0.912s] GC(0) Humongous regions: 0->0
[2020-04-01T20:05:45.792+0800][0.912s] GC(0) Metaspace: 8112K(8576K)->8112K(8576K) NonClass: 7150K(7424K)->7150K(7424K) Class: 962K(1152K)->962K(1152K)
[2020-04-01T20:05:45.792+0800][0.912s] GC(0) Pause Young (Normal) (G1 Evacuation Pause) 29M->3M(512M) 3.454ms
[2020-04-01T20:05:45.792+0800][0.912s] GC(0) User=0.11s Sys=0.00s Real=0.00s
[2020-04-01T20:05:46.475+0800][1.596s] GC(1) Pause Young (Normal) (G1 Evacuation Pause)
[2020-04-01T20:05:46.475+0800][1.596s] GC(1) Using 8 workers of 8 for evacuation
[2020-04-01T20:05:46.483+0800][1.603s] GC(1)   Pre Evacuate Collection Set: 0.0ms
[2020-04-01T20:05:46.483+0800][1.603s] GC(1)   Merge Heap Roots: 0.0ms
[2020-04-01T20:05:46.483+0800][1.603s] GC(1)   Evacuate Collection Set: 7.2ms
[2020-04-01T20:05:46.483+0800][1.604s] GC(1)   Post Evacuate Collection Set: 0.4ms
[2020-04-01T20:05:46.483+0800][1.604s] GC(1)   Other: 0.2ms
[2020-04-01T20:05:46.483+0800][1.604s] GC(1) Eden regions: 42->0(120)
[2020-04-01T20:05:46.483+0800][1.604s] GC(1) Survivor regions: 4->6(6)
[2020-04-01T20:05:46.483+0800][1.604s] GC(1) Old regions: 0->9
[2020-04-01T20:05:46.483+0800][1.604s] GC(1) Archive regions: 0->0
[2020-04-01T20:05:46.483+0800][1.604s] GC(1) Humongous regions: 4->4
[2020-04-01T20:05:46.483+0800][1.604s] GC(1) Metaspace: 15031K(15616K)->15031K(15616K) NonClass: 13260K(13568K)->13260K(13568K) Class: 1770K(2048K)->1770K(2048K)
[2020-04-01T20:05:46.483+0800][1.604s] GC(1) Pause Young (Normal) (G1 Evacuation Pause) 49M->18M(512M) 8.148ms
[2020-04-01T20:05:46.483+0800][1.604s] GC(1) User=0.13s Sys=0.00s Real=0.01s
[2020-04-01T20:05:47.651+0800][2.771s] GC(2) Pause Young (Concurrent Start) (Metadata GC Threshold)
[2020-04-01T20:05:47.651+0800][2.771s] GC(2) Using 8 workers of 8 for evacuation
[2020-04-01T20:05:47.655+0800][2.775s] GC(2)   Pre Evacuate Collection Set: 0.1ms
[2020-04-01T20:05:47.655+0800][2.775s] GC(2)   Merge Heap Roots: 0.0ms
[2020-04-01T20:05:47.655+0800][2.775s] GC(2)   Evacuate Collection Set: 3.4ms
[2020-04-01T20:05:47.655+0800][2.775s] GC(2)   Post Evacuate Collection Set: 0.5ms
[2020-04-01T20:05:47.655+0800][2.775s] GC(2)   Other: 0.2ms
[2020-04-01T20:05:47.655+0800][2.775s] GC(2) Eden regions: 70->0(119)
[2020-04-01T20:05:47.655+0800][2.775s] GC(2) Survivor regions: 6->10(16)
[2020-04-01T20:05:47.655+0800][2.775s] GC(2) Old regions: 9->9
[2020-04-01T20:05:47.655+0800][2.775s] GC(2) Archive regions: 0->0
[2020-04-01T20:05:47.655+0800][2.775s] GC(2) Humongous regions: 4->4
[2020-04-01T20:05:47.655+0800][2.775s] GC(2) Metaspace: 20639K(21248K)->20639K(21248K) NonClass: 18289K(18688K)->18289K(18688K) Class: 2350K(2560K)->2350K(2560K)
[2020-04-01T20:05:47.655+0800][2.775s] GC(2) Pause Young (Concurrent Start) (Metadata GC Threshold) 88M->22M(512M) 4.444ms
[2020-04-01T20:05:47.655+0800][2.775s] GC(2) User=0.00s Sys=0.00s Real=0.00s
[2020-04-01T20:05:47.655+0800][2.775s] GC(3) Concurrent Cycle
[2020-04-01T20:05:47.655+0800][2.775s] GC(3) Concurrent Clear Claimed Marks
[2020-04-01T20:05:47.655+0800][2.776s] GC(3) Concurrent Clear Claimed Marks 0.033ms
[2020-04-01T20:05:47.655+0800][2.776s] GC(3) Concurrent Scan Root Regions
[2020-04-01T20:05:47.658+0800][2.778s] GC(3) Concurrent Scan Root Regions 2.326ms
[2020-04-01T20:05:47.658+0800][2.778s] GC(3) Concurrent Mark (2.778s)
[2020-04-01T20:05:47.658+0800][2.778s] GC(3) Concurrent Mark From Roots
[2020-04-01T20:05:47.658+0800][2.778s] GC(3) Using 2 workers of 2 for marking
[2020-04-01T20:05:47.673+0800][2.793s] GC(3) Concurrent Mark From Roots 14.890ms
[2020-04-01T20:05:47.673+0800][2.793s] GC(3) Concurrent Preclean
[2020-04-01T20:05:47.673+0800][2.793s] GC(3) Concurrent Preclean 0.123ms
[2020-04-01T20:05:47.673+0800][2.793s] GC(3) Concurrent Mark (2.778s, 2.793s) 15.110ms
[2020-04-01T20:05:47.673+0800][2.793s] GC(3) Pause Remark
[2020-04-01T20:05:47.674+0800][2.794s] GC(3) Pause Remark 24M->24M(512M) 0.947ms
[2020-04-01T20:05:47.674+0800][2.794s] GC(3) User=0.00s Sys=0.00s Real=0.00s
[2020-04-01T20:05:47.674+0800][2.794s] GC(3) Concurrent Rebuild Remembered Sets
[2020-04-01T20:05:47.680+0800][2.801s] GC(3) Concurrent Rebuild Remembered Sets 6.539ms
[2020-04-01T20:05:47.683+0800][2.803s] GC(3) Pause Cleanup
[2020-04-01T20:05:47.683+0800][2.803s] GC(3) Pause Cleanup 25M->25M(512M) 0.119ms
[2020-04-01T20:05:47.683+0800][2.803s] GC(3) User=0.00s Sys=0.00s Real=0.00s
[2020-04-01T20:05:47.683+0800][2.803s] GC(3) Concurrent Cleanup for Next Mark
[2020-04-01T20:05:47.683+0800][2.804s] GC(3) Concurrent Cleanup for Next Mark 0.452ms
[2020-04-01T20:05:47.683+0800][2.804s] GC(3) Concurrent Cycle 28.270ms
[2020-04-01T20:06:21.038+0800][45.942s] GC(4) Pause Young (Normal) (G1 Evacuation Pause)
[2020-04-01T20:06:21.038+0800][45.942s] GC(4) Using 8 workers of 8 for evacuation
[2020-04-01T20:06:21.046+0800][45.950s] GC(4)   Pre Evacuate Collection Set: 1.1ms
[2020-04-01T20:06:21.046+0800][45.950s] GC(4)   Merge Heap Roots: 0.0ms
[2020-04-01T20:06:21.046+0800][45.950s] GC(4)   Evacuate Collection Set: 6.2ms
[2020-04-01T20:06:21.046+0800][45.950s] GC(4)   Post Evacuate Collection Set: 1.2ms
[2020-04-01T20:06:21.046+0800][45.951s] GC(4)   Other: 0.2ms
[2020-04-01T20:06:21.046+0800][45.951s] GC(4) Eden regions: 156->0(290)
[2020-04-01T20:06:21.046+0800][45.951s] GC(4) Survivor regions: 10->17(21)
[2020-04-01T20:06:21.046+0800][45.951s] GC(4) Old regions: 10->10
[2020-04-01T20:06:21.046+0800][45.951s] GC(4) Archive regions: 0->0
[2020-04-01T20:06:21.046+0800][45.951s] GC(4) Humongous regions: 4->4
[2020-04-01T20:06:21.046+0800][45.951s] GC(4) Metaspace: 34791K(35836K)->34791K(35836K) NonClass: 30756K(31488K)->30756K(31488K) Class: 4035K(4348K)->4035K(4348K)
[2020-04-01T20:06:21.046+0800][45.951s] GC(4) Pause Young (Normal) (G1 Evacuation Pause) 178M->29M(512M) 8.854ms
[2020-04-01T20:06:21.046+0800][45.951s] GC(4) User=0.11s Sys=0.00s Real=0.01s
[2020-04-01T20:06:21.078+0800][45.983s] GC(5) Pause Young (Concurrent Start) (Metadata GC Threshold)
[2020-04-01T20:06:21.078+0800][45.983s] GC(5) Using 8 workers of 8 for evacuation
[2020-04-01T20:06:21.085+0800][45.990s] GC(5)   Pre Evacuate Collection Set: 0.1ms
[2020-04-01T20:06:21.085+0800][45.990s] GC(5)   Merge Heap Roots: 0.0ms
[2020-04-01T20:06:21.085+0800][45.990s] GC(5)   Evacuate Collection Set: 6.1ms
[2020-04-01T20:06:21.085+0800][45.990s] GC(5)   Post Evacuate Collection Set: 0.5ms
[2020-04-01T20:06:21.085+0800][45.990s] GC(5)   Other: 0.2ms
[2020-04-01T20:06:21.085+0800][45.990s] GC(5) Eden regions: 18->0(290)
[2020-04-01T20:06:21.085+0800][45.990s] GC(5) Survivor regions: 17->17(39)
[2020-04-01T20:06:21.085+0800][45.990s] GC(5) Old regions: 10->10
[2020-04-01T20:06:21.085+0800][45.990s] GC(5) Archive regions: 0->0
[2020-04-01T20:06:21.085+0800][45.990s] GC(5) Humongous regions: 4->4
[2020-04-01T20:06:21.085+0800][45.990s] GC(5) Metaspace: 35063K(35964K)->35063K(35964K) NonClass: 30989K(31488K)->30989K(31488K) Class: 4074K(4476K)->4074K(4476K)
[2020-04-01T20:06:21.085+0800][45.990s] GC(5) Pause Young (Concurrent Start) (Metadata GC Threshold) 47M->29M(512M) 7.152ms
[2020-04-01T20:06:21.085+0800][45.990s] GC(5) User=0.00s Sys=0.00s Real=0.01s
[2020-04-01T20:06:21.085+0800][45.990s] GC(6) Concurrent Cycle
[2020-04-01T20:06:21.085+0800][45.990s] GC(6) Concurrent Clear Claimed Marks
[2020-04-01T20:06:21.085+0800][45.990s] GC(6) Concurrent Clear Claimed Marks 0.046ms
[2020-04-01T20:06:21.085+0800][45.990s] GC(6) Concurrent Scan Root Regions
[2020-04-01T20:06:21.090+0800][45.995s] GC(6) Concurrent Scan Root Regions 4.281ms
[2020-04-01T20:06:21.090+0800][45.995s] GC(6) Concurrent Mark (45.995s)
[2020-04-01T20:06:21.090+0800][45.995s] GC(6) Concurrent Mark From Roots
[2020-04-01T20:06:21.090+0800][45.995s] GC(6) Using 2 workers of 2 for marking
[2020-04-01T20:06:21.103+0800][46.008s] GC(6) Concurrent Mark From Roots 12.923ms
[2020-04-01T20:06:21.103+0800][46.008s] GC(6) Concurrent Preclean
[2020-04-01T20:06:21.103+0800][46.008s] GC(6) Concurrent Preclean 0.098ms
[2020-04-01T20:06:21.103+0800][46.008s] GC(6) Concurrent Mark (45.995s, 46.008s) 13.098ms
[2020-04-01T20:06:21.103+0800][46.008s] GC(6) Pause Remark
[2020-04-01T20:06:21.104+0800][46.009s] GC(6) Pause Remark 33M->33M(512M) 1.070ms
[2020-04-01T20:06:21.104+0800][46.009s] GC(6) User=0.00s Sys=0.00s Real=0.00s
[2020-04-01T20:06:21.104+0800][46.009s] GC(6) Concurrent Rebuild Remembered Sets
[2020-04-01T20:06:21.111+0800][46.016s] GC(6) Concurrent Rebuild Remembered Sets 6.582ms
[2020-04-01T20:06:21.111+0800][46.016s] GC(6) Pause Cleanup
[2020-04-01T20:06:21.111+0800][46.016s] GC(6) Pause Cleanup 34M->34M(512M) 0.081ms
[2020-04-01T20:06:21.111+0800][46.016s] GC(6) User=0.00s Sys=0.00s Real=0.00s
[2020-04-01T20:06:21.111+0800][46.016s] GC(6) Concurrent Cleanup for Next Mark
[2020-04-01T20:06:21.111+0800][46.016s] GC(6) Concurrent Cleanup for Next Mark 0.458ms
[2020-04-01T20:06:21.111+0800][46.016s] GC(6) Concurrent Cycle 26.206ms
[2020-04-01T20:08:56.927+0800][192.047s] Heap
[2020-04-01T20:08:56.927+0800][192.047s]  garbage-first heap   total 524288K, used 133092K [0x00000000e0000000, 0x0000000100000000)
[2020-04-01T20:08:56.927+0800][192.047s]   region size 1024K, 118 young (120832K), 10 survivors (10240K)
[2020-04-01T20:08:56.927+0800][192.047s]  Metaspace       used 33576K, capacity 34361K, committed 34556K, reserved 1079296K
[2020-04-01T20:08:56.927+0800][192.047s]   class space    used 3941K, capacity 4240K, committed 4348K, reserved 1048576K
[2020-04-01T20:08:59.239+0800][204.144s] Heap
[2020-04-01T20:08:59.239+0800][204.144s]  garbage-first heap   total 524288K, used 198632K [0x00000000e0000000, 0x0000000100000000)
[2020-04-01T20:08:59.239+0800][204.144s]   region size 1024K, 181 young (185344K), 17 survivors (17408K)
[2020-04-01T20:08:59.239+0800][204.144s]  Metaspace       used 38410K, capacity 39298K, committed 39420K, reserved 1083392K
[2020-04-01T20:08:59.239+0800][204.144s]   class space    used 4506K, capacity 4820K, committed 4860K, reserved 1048576K
