[2020-04-18T12:30:20.823+0800][0.034s] Heap region size: 1M
[2020-04-18T12:30:20.824+0800][0.034s] Heap address: 0x00000000e0000000, size: 512 MB, Compressed Oops mode: 32-bit
[2020-04-18T12:30:21.017+0800][0.228s] Using G1
[2020-04-18T12:30:21.034+0800][0.245s] Periodic GC disabled
[2020-04-18T12:30:23.208+0800][2.418s] GC(0) Pause Young (Normal) (G1 Evacuation Pause)
[2020-04-18T12:30:23.208+0800][2.418s] GC(0) Using 8 workers of 8 for evacuation
[2020-04-18T12:30:23.211+0800][2.422s] GC(0)   Pre Evacuate Collection Set: 0.1ms
[2020-04-18T12:30:23.211+0800][2.422s] GC(0)   Merge Heap Roots: 0.0ms
[2020-04-18T12:30:23.211+0800][2.422s] GC(0)   Evacuate Collection Set: 2.9ms
[2020-04-18T12:30:23.211+0800][2.422s] GC(0)   Post Evacuate Collection Set: 0.3ms
[2020-04-18T12:30:23.212+0800][2.422s] GC(0)   Other: 0.5ms
[2020-04-18T12:30:23.212+0800][2.422s] GC(0) Eden regions: 29->0(42)
[2020-04-18T12:30:23.212+0800][2.422s] GC(0) Survivor regions: 0->4(4)
[2020-04-18T12:30:23.212+0800][2.422s] GC(0) Old regions: 0->0
[2020-04-18T12:30:23.212+0800][2.422s] GC(0) Archive regions: 0->0
[2020-04-18T12:30:23.212+0800][2.422s] GC(0) Humongous regions: 0->0
[2020-04-18T12:30:23.212+0800][2.422s] GC(0) Metaspace: 8017K(8576K)->8017K(8576K) NonClass: 7070K(7424K)->7070K(7424K) Class: 946K(1152K)->946K(1152K)
[2020-04-18T12:30:23.212+0800][2.422s] GC(0) Pause Young (Normal) (G1 Evacuation Pause) 29M->3M(512M) 4.200ms
[2020-04-18T12:30:23.212+0800][2.422s] GC(0) User=0.00s Sys=0.00s Real=0.00s
[2020-04-18T12:30:23.955+0800][3.166s] GC(1) Pause Young (Normal) (G1 Evacuation Pause)
[2020-04-18T12:30:23.956+0800][3.166s] GC(1) Using 8 workers of 8 for evacuation
[2020-04-18T12:30:23.963+0800][3.174s] GC(1)   Pre Evacuate Collection Set: 0.1ms
[2020-04-18T12:30:23.963+0800][3.174s] GC(1)   Merge Heap Roots: 0.0ms
[2020-04-18T12:30:23.963+0800][3.174s] GC(1)   Evacuate Collection Set: 7.1ms
[2020-04-18T12:30:23.963+0800][3.174s] GC(1)   Post Evacuate Collection Set: 0.5ms
[2020-04-18T12:30:23.964+0800][3.174s] GC(1)   Other: 0.1ms
[2020-04-18T12:30:23.964+0800][3.174s] GC(1) Eden regions: 42->0(146)
[2020-04-18T12:30:23.964+0800][3.174s] GC(1) Survivor regions: 4->6(6)
[2020-04-18T12:30:23.964+0800][3.174s] GC(1) Old regions: 0->10
[2020-04-18T12:30:23.964+0800][3.174s] GC(1) Archive regions: 0->0
[2020-04-18T12:30:23.964+0800][3.174s] GC(1) Humongous regions: 4->4
[2020-04-18T12:30:23.964+0800][3.174s] GC(1) Metaspace: 14956K(15616K)->14956K(15616K) NonClass: 13190K(13568K)->13190K(13568K) Class: 1766K(2048K)->1766K(2048K)
[2020-04-18T12:30:23.964+0800][3.174s] GC(1) Pause Young (Normal) (G1 Evacuation Pause) 49M->19M(512M) 8.192ms
[2020-04-18T12:30:23.964+0800][3.174s] GC(1) User=0.00s Sys=0.00s Real=0.01s
[2020-04-18T12:30:25.249+0800][4.460s] GC(2) Pause Young (Concurrent Start) (Metadata GC Threshold)
[2020-04-18T12:30:25.249+0800][4.460s] GC(2) Using 8 workers of 8 for evacuation
[2020-04-18T12:30:25.254+0800][4.465s] GC(2)   Pre Evacuate Collection Set: 0.1ms
[2020-04-18T12:30:25.254+0800][4.465s] GC(2)   Merge Heap Roots: 0.1ms
[2020-04-18T12:30:25.254+0800][4.465s] GC(2)   Evacuate Collection Set: 3.9ms
[2020-04-18T12:30:25.254+0800][4.465s] GC(2)   Post Evacuate Collection Set: 0.9ms
[2020-04-18T12:30:25.254+0800][4.465s] GC(2)   Other: 0.2ms
[2020-04-18T12:30:25.254+0800][4.465s] GC(2) Eden regions: 77->0(138)
[2020-04-18T12:30:25.254+0800][4.465s] GC(2) Survivor regions: 6->10(19)
[2020-04-18T12:30:25.254+0800][4.465s] GC(2) Old regions: 10->10
[2020-04-18T12:30:25.254+0800][4.465s] GC(2) Archive regions: 0->0
[2020-04-18T12:30:25.254+0800][4.465s] GC(2) Humongous regions: 4->4
[2020-04-18T12:30:25.254+0800][4.465s] GC(2) Metaspace: 20679K(21248K)->20679K(21248K) NonClass: 18323K(18688K)->18323K(18688K) Class: 2355K(2560K)->2355K(2560K)
[2020-04-18T12:30:25.254+0800][4.465s] GC(2) Pause Young (Concurrent Start) (Metadata GC Threshold) 96M->23M(512M) 5.302ms
[2020-04-18T12:30:25.254+0800][4.465s] GC(2) User=0.13s Sys=0.00s Real=0.00s
[2020-04-18T12:30:25.254+0800][4.465s] GC(3) Concurrent Cycle
[2020-04-18T12:30:25.255+0800][4.465s] GC(3) Concurrent Clear Claimed Marks
[2020-04-18T12:30:25.255+0800][4.466s] GC(3) Concurrent Clear Claimed Marks 0.181ms
[2020-04-18T12:30:25.255+0800][4.466s] GC(3) Concurrent Scan Root Regions
[2020-04-18T12:30:25.257+0800][4.468s] GC(3) Concurrent Scan Root Regions 2.291ms
[2020-04-18T12:30:25.257+0800][4.468s] GC(3) Concurrent Mark (4.468s)
[2020-04-18T12:30:25.257+0800][4.468s] GC(3) Concurrent Mark From Roots
[2020-04-18T12:30:25.257+0800][4.468s] GC(3) Using 2 workers of 2 for marking
[2020-04-18T12:30:25.270+0800][4.480s] GC(3) Concurrent Mark From Roots 12.523ms
[2020-04-18T12:30:25.270+0800][4.481s] GC(3) Concurrent Preclean
[2020-04-18T12:30:25.270+0800][4.481s] GC(3) Concurrent Preclean 0.167ms
[2020-04-18T12:30:25.270+0800][4.481s] GC(3) Concurrent Mark (4.468s, 4.481s) 12.765ms
[2020-04-18T12:30:25.270+0800][4.481s] GC(3) Pause Remark
[2020-04-18T12:30:25.271+0800][4.482s] GC(3) Pause Remark 25M->25M(512M) 1.370ms
[2020-04-18T12:30:25.272+0800][4.482s] GC(3) User=0.00s Sys=0.00s Real=0.00s
[2020-04-18T12:30:25.272+0800][4.482s] GC(3) Concurrent Rebuild Remembered Sets
[2020-04-18T12:30:25.276+0800][4.487s] GC(3) Concurrent Rebuild Remembered Sets 4.732ms
[2020-04-18T12:30:25.277+0800][4.487s] GC(3) Pause Cleanup
[2020-04-18T12:30:25.277+0800][4.488s] GC(3) Pause Cleanup 25M->25M(512M) 0.159ms
[2020-04-18T12:30:25.277+0800][4.488s] GC(3) User=0.00s Sys=0.00s Real=0.00s
[2020-04-18T12:30:25.277+0800][4.488s] GC(3) Concurrent Cleanup for Next Mark
[2020-04-18T12:30:25.277+0800][4.488s] GC(3) Concurrent Cleanup for Next Mark 0.368ms
[2020-04-18T12:30:25.277+0800][4.488s] GC(3) Concurrent Cycle 22.904ms
[2020-04-18T12:30:26.608+0800][5.818s] GC(4) Pause Young (Normal) (G1 Evacuation Pause)
[2020-04-18T12:30:26.608+0800][5.818s] GC(4) Using 8 workers of 8 for evacuation
[2020-04-18T12:30:26.614+0800][5.824s] GC(4)   Pre Evacuate Collection Set: 0.1ms
[2020-04-18T12:30:26.614+0800][5.824s] GC(4)   Merge Heap Roots: 0.0ms
[2020-04-18T12:30:26.614+0800][5.824s] GC(4)   Evacuate Collection Set: 5.0ms
[2020-04-18T12:30:26.614+0800][5.824s] GC(4)   Post Evacuate Collection Set: 0.6ms
[2020-04-18T12:30:26.614+0800][5.824s] GC(4)   Other: 0.1ms
[2020-04-18T12:30:26.614+0800][5.824s] GC(4) Eden regions: 152->0(292)
[2020-04-18T12:30:26.614+0800][5.824s] GC(4) Survivor regions: 10->15(21)
[2020-04-18T12:30:26.614+0800][5.824s] GC(4) Old regions: 10->10
[2020-04-18T12:30:26.614+0800][5.824s] GC(4) Archive regions: 0->0
[2020-04-18T12:30:26.614+0800][5.824s] GC(4) Humongous regions: 4->4
[2020-04-18T12:30:26.614+0800][5.824s] GC(4) Metaspace: 33945K(34812K)->33945K(34812K) NonClass: 29979K(30464K)->29979K(30464K) Class: 3966K(4348K)->3966K(4348K)
[2020-04-18T12:30:26.614+0800][5.824s] GC(4) Pause Young (Normal) (G1 Evacuation Pause) 175M->28M(512M) 6.082ms
[2020-04-18T12:30:26.614+0800][5.824s] GC(4) User=0.13s Sys=0.00s Real=0.01s
[2020-04-18T12:30:26.808+0800][6.019s] GC(5) Pause Young (Concurrent Start) (Metadata GC Threshold)
[2020-04-18T12:30:26.808+0800][6.019s] GC(5) Using 8 workers of 8 for evacuation
[2020-04-18T12:30:26.814+0800][6.025s] GC(5)   Pre Evacuate Collection Set: 0.1ms
[2020-04-18T12:30:26.814+0800][6.025s] GC(5)   Merge Heap Roots: 0.0ms
[2020-04-18T12:30:26.814+0800][6.025s] GC(5)   Evacuate Collection Set: 5.2ms
[2020-04-18T12:30:26.814+0800][6.025s] GC(5)   Post Evacuate Collection Set: 0.5ms
[2020-04-18T12:30:26.814+0800][6.025s] GC(5)   Other: 0.2ms
[2020-04-18T12:30:26.814+0800][6.025s] GC(5) Eden regions: 110->0(290)
[2020-04-18T12:30:26.814+0800][6.025s] GC(5) Survivor regions: 15->17(39)
[2020-04-18T12:30:26.814+0800][6.025s] GC(5) Old regions: 10->10
[2020-04-18T12:30:26.814+0800][6.025s] GC(5) Archive regions: 0->0
[2020-04-18T12:30:26.814+0800][6.025s] GC(5) Humongous regions: 5->4
[2020-04-18T12:30:26.814+0800][6.025s] GC(5) Metaspace: 35084K(35964K)->35084K(35964K) NonClass: 30983K(31488K)->30983K(31488K) Class: 4100K(4476K)->4100K(4476K)
[2020-04-18T12:30:26.815+0800][6.025s] GC(5) Pause Young (Concurrent Start) (Metadata GC Threshold) 138M->30M(512M) 6.109ms
[2020-04-18T12:30:26.815+0800][6.025s] GC(5) User=0.13s Sys=0.00s Real=0.01s
[2020-04-18T12:30:26.815+0800][6.025s] GC(6) Concurrent Cycle
[2020-04-18T12:30:26.815+0800][6.025s] GC(6) Concurrent Clear Claimed Marks
[2020-04-18T12:30:26.815+0800][6.025s] GC(6) Concurrent Clear Claimed Marks 0.042ms
[2020-04-18T12:30:26.815+0800][6.025s] GC(6) Concurrent Scan Root Regions
[2020-04-18T12:30:26.818+0800][6.029s] GC(6) Concurrent Scan Root Regions 3.290ms
[2020-04-18T12:30:26.818+0800][6.029s] GC(6) Concurrent Mark (6.029s)
[2020-04-18T12:30:26.818+0800][6.029s] GC(6) Concurrent Mark From Roots
[2020-04-18T12:30:26.818+0800][6.029s] GC(6) Using 2 workers of 2 for marking
[2020-04-18T12:30:26.827+0800][6.038s] GC(6) Concurrent Mark From Roots 9.089ms
[2020-04-18T12:30:26.827+0800][6.038s] GC(6) Concurrent Preclean
[2020-04-18T12:30:26.827+0800][6.038s] GC(6) Concurrent Preclean 0.124ms
[2020-04-18T12:30:26.827+0800][6.038s] GC(6) Concurrent Mark (6.029s, 6.038s) 9.283ms
[2020-04-18T12:30:26.828+0800][6.038s] GC(6) Pause Remark
[2020-04-18T12:30:26.829+0800][6.040s] GC(6) Pause Remark 38M->38M(512M) 1.402ms
[2020-04-18T12:30:26.829+0800][6.040s] GC(6) User=0.13s Sys=0.00s Real=0.00s
[2020-04-18T12:30:26.829+0800][6.040s] GC(6) Concurrent Rebuild Remembered Sets
[2020-04-18T12:30:26.834+0800][6.045s] GC(6) Concurrent Rebuild Remembered Sets 5.380ms
[2020-04-18T12:30:26.835+0800][6.045s] GC(6) Pause Cleanup
[2020-04-18T12:30:26.835+0800][6.045s] GC(6) Pause Cleanup 43M->43M(512M) 0.136ms
[2020-04-18T12:30:26.835+0800][6.045s] GC(6) User=0.00s Sys=0.00s Real=0.00s
[2020-04-18T12:30:26.835+0800][6.045s] GC(6) Concurrent Cleanup for Next Mark
[2020-04-18T12:30:26.835+0800][6.046s] GC(6) Concurrent Cleanup for Next Mark 0.491ms
[2020-04-18T12:30:26.835+0800][6.046s] GC(6) Concurrent Cycle 20.782ms
[2020-04-18T12:46:42.045+0800][981.256s] GC(7) Pause Young (Normal) (G1 Evacuation Pause)
[2020-04-18T12:46:42.045+0800][981.256s] GC(7) Using 8 workers of 8 for evacuation
[2020-04-18T12:46:42.057+0800][981.267s] GC(7)   Pre Evacuate Collection Set: 0.1ms
[2020-04-18T12:46:42.057+0800][981.267s] GC(7)   Merge Heap Roots: 0.1ms
[2020-04-18T12:46:42.057+0800][981.267s] GC(7)   Evacuate Collection Set: 9.7ms
[2020-04-18T12:46:42.057+0800][981.267s] GC(7)   Post Evacuate Collection Set: 1.2ms
[2020-04-18T12:46:42.057+0800][981.267s] GC(7)   Other: 0.2ms
[2020-04-18T12:46:42.057+0800][981.267s] GC(7) Eden regions: 290->0(283)
[2020-04-18T12:46:42.057+0800][981.267s] GC(7) Survivor regions: 17->24(39)
[2020-04-18T12:46:42.057+0800][981.267s] GC(7) Old regions: 10->10
[2020-04-18T12:46:42.057+0800][981.267s] GC(7) Archive regions: 0->0
[2020-04-18T12:46:42.057+0800][981.267s] GC(7) Humongous regions: 7->7
[2020-04-18T12:46:42.057+0800][981.267s] GC(7) Metaspace: 49140K(50300K)->49140K(50300K) NonClass: 43345K(44032K)->43345K(44032K) Class: 5794K(6268K)->5794K(6268K)
[2020-04-18T12:46:42.057+0800][981.267s] GC(7) Pause Young (Normal) (G1 Evacuation Pause) 323M->40M(512M) 11.636ms
[2020-04-18T12:46:42.057+0800][981.267s] GC(7) User=0.13s Sys=0.00s Real=0.01s
