[2020-04-21T16:21:17.015+0800][0.019s] Heap region size: 1M
[2020-04-21T16:21:17.016+0800][0.019s] Heap address: 0x00000000e0000000, size: 512 MB, Compressed Oops mode: 32-bit
[2020-04-21T16:21:17.222+0800][0.225s] Using G1
[2020-04-21T16:21:17.243+0800][0.245s] Periodic GC disabled
[2020-04-21T16:21:17.952+0800][0.955s] GC(0) Pause Young (Normal) (G1 Evacuation Pause)
[2020-04-21T16:21:17.952+0800][0.955s] GC(0) Using 8 workers of 8 for evacuation
[2020-04-21T16:21:17.956+0800][0.959s] GC(0)   Pre Evacuate Collection Set: 0.1ms
[2020-04-21T16:21:17.956+0800][0.959s] GC(0)   Merge Heap Roots: 0.0ms
[2020-04-21T16:21:17.956+0800][0.959s] GC(0)   Evacuate Collection Set: 2.8ms
[2020-04-21T16:21:17.956+0800][0.959s] GC(0)   Post Evacuate Collection Set: 0.4ms
[2020-04-21T16:21:17.956+0800][0.959s] GC(0)   Other: 0.6ms
[2020-04-21T16:21:17.956+0800][0.959s] GC(0) Eden regions: 29->0(42)
[2020-04-21T16:21:17.956+0800][0.959s] GC(0) Survivor regions: 0->4(4)
[2020-04-21T16:21:17.956+0800][0.959s] GC(0) Old regions: 0->0
[2020-04-21T16:21:17.957+0800][0.959s] GC(0) Archive regions: 0->0
[2020-04-21T16:21:17.957+0800][0.959s] GC(0) Humongous regions: 0->0
[2020-04-21T16:21:17.957+0800][0.959s] GC(0) Metaspace: 8096K(8576K)->8096K(8576K) NonClass: 7134K(7424K)->7134K(7424K) Class: 961K(1152K)->961K(1152K)
[2020-04-21T16:21:17.957+0800][0.959s] GC(0) Pause Young (Normal) (G1 Evacuation Pause) 29M->3M(512M) 4.633ms
[2020-04-21T16:21:17.957+0800][0.959s] GC(0) User=0.00s Sys=0.00s Real=0.01s
[2020-04-21T16:21:18.545+0800][1.549s] GC(1) Pause Young (Normal) (G1 Evacuation Pause)
[2020-04-21T16:21:18.546+0800][1.549s] GC(1) Using 8 workers of 8 for evacuation
[2020-04-21T16:21:18.554+0800][1.557s] GC(1)   Pre Evacuate Collection Set: 0.1ms
[2020-04-21T16:21:18.554+0800][1.557s] GC(1)   Merge Heap Roots: 0.0ms
[2020-04-21T16:21:18.554+0800][1.557s] GC(1)   Evacuate Collection Set: 7.5ms
[2020-04-21T16:21:18.554+0800][1.557s] GC(1)   Post Evacuate Collection Set: 0.7ms
[2020-04-21T16:21:18.554+0800][1.557s] GC(1)   Other: 0.2ms
[2020-04-21T16:21:18.554+0800][1.557s] GC(1) Eden regions: 42->0(116)
[2020-04-21T16:21:18.554+0800][1.557s] GC(1) Survivor regions: 4->6(6)
[2020-04-21T16:21:18.554+0800][1.557s] GC(1) Old regions: 0->9
[2020-04-21T16:21:18.554+0800][1.557s] GC(1) Archive regions: 0->0
[2020-04-21T16:21:18.554+0800][1.557s] GC(1) Humongous regions: 4->4
[2020-04-21T16:21:18.554+0800][1.557s] GC(1) Metaspace: 14947K(15616K)->14947K(15616K) NonClass: 13180K(13568K)->13180K(13568K) Class: 1766K(2048K)->1766K(2048K)
[2020-04-21T16:21:18.554+0800][1.557s] GC(1) Pause Young (Normal) (G1 Evacuation Pause) 49M->18M(512M) 8.684ms
[2020-04-21T16:21:18.554+0800][1.557s] GC(1) User=0.11s Sys=0.00s Real=0.01s
[2020-04-21T16:21:19.496+0800][2.499s] GC(2) Pause Young (Concurrent Start) (Metadata GC Threshold)
[2020-04-21T16:21:19.496+0800][2.499s] GC(2) Using 8 workers of 8 for evacuation
[2020-04-21T16:21:19.501+0800][2.504s] GC(2)   Pre Evacuate Collection Set: 0.1ms
[2020-04-21T16:21:19.501+0800][2.504s] GC(2)   Merge Heap Roots: 0.1ms
[2020-04-21T16:21:19.501+0800][2.504s] GC(2)   Evacuate Collection Set: 3.7ms
[2020-04-21T16:21:19.501+0800][2.504s] GC(2)   Post Evacuate Collection Set: 0.9ms
[2020-04-21T16:21:19.501+0800][2.504s] GC(2)   Other: 0.2ms
[2020-04-21T16:21:19.501+0800][2.504s] GC(2) Eden regions: 78->0(136)
[2020-04-21T16:21:19.501+0800][2.504s] GC(2) Survivor regions: 6->11(16)
[2020-04-21T16:21:19.501+0800][2.504s] GC(2) Old regions: 9->9
[2020-04-21T16:21:19.501+0800][2.504s] GC(2) Archive regions: 0->0
[2020-04-21T16:21:19.501+0800][2.504s] GC(2) Humongous regions: 4->4
[2020-04-21T16:21:19.501+0800][2.504s] GC(2) Metaspace: 20666K(21248K)->20666K(21248K) NonClass: 18311K(18688K)->18311K(18688K) Class: 2354K(2560K)->2354K(2560K)
[2020-04-21T16:21:19.501+0800][2.504s] GC(2) Pause Young (Concurrent Start) (Metadata GC Threshold) 96M->22M(512M) 5.180ms
[2020-04-21T16:21:19.501+0800][2.504s] GC(2) User=0.00s Sys=0.00s Real=0.00s
[2020-04-21T16:21:19.501+0800][2.504s] GC(3) Concurrent Cycle
[2020-04-21T16:21:19.501+0800][2.504s] GC(3) Concurrent Clear Claimed Marks
[2020-04-21T16:21:19.501+0800][2.504s] GC(3) Concurrent Clear Claimed Marks 0.065ms
[2020-04-21T16:21:19.501+0800][2.504s] GC(3) Concurrent Scan Root Regions
[2020-04-21T16:21:19.504+0800][2.507s] GC(3) Concurrent Scan Root Regions 2.916ms
[2020-04-21T16:21:19.504+0800][2.507s] GC(3) Concurrent Mark (2.507s)
[2020-04-21T16:21:19.504+0800][2.507s] GC(3) Concurrent Mark From Roots
[2020-04-21T16:21:19.504+0800][2.507s] GC(3) Using 2 workers of 2 for marking
[2020-04-21T16:21:19.516+0800][2.518s] GC(3) Concurrent Mark From Roots 11.017ms
[2020-04-21T16:21:19.516+0800][2.518s] GC(3) Concurrent Preclean
[2020-04-21T16:21:19.516+0800][2.518s] GC(3) Concurrent Preclean 0.134ms
[2020-04-21T16:21:19.516+0800][2.518s] GC(3) Concurrent Mark (2.507s, 2.518s) 11.227ms
[2020-04-21T16:21:19.516+0800][2.519s] GC(3) Pause Remark
[2020-04-21T16:21:19.517+0800][2.520s] GC(3) Pause Remark 24M->24M(512M) 1.429ms
[2020-04-21T16:21:19.517+0800][2.520s] GC(3) User=0.00s Sys=0.00s Real=0.00s
[2020-04-21T16:21:19.517+0800][2.520s] GC(3) Concurrent Rebuild Remembered Sets
[2020-04-21T16:21:19.523+0800][2.525s] GC(3) Concurrent Rebuild Remembered Sets 5.325ms
[2020-04-21T16:21:19.523+0800][2.526s] GC(3) Pause Cleanup
[2020-04-21T16:21:19.523+0800][2.526s] GC(3) Pause Cleanup 25M->25M(512M) 0.100ms
[2020-04-21T16:21:19.523+0800][2.526s] GC(3) User=0.00s Sys=0.00s Real=0.00s
[2020-04-21T16:21:19.523+0800][2.526s] GC(3) Concurrent Cleanup for Next Mark
[2020-04-21T16:21:19.524+0800][2.527s] GC(3) Concurrent Cleanup for Next Mark 0.449ms
[2020-04-21T16:21:19.524+0800][2.527s] GC(3) Concurrent Cycle 22.660ms
[2020-04-21T16:21:20.535+0800][3.538s] GC(4) Pause Young (Normal) (G1 Evacuation Pause)
[2020-04-21T16:21:20.535+0800][3.538s] GC(4) Using 8 workers of 8 for evacuation
[2020-04-21T16:21:20.542+0800][3.545s] GC(4)   Pre Evacuate Collection Set: 0.1ms
[2020-04-21T16:21:20.542+0800][3.545s] GC(4)   Merge Heap Roots: 0.0ms
[2020-04-21T16:21:20.542+0800][3.545s] GC(4)   Evacuate Collection Set: 5.7ms
[2020-04-21T16:21:20.542+0800][3.545s] GC(4)   Post Evacuate Collection Set: 0.7ms
[2020-04-21T16:21:20.542+0800][3.545s] GC(4)   Other: 0.2ms
[2020-04-21T16:21:20.542+0800][3.545s] GC(4) Eden regions: 148->0(290)
[2020-04-21T16:21:20.542+0800][3.545s] GC(4) Survivor regions: 11->17(20)
[2020-04-21T16:21:20.542+0800][3.545s] GC(4) Old regions: 9->9
[2020-04-21T16:21:20.542+0800][3.545s] GC(4) Archive regions: 0->0
[2020-04-21T16:21:20.542+0800][3.545s] GC(4) Humongous regions: 5->4
[2020-04-21T16:21:20.542+0800][3.545s] GC(4) Metaspace: 34424K(35452K)->34424K(35452K) NonClass: 30398K(30976K)->30398K(30976K) Class: 4026K(4476K)->4026K(4476K)
[2020-04-21T16:21:20.542+0800][3.545s] GC(4) Pause Young (Normal) (G1 Evacuation Pause) 171M->29M(512M) 7.018ms
[2020-04-21T16:21:20.542+0800][3.545s] GC(4) User=0.13s Sys=0.00s Real=0.01s
[2020-04-21T16:21:20.620+0800][3.623s] GC(5) Pause Young (Concurrent Start) (Metadata GC Threshold)
[2020-04-21T16:21:20.621+0800][3.623s] GC(5) Using 8 workers of 8 for evacuation
[2020-04-21T16:21:20.627+0800][3.629s] GC(5)   Pre Evacuate Collection Set: 0.1ms
[2020-04-21T16:21:20.627+0800][3.629s] GC(5)   Merge Heap Roots: 0.0ms
[2020-04-21T16:21:20.627+0800][3.629s] GC(5)   Evacuate Collection Set: 5.6ms
[2020-04-21T16:21:20.627+0800][3.629s] GC(5)   Post Evacuate Collection Set: 0.4ms
[2020-04-21T16:21:20.627+0800][3.630s] GC(5)   Other: 0.2ms
[2020-04-21T16:21:20.627+0800][3.630s] GC(5) Eden regions: 27->0(289)
[2020-04-21T16:21:20.627+0800][3.630s] GC(5) Survivor regions: 17->18(39)
[2020-04-21T16:21:20.627+0800][3.630s] GC(5) Old regions: 9->9
[2020-04-21T16:21:20.627+0800][3.630s] GC(5) Archive regions: 0->0
[2020-04-21T16:21:20.627+0800][3.630s] GC(5) Humongous regions: 4->4
[2020-04-21T16:21:20.627+0800][3.630s] GC(5) Metaspace: 35112K(35964K)->35112K(35964K) NonClass: 31016K(31488K)->31016K(31488K) Class: 4095K(4476K)->4095K(4476K)
[2020-04-21T16:21:20.627+0800][3.630s] GC(5) Pause Young (Concurrent Start) (Metadata GC Threshold) 56M->30M(512M) 6.422ms
[2020-04-21T16:21:20.627+0800][3.630s] GC(5) User=0.00s Sys=0.00s Real=0.01s
[2020-04-21T16:21:20.627+0800][3.630s] GC(6) Concurrent Cycle
[2020-04-21T16:21:20.627+0800][3.630s] GC(6) Concurrent Clear Claimed Marks
[2020-04-21T16:21:20.627+0800][3.630s] GC(6) Concurrent Clear Claimed Marks 0.039ms
[2020-04-21T16:21:20.627+0800][3.630s] GC(6) Concurrent Scan Root Regions
[2020-04-21T16:21:20.631+0800][3.634s] GC(6) Concurrent Scan Root Regions 4.227ms
[2020-04-21T16:21:20.631+0800][3.634s] GC(6) Concurrent Mark (3.634s)
[2020-04-21T16:21:20.631+0800][3.634s] GC(6) Concurrent Mark From Roots
[2020-04-21T16:21:20.631+0800][3.634s] GC(6) Using 2 workers of 2 for marking
[2020-04-21T16:21:20.642+0800][3.645s] GC(6) Concurrent Mark From Roots 10.500ms
[2020-04-21T16:21:20.642+0800][3.645s] GC(6) Concurrent Preclean
[2020-04-21T16:21:20.642+0800][3.645s] GC(6) Concurrent Preclean 0.120ms
[2020-04-21T16:21:20.642+0800][3.645s] GC(6) Concurrent Mark (3.634s, 3.645s) 10.687ms
[2020-04-21T16:21:20.642+0800][3.645s] GC(6) Pause Remark
[2020-04-21T16:21:20.644+0800][3.646s] GC(6) Pause Remark 32M->32M(512M) 1.540ms
[2020-04-21T16:21:20.644+0800][3.646s] GC(6) User=0.00s Sys=0.00s Real=0.00s
[2020-04-21T16:21:20.644+0800][3.646s] GC(6) Concurrent Rebuild Remembered Sets
[2020-04-21T16:21:20.651+0800][3.653s] GC(6) Concurrent Rebuild Remembered Sets 6.699ms
[2020-04-21T16:21:20.651+0800][3.653s] GC(6) Pause Cleanup
[2020-04-21T16:21:20.651+0800][3.653s] GC(6) Pause Cleanup 32M->32M(512M) 0.074ms
[2020-04-21T16:21:20.651+0800][3.653s] GC(6) User=0.00s Sys=0.00s Real=0.00s
[2020-04-21T16:21:20.651+0800][3.654s] GC(6) Concurrent Cleanup for Next Mark
[2020-04-21T16:21:20.651+0800][3.654s] GC(6) Concurrent Cleanup for Next Mark 0.375ms
[2020-04-21T16:21:20.651+0800][3.654s] GC(6) Concurrent Cycle 24.295ms
[2020-04-21T16:21:21.618+0800][4.621s] GC(7) Pause Young (Normal) (G1 Evacuation Pause)
[2020-04-21T16:21:21.618+0800][4.621s] GC(7) Using 8 workers of 8 for evacuation
[2020-04-21T16:21:21.628+0800][4.631s] GC(7)   Pre Evacuate Collection Set: 0.1ms
[2020-04-21T16:21:21.628+0800][4.631s] GC(7)   Merge Heap Roots: 0.1ms
[2020-04-21T16:21:21.628+0800][4.631s] GC(7)   Evacuate Collection Set: 8.9ms
[2020-04-21T16:21:21.628+0800][4.631s] GC(7)   Post Evacuate Collection Set: 0.7ms
[2020-04-21T16:21:21.628+0800][4.631s] GC(7)   Other: 0.2ms
[2020-04-21T16:21:21.628+0800][4.631s] GC(7) Eden regions: 289->0(284)
[2020-04-21T16:21:21.628+0800][4.631s] GC(7) Survivor regions: 18->23(39)
[2020-04-21T16:21:21.628+0800][4.631s] GC(7) Old regions: 9->9
[2020-04-21T16:21:21.628+0800][4.631s] GC(7) Archive regions: 0->0
[2020-04-21T16:21:21.628+0800][4.631s] GC(7) Humongous regions: 4->4
[2020-04-21T16:21:21.628+0800][4.631s] GC(7) Metaspace: 44623K(45692K)->44623K(45692K) NonClass: 39303K(39936K)->39303K(39936K) Class: 5320K(5756K)->5320K(5756K)
[2020-04-21T16:21:21.628+0800][4.631s] GC(7) Pause Young (Normal) (G1 Evacuation Pause) 319M->35M(512M) 10.229ms
[2020-04-21T16:21:21.628+0800][4.631s] GC(7) User=0.00s Sys=0.00s Real=0.01s
[2020-04-21T17:22:41.259+0800][3684.262s] GC(8) Pause Young (Normal) (G1 Evacuation Pause)
[2020-04-21T17:22:41.259+0800][3684.262s] GC(8) Using 8 workers of 8 for evacuation
[2020-04-21T17:22:41.274+0800][3684.277s] GC(8)   Pre Evacuate Collection Set: 0.1ms
[2020-04-21T17:22:41.274+0800][3684.277s] GC(8)   Merge Heap Roots: 0.1ms
[2020-04-21T17:22:41.274+0800][3684.277s] GC(8)   Evacuate Collection Set: 12.8ms
[2020-04-21T17:22:41.274+0800][3684.277s] GC(8)   Post Evacuate Collection Set: 1.6ms
[2020-04-21T17:22:41.274+0800][3684.277s] GC(8)   Other: 0.2ms
[2020-04-21T17:22:41.274+0800][3684.277s] GC(8) Eden regions: 284->0(286)
[2020-04-21T17:22:41.274+0800][3684.277s] GC(8) Survivor regions: 23->21(39)
[2020-04-21T17:22:41.274+0800][3684.277s] GC(8) Old regions: 9->16
[2020-04-21T17:22:41.274+0800][3684.277s] GC(8) Archive regions: 0->0
[2020-04-21T17:22:41.274+0800][3684.277s] GC(8) Humongous regions: 7->7
[2020-04-21T17:22:41.274+0800][3684.277s] GC(8) Metaspace: 51295K(52476K)->51295K(52476K) NonClass: 45370K(46080K)->45370K(46080K) Class: 5924K(6396K)->5924K(6396K)
[2020-04-21T17:22:41.274+0800][3684.277s] GC(8) Pause Young (Normal) (G1 Evacuation Pause) 322M->42M(512M) 14.996ms
[2020-04-21T17:22:41.274+0800][3684.277s] GC(8) User=0.13s Sys=0.00s Real=0.01s
[2020-04-22T01:36:24.367+0800][33307.370s] GC(9) Pause Young (Normal) (G1 Evacuation Pause)
[2020-04-22T01:36:24.367+0800][33307.370s] GC(9) Using 8 workers of 8 for evacuation
[2020-04-22T01:36:24.418+0800][33307.422s] GC(9)   Pre Evacuate Collection Set: 0.6ms
[2020-04-22T01:36:24.418+0800][33307.422s] GC(9)   Merge Heap Roots: 0.4ms
[2020-04-22T01:36:24.418+0800][33307.422s] GC(9)   Evacuate Collection Set: 47.3ms
[2020-04-22T01:36:24.418+0800][33307.422s] GC(9)   Post Evacuate Collection Set: 2.5ms
[2020-04-22T01:36:24.418+0800][33307.422s] GC(9)   Other: 0.5ms
[2020-04-22T01:36:24.418+0800][33307.422s] GC(9) Eden regions: 286->0(286)
[2020-04-22T01:36:24.419+0800][33307.422s] GC(9) Survivor regions: 21->21(39)
[2020-04-22T01:36:24.419+0800][33307.422s] GC(9) Old regions: 16->16
[2020-04-22T01:36:24.419+0800][33307.422s] GC(9) Archive regions: 0->0
[2020-04-22T01:36:24.419+0800][33307.422s] GC(9) Humongous regions: 7->7
[2020-04-22T01:36:24.419+0800][33307.422s] GC(9) Metaspace: 54340K(55676K)->54340K(55676K) NonClass: 48067K(48896K)->48067K(48896K) Class: 6273K(6780K)->6273K(6780K)
[2020-04-22T01:36:24.419+0800][33307.422s] GC(9) Pause Young (Normal) (G1 Evacuation Pause) 328M->42M(512M) 51.586ms
[2020-04-22T01:36:24.419+0800][33307.422s] GC(9) User=0.13s Sys=0.19s Real=0.05s
[2020-04-22T01:39:33.255+0800][33496.258s] Heap
[2020-04-22T01:39:33.255+0800][33496.258s]  garbage-first heap   total 524288K, used 61407K [0x00000000e0000000, 0x0000000100000000)
[2020-04-22T01:39:33.255+0800][33496.258s]   region size 1024K, 39 young (39936K), 21 survivors (21504K)
[2020-04-22T01:39:33.255+0800][33496.258s]  Metaspace       used 54806K, capacity 55917K, committed 56188K, reserved 1099776K
[2020-04-22T01:39:33.255+0800][33496.258s]   class space    used 6318K, capacity 6721K, committed 6780K, reserved 1048576K
