[2020-04-01T19:53:47.004+0800][0.015s] Heap region size: 1M
[2020-04-01T19:53:47.004+0800][0.015s] Heap address: 0x00000000e0000000, size: 512 MB, Compressed Oops mode: 32-bit
[2020-04-01T19:53:47.148+0800][0.159s] Using G1
[2020-04-01T19:53:47.166+0800][0.176s] Periodic GC disabled
[2020-04-01T19:53:47.771+0800][0.782s] GC(0) Pause Young (Normal) (G1 Evacuation Pause)
[2020-04-01T19:53:47.771+0800][0.783s] GC(0) Using 8 workers of 8 for evacuation
[2020-04-01T19:53:47.774+0800][0.785s] GC(0)   Pre Evacuate Collection Set: 0.0ms
[2020-04-01T19:53:47.774+0800][0.785s] GC(0)   Merge Heap Roots: 0.0ms
[2020-04-01T19:53:47.774+0800][0.785s] GC(0)   Evacuate Collection Set: 2.2ms
[2020-04-01T19:53:47.774+0800][0.785s] GC(0)   Post Evacuate Collection Set: 0.3ms
[2020-04-01T19:53:47.774+0800][0.786s] GC(0)   Other: 0.5ms
[2020-04-01T19:53:47.774+0800][0.786s] GC(0) Eden regions: 29->0(42)
[2020-04-01T19:53:47.774+0800][0.786s] GC(0) Survivor regions: 0->4(4)
[2020-04-01T19:53:47.774+0800][0.786s] GC(0) Old regions: 0->0
[2020-04-01T19:53:47.774+0800][0.786s] GC(0) Archive regions: 0->0
[2020-04-01T19:53:47.774+0800][0.786s] GC(0) Humongous regions: 0->0
[2020-04-01T19:53:47.774+0800][0.786s] GC(0) Metaspace: 8095K(8576K)->8095K(8576K) NonClass: 7134K(7424K)->7134K(7424K) Class: 960K(1152K)->960K(1152K)
[2020-04-01T19:53:47.774+0800][0.786s] GC(0) Pause Young (Normal) (G1 Evacuation Pause) 29M->3M(512M) 3.632ms
[2020-04-01T19:53:47.774+0800][0.786s] GC(0) User=0.02s Sys=0.00s Real=0.00s
[2020-04-01T19:53:48.445+0800][1.456s] GC(1) Pause Young (Normal) (G1 Evacuation Pause)
[2020-04-01T19:53:48.445+0800][1.456s] GC(1) Using 8 workers of 8 for evacuation
[2020-04-01T19:53:48.454+0800][1.465s] GC(1)   Pre Evacuate Collection Set: 0.0ms
[2020-04-01T19:53:48.454+0800][1.465s] GC(1)   Merge Heap Roots: 0.0ms
[2020-04-01T19:53:48.454+0800][1.465s] GC(1)   Evacuate Collection Set: 7.9ms
[2020-04-01T19:53:48.454+0800][1.465s] GC(1)   Post Evacuate Collection Set: 0.5ms
[2020-04-01T19:53:48.454+0800][1.465s] GC(1)   Other: 0.1ms
[2020-04-01T19:53:48.454+0800][1.465s] GC(1) Eden regions: 42->0(112)
[2020-04-01T19:53:48.454+0800][1.465s] GC(1) Survivor regions: 4->6(6)
[2020-04-01T19:53:48.454+0800][1.465s] GC(1) Old regions: 0->10
[2020-04-01T19:53:48.454+0800][1.465s] GC(1) Archive regions: 0->0
[2020-04-01T19:53:48.454+0800][1.465s] GC(1) Humongous regions: 4->4
[2020-04-01T19:53:48.454+0800][1.465s] GC(1) Metaspace: 14932K(15616K)->14932K(15616K) NonClass: 13167K(13568K)->13167K(13568K) Class: 1764K(2048K)->1764K(2048K)
[2020-04-01T19:53:48.454+0800][1.465s] GC(1) Pause Young (Normal) (G1 Evacuation Pause) 49M->19M(512M) 8.712ms
[2020-04-01T19:53:48.454+0800][1.465s] GC(1) User=0.11s Sys=0.00s Real=0.01s
[2020-04-01T19:53:49.495+0800][2.506s] GC(2) Pause Young (Concurrent Start) (Metadata GC Threshold)
[2020-04-01T19:53:49.496+0800][2.506s] GC(2) Using 8 workers of 8 for evacuation
[2020-04-01T19:53:49.499+0800][2.510s] GC(2)   Pre Evacuate Collection Set: 0.1ms
[2020-04-01T19:53:49.499+0800][2.510s] GC(2)   Merge Heap Roots: 0.0ms
[2020-04-01T19:53:49.499+0800][2.510s] GC(2)   Evacuate Collection Set: 3.1ms
[2020-04-01T19:53:49.499+0800][2.510s] GC(2)   Post Evacuate Collection Set: 0.4ms
[2020-04-01T19:53:49.499+0800][2.510s] GC(2)   Other: 0.2ms
[2020-04-01T19:53:49.499+0800][2.510s] GC(2) Eden regions: 66->0(128)
[2020-04-01T19:53:49.499+0800][2.510s] GC(2) Survivor regions: 6->10(15)
[2020-04-01T19:53:49.499+0800][2.510s] GC(2) Old regions: 10->10
[2020-04-01T19:53:49.499+0800][2.510s] GC(2) Archive regions: 0->0
[2020-04-01T19:53:49.499+0800][2.510s] GC(2) Humongous regions: 4->4
[2020-04-01T19:53:49.499+0800][2.510s] GC(2) Metaspace: 20699K(21248K)->20699K(21248K) NonClass: 18337K(18688K)->18337K(18688K) Class: 2362K(2560K)->2362K(2560K)
[2020-04-01T19:53:49.499+0800][2.510s] GC(2) Pause Young (Concurrent Start) (Metadata GC Threshold) 84M->23M(512M) 3.937ms
[2020-04-01T19:53:49.499+0800][2.510s] GC(2) User=0.00s Sys=0.00s Real=0.00s
[2020-04-01T19:53:49.499+0800][2.510s] GC(3) Concurrent Cycle
[2020-04-01T19:53:49.500+0800][2.510s] GC(3) Concurrent Clear Claimed Marks
[2020-04-01T19:53:49.500+0800][2.510s] GC(3) Concurrent Clear Claimed Marks 0.053ms
[2020-04-01T19:53:49.500+0800][2.510s] GC(3) Concurrent Scan Root Regions
[2020-04-01T19:53:49.501+0800][2.512s] GC(3) Concurrent Scan Root Regions 2.040ms
[2020-04-01T19:53:49.501+0800][2.512s] GC(3) Concurrent Mark (2.512s)
[2020-04-01T19:53:49.501+0800][2.512s] GC(3) Concurrent Mark From Roots
[2020-04-01T19:53:49.501+0800][2.513s] GC(3) Using 2 workers of 2 for marking
[2020-04-01T19:53:49.513+0800][2.524s] GC(3) Concurrent Mark From Roots 11.630ms
[2020-04-01T19:53:49.513+0800][2.524s] GC(3) Concurrent Preclean
[2020-04-01T19:53:49.513+0800][2.524s] GC(3) Concurrent Preclean 0.108ms
[2020-04-01T19:53:49.513+0800][2.524s] GC(3) Concurrent Mark (2.512s, 2.524s) 11.804ms
[2020-04-01T19:53:49.513+0800][2.524s] GC(3) Pause Remark
[2020-04-01T19:53:49.515+0800][2.526s] GC(3) Pause Remark 25M->25M(512M) 1.595ms
[2020-04-01T19:53:49.515+0800][2.526s] GC(3) User=0.00s Sys=0.00s Real=0.00s
[2020-04-01T19:53:49.515+0800][2.526s] GC(3) Concurrent Rebuild Remembered Sets
[2020-04-01T19:53:49.520+0800][2.531s] GC(3) Concurrent Rebuild Remembered Sets 5.034ms
[2020-04-01T19:53:49.520+0800][2.531s] GC(3) Pause Cleanup
[2020-04-01T19:53:49.520+0800][2.532s] GC(3) Pause Cleanup 25M->25M(512M) 0.079ms
[2020-04-01T19:53:49.520+0800][2.532s] GC(3) User=0.00s Sys=0.00s Real=0.00s
[2020-04-01T19:53:49.520+0800][2.532s] GC(3) Concurrent Cleanup for Next Mark
[2020-04-01T19:53:49.521+0800][2.532s] GC(3) Concurrent Cleanup for Next Mark 0.389ms
[2020-04-01T19:53:49.521+0800][2.532s] GC(3) Concurrent Cycle 21.814ms
[2020-04-01T19:54:00.940+0800][0.018s] Heap region size: 1M
[2020-04-01T19:54:00.940+0800][0.018s] Heap address: 0x00000000e0000000, size: 512 MB, Compressed Oops mode: 32-bit
[2020-04-01T19:54:01.077+0800][0.154s] Using G1
[2020-04-01T19:54:01.095+0800][0.173s] Periodic GC disabled
[2020-04-01T19:54:01.762+0800][0.839s] GC(0) Pause Young (Normal) (G1 Evacuation Pause)
[2020-04-01T19:54:01.762+0800][0.839s] GC(0) Using 8 workers of 8 for evacuation
[2020-04-01T19:54:01.765+0800][0.842s] GC(0)   Pre Evacuate Collection Set: 0.0ms
[2020-04-01T19:54:01.765+0800][0.842s] GC(0)   Merge Heap Roots: 0.0ms
[2020-04-01T19:54:01.765+0800][0.842s] GC(0)   Evacuate Collection Set: 2.2ms
[2020-04-01T19:54:01.765+0800][0.842s] GC(0)   Post Evacuate Collection Set: 0.3ms
[2020-04-01T19:54:01.765+0800][0.842s] GC(0)   Other: 0.6ms
[2020-04-01T19:54:01.765+0800][0.842s] GC(0) Eden regions: 29->0(42)
[2020-04-01T19:54:01.765+0800][0.842s] GC(0) Survivor regions: 0->4(4)
[2020-04-01T19:54:01.765+0800][0.842s] GC(0) Old regions: 0->0
[2020-04-01T19:54:01.765+0800][0.842s] GC(0) Archive regions: 0->0
[2020-04-01T19:54:01.765+0800][0.842s] GC(0) Humongous regions: 0->0
[2020-04-01T19:54:01.765+0800][0.842s] GC(0) Metaspace: 8103K(8576K)->8103K(8576K) NonClass: 7142K(7424K)->7142K(7424K) Class: 960K(1152K)->960K(1152K)
[2020-04-01T19:54:01.765+0800][0.842s] GC(0) Pause Young (Normal) (G1 Evacuation Pause) 29M->3M(512M) 3.315ms
[2020-04-01T19:54:01.765+0800][0.842s] GC(0) User=0.00s Sys=0.00s Real=0.00s
[2020-04-01T19:54:02.433+0800][1.510s] GC(1) Pause Young (Normal) (G1 Evacuation Pause)
[2020-04-01T19:54:02.433+0800][1.510s] GC(1) Using 8 workers of 8 for evacuation
[2020-04-01T19:54:02.440+0800][1.517s] GC(1)   Pre Evacuate Collection Set: 0.0ms
[2020-04-01T19:54:02.440+0800][1.517s] GC(1)   Merge Heap Roots: 0.1ms
[2020-04-01T19:54:02.440+0800][1.517s] GC(1)   Evacuate Collection Set: 6.8ms
[2020-04-01T19:54:02.440+0800][1.517s] GC(1)   Post Evacuate Collection Set: 0.4ms
[2020-04-01T19:54:02.440+0800][1.517s] GC(1)   Other: 0.1ms
[2020-04-01T19:54:02.440+0800][1.517s] GC(1) Eden regions: 42->0(114)
[2020-04-01T19:54:02.440+0800][1.517s] GC(1) Survivor regions: 4->6(6)
[2020-04-01T19:54:02.440+0800][1.517s] GC(1) Old regions: 0->10
[2020-04-01T19:54:02.440+0800][1.517s] GC(1) Archive regions: 0->0
[2020-04-01T19:54:02.440+0800][1.517s] GC(1) Humongous regions: 4->4
[2020-04-01T19:54:02.440+0800][1.517s] GC(1) Metaspace: 15047K(15616K)->15047K(15616K) NonClass: 13277K(13568K)->13277K(13568K) Class: 1770K(2048K)->1770K(2048K)
[2020-04-01T19:54:02.440+0800][1.517s] GC(1) Pause Young (Normal) (G1 Evacuation Pause) 49M->19M(512M) 7.727ms
[2020-04-01T19:54:02.440+0800][1.517s] GC(1) User=0.00s Sys=0.00s Real=0.01s
[2020-04-01T19:54:03.520+0800][2.597s] GC(2) Pause Young (Concurrent Start) (Metadata GC Threshold)
[2020-04-01T19:54:03.520+0800][2.597s] GC(2) Using 8 workers of 8 for evacuation
[2020-04-01T19:54:03.525+0800][2.602s] GC(2)   Pre Evacuate Collection Set: 0.1ms
[2020-04-01T19:54:03.525+0800][2.602s] GC(2)   Merge Heap Roots: 0.0ms
[2020-04-01T19:54:03.525+0800][2.602s] GC(2)   Evacuate Collection Set: 3.3ms
[2020-04-01T19:54:03.525+0800][2.602s] GC(2)   Post Evacuate Collection Set: 1.1ms
[2020-04-01T19:54:03.525+0800][2.602s] GC(2)   Other: 0.2ms
[2020-04-01T19:54:03.525+0800][2.602s] GC(2) Eden regions: 75->0(136)
[2020-04-01T19:54:03.525+0800][2.602s] GC(2) Survivor regions: 6->10(15)
[2020-04-01T19:54:03.525+0800][2.602s] GC(2) Old regions: 10->10
[2020-04-01T19:54:03.525+0800][2.602s] GC(2) Archive regions: 0->0
[2020-04-01T19:54:03.525+0800][2.602s] GC(2) Humongous regions: 4->4
[2020-04-01T19:54:03.525+0800][2.602s] GC(2) Metaspace: 20643K(21248K)->20643K(21248K) NonClass: 18290K(18688K)->18290K(18688K) Class: 2352K(2560K)->2352K(2560K)
[2020-04-01T19:54:03.525+0800][2.602s] GC(2) Pause Young (Concurrent Start) (Metadata GC Threshold) 94M->22M(512M) 4.888ms
[2020-04-01T19:54:03.525+0800][2.602s] GC(2) User=0.02s Sys=0.00s Real=0.01s
[2020-04-01T19:54:03.525+0800][2.602s] GC(3) Concurrent Cycle
[2020-04-01T19:54:03.525+0800][2.602s] GC(3) Concurrent Clear Claimed Marks
[2020-04-01T19:54:03.525+0800][2.602s] GC(3) Concurrent Clear Claimed Marks 0.031ms
[2020-04-01T19:54:03.525+0800][2.602s] GC(3) Concurrent Scan Root Regions
[2020-04-01T19:54:03.527+0800][2.604s] GC(3) Concurrent Scan Root Regions 2.058ms
[2020-04-01T19:54:03.527+0800][2.604s] GC(3) Concurrent Mark (2.604s)
[2020-04-01T19:54:03.527+0800][2.604s] GC(3) Concurrent Mark From Roots
[2020-04-01T19:54:03.527+0800][2.604s] GC(3) Using 2 workers of 2 for marking
[2020-04-01T19:54:03.540+0800][2.617s] GC(3) Concurrent Mark From Roots 12.802ms
[2020-04-01T19:54:03.540+0800][2.617s] GC(3) Concurrent Preclean
[2020-04-01T19:54:03.540+0800][2.617s] GC(3) Concurrent Preclean 0.199ms
[2020-04-01T19:54:03.540+0800][2.617s] GC(3) Concurrent Mark (2.604s, 2.617s) 13.097ms
[2020-04-01T19:54:03.541+0800][2.617s] GC(3) Pause Remark
[2020-04-01T19:54:03.541+0800][2.618s] GC(3) Pause Remark 25M->25M(512M) 0.806ms
[2020-04-01T19:54:03.541+0800][2.618s] GC(3) User=0.00s Sys=0.00s Real=0.00s
[2020-04-01T19:54:03.541+0800][2.618s] GC(3) Concurrent Rebuild Remembered Sets
[2020-04-01T19:54:03.548+0800][2.625s] GC(3) Concurrent Rebuild Remembered Sets 6.258ms
[2020-04-01T19:54:03.548+0800][2.625s] GC(3) Pause Cleanup
[2020-04-01T19:54:03.551+0800][2.627s] GC(3) Pause Cleanup 25M->25M(512M) 2.521ms
[2020-04-01T19:54:03.551+0800][2.627s] GC(3) User=0.00s Sys=0.00s Real=0.00s
[2020-04-01T19:54:03.551+0800][2.627s] GC(3) Concurrent Cleanup for Next Mark
[2020-04-01T19:54:03.551+0800][2.628s] GC(3) Concurrent Cleanup for Next Mark 0.417ms
[2020-04-01T19:54:03.551+0800][2.628s] GC(3) Concurrent Cycle 26.140ms
[2020-04-01T19:54:32.146+0800][45.157s] GC(4) Pause Young (Normal) (G1 Evacuation Pause)
[2020-04-01T19:54:32.146+0800][45.157s] GC(4) Using 8 workers of 8 for evacuation
[2020-04-01T19:54:32.154+0800][45.165s] GC(4)   Pre Evacuate Collection Set: 0.1ms
[2020-04-01T19:54:32.154+0800][45.165s] GC(4)   Merge Heap Roots: 0.0ms
[2020-04-01T19:54:32.154+0800][45.165s] GC(4)   Evacuate Collection Set: 6.9ms
[2020-04-01T19:54:32.154+0800][45.165s] GC(4)   Post Evacuate Collection Set: 0.6ms
[2020-04-01T19:54:32.154+0800][45.165s] GC(4)   Other: 0.2ms
[2020-04-01T19:54:32.154+0800][45.165s] GC(4) Eden regions: 142->0(292)
[2020-04-01T19:54:32.154+0800][45.165s] GC(4) Survivor regions: 10->15(19)
[2020-04-01T19:54:32.154+0800][45.165s] GC(4) Old regions: 10->10
[2020-04-01T19:54:32.154+0800][45.165s] GC(4) Archive regions: 0->0
[2020-04-01T19:54:32.154+0800][45.165s] GC(4) Humongous regions: 4->4
[2020-04-01T19:54:32.154+0800][45.165s] GC(4) Metaspace: 34276K(35324K)->34276K(35324K) NonClass: 30290K(30976K)->30290K(30976K) Class: 3985K(4348K)->3985K(4348K)
[2020-04-01T19:54:32.154+0800][45.165s] GC(4) Pause Young (Normal) (G1 Evacuation Pause) 165M->28M(512M) 7.999ms
[2020-04-01T19:54:32.154+0800][45.165s] GC(4) User=0.11s Sys=0.00s Real=0.01s
[2020-04-01T19:54:32.245+0800][45.256s] GC(5) Pause Young (Concurrent Start) (Metadata GC Threshold)
[2020-04-01T19:54:32.245+0800][45.256s] GC(5) Using 8 workers of 8 for evacuation
[2020-04-01T19:54:32.251+0800][45.262s] GC(5)   Pre Evacuate Collection Set: 0.1ms
[2020-04-01T19:54:32.251+0800][45.262s] GC(5)   Merge Heap Roots: 0.0ms
[2020-04-01T19:54:32.251+0800][45.262s] GC(5)   Evacuate Collection Set: 5.4ms
[2020-04-01T19:54:32.251+0800][45.262s] GC(5)   Post Evacuate Collection Set: 0.4ms
[2020-04-01T19:54:32.251+0800][45.262s] GC(5)   Other: 0.2ms
[2020-04-01T19:54:32.251+0800][45.262s] GC(5) Eden regions: 35->0(291)
[2020-04-01T19:54:32.251+0800][45.262s] GC(5) Survivor regions: 15->16(39)
[2020-04-01T19:54:32.251+0800][45.262s] GC(5) Old regions: 10->10
[2020-04-01T19:54:32.251+0800][45.262s] GC(5) Archive regions: 0->0
[2020-04-01T19:54:32.251+0800][45.262s] GC(5) Humongous regions: 4->4
[2020-04-01T19:54:32.251+0800][45.262s] GC(5) Metaspace: 35208K(35964K)->35208K(35964K) NonClass: 31063K(31488K)->31063K(31488K) Class: 4145K(4476K)->4145K(4476K)
[2020-04-01T19:54:32.251+0800][45.262s] GC(5) Pause Young (Concurrent Start) (Metadata GC Threshold) 62M->29M(512M) 6.229ms
[2020-04-01T19:54:32.251+0800][45.262s] GC(5) User=0.00s Sys=0.00s Real=0.01s
[2020-04-01T19:54:32.251+0800][45.262s] GC(6) Concurrent Cycle
[2020-04-01T19:54:32.251+0800][45.262s] GC(6) Concurrent Clear Claimed Marks
[2020-04-01T19:54:32.251+0800][45.262s] GC(6) Concurrent Clear Claimed Marks 0.046ms
[2020-04-01T19:54:32.251+0800][45.262s] GC(6) Concurrent Scan Root Regions
[2020-04-01T19:54:32.255+0800][45.266s] GC(6) Concurrent Scan Root Regions 3.923ms
[2020-04-01T19:54:32.255+0800][45.266s] GC(6) Concurrent Mark (45.266s)
[2020-04-01T19:54:32.255+0800][45.266s] GC(6) Concurrent Mark From Roots
[2020-04-01T19:54:32.255+0800][45.266s] GC(6) Using 2 workers of 2 for marking
[2020-04-01T19:54:32.267+0800][45.278s] GC(6) Concurrent Mark From Roots 11.712ms
[2020-04-01T19:54:32.267+0800][45.278s] GC(6) Concurrent Preclean
[2020-04-01T19:54:32.267+0800][45.278s] GC(6) Concurrent Preclean 0.137ms
[2020-04-01T19:54:32.267+0800][45.278s] GC(6) Concurrent Mark (45.266s, 45.278s) 11.955ms
[2020-04-01T19:54:32.268+0800][45.278s] GC(6) Pause Remark
[2020-04-01T19:54:32.269+0800][45.280s] GC(6) Pause Remark 31M->31M(512M) 1.081ms
[2020-04-01T19:54:32.269+0800][45.280s] GC(6) User=0.00s Sys=0.00s Real=0.00s
[2020-04-01T19:54:32.269+0800][45.280s] GC(6) Concurrent Rebuild Remembered Sets
[2020-04-01T19:54:32.275+0800][45.286s] GC(6) Concurrent Rebuild Remembered Sets 6.422ms
[2020-04-01T19:54:32.275+0800][45.286s] GC(6) Pause Cleanup
[2020-04-01T19:54:32.275+0800][45.286s] GC(6) Pause Cleanup 32M->32M(512M) 0.102ms
[2020-04-01T19:54:32.275+0800][45.286s] GC(6) User=0.00s Sys=0.00s Real=0.00s
[2020-04-01T19:54:32.275+0800][45.287s] GC(6) Concurrent Cleanup for Next Mark
[2020-04-01T19:54:32.275+0800][45.287s] GC(6) Concurrent Cleanup for Next Mark 0.363ms
[2020-04-01T19:54:32.276+0800][45.287s] GC(6) Concurrent Cycle 24.626ms
[2020-04-01T20:05:14.306+0800][673.383s] Heap
[2020-04-01T20:05:14.306+0800][673.383s]  garbage-first heap   total 524288K, used 135116K [0x00000000e0000000, 0x0000000100000000)
[2020-04-01T20:05:14.306+0800][673.383s]   region size 1024K, 120 young (122880K), 10 survivors (10240K)
[2020-04-01T20:05:14.306+0800][673.383s]  Metaspace       used 33596K, capacity 34362K, committed 34556K, reserved 1079296K
[2020-04-01T20:05:14.306+0800][673.383s]   class space    used 3940K, capacity 4240K, committed 4348K, reserved 1048576K
[2020-04-01T20:05:19.580+0800][692.591s] Heap
[2020-04-01T20:05:19.580+0800][692.591s]  garbage-first heap   total 524288K, used 201076K [0x00000000e0000000, 0x0000000100000000)
[2020-04-01T20:05:19.580+0800][692.591s]   region size 1024K, 184 young (188416K), 16 survivors (16384K)
[2020-04-01T20:05:19.580+0800][692.591s]  Metaspace       used 38546K, capacity 39362K, committed 39420K, reserved 1083392K
[2020-04-01T20:05:19.580+0800][692.591s]   class space    used 4507K, capacity 4820K, committed 4860K, reserved 1048576K
