[2020-04-21T16:20:09.600+0800][0.022s] Heap region size: 1M
[2020-04-21T16:20:09.600+0800][0.022s] Heap address: 0x00000000e0000000, size: 512 MB, Compressed Oops mode: 32-bit
[2020-04-21T16:20:09.821+0800][0.243s] Using G1
[2020-04-21T16:20:09.841+0800][0.263s] Periodic GC disabled
[2020-04-21T16:20:10.552+0800][0.975s] GC(0) Pause Young (Normal) (G1 Evacuation Pause)
[2020-04-21T16:20:10.553+0800][0.975s] GC(0) Using 8 workers of 8 for evacuation
[2020-04-21T16:20:10.556+0800][0.979s] GC(0)   Pre Evacuate Collection Set: 0.1ms
[2020-04-21T16:20:10.556+0800][0.979s] GC(0)   Merge Heap Roots: 0.0ms
[2020-04-21T16:20:10.556+0800][0.979s] GC(0)   Evacuate Collection Set: 2.8ms
[2020-04-21T16:20:10.556+0800][0.979s] GC(0)   Post Evacuate Collection Set: 0.3ms
[2020-04-21T16:20:10.557+0800][0.979s] GC(0)   Other: 0.6ms
[2020-04-21T16:20:10.557+0800][0.979s] GC(0) Eden regions: 29->0(42)
[2020-04-21T16:20:10.557+0800][0.979s] GC(0) Survivor regions: 0->4(4)
[2020-04-21T16:20:10.557+0800][0.979s] GC(0) Old regions: 0->0
[2020-04-21T16:20:10.557+0800][0.979s] GC(0) Archive regions: 0->0
[2020-04-21T16:20:10.557+0800][0.979s] GC(0) Humongous regions: 0->0
[2020-04-21T16:20:10.557+0800][0.979s] GC(0) Metaspace: 8104K(8576K)->8104K(8576K) NonClass: 7143K(7424K)->7143K(7424K) Class: 960K(1152K)->960K(1152K)
[2020-04-21T16:20:10.557+0800][0.979s] GC(0) Pause Young (Normal) (G1 Evacuation Pause) 29M->3M(512M) 4.352ms
[2020-04-21T16:20:10.557+0800][0.979s] GC(0) User=0.00s Sys=0.00s Real=0.00s
[2020-04-21T16:20:11.205+0800][1.628s] GC(1) Pause Young (Normal) (G1 Evacuation Pause)
[2020-04-21T16:20:11.205+0800][1.628s] GC(1) Using 8 workers of 8 for evacuation
[2020-04-21T16:20:11.214+0800][1.637s] GC(1)   Pre Evacuate Collection Set: 0.1ms
[2020-04-21T16:20:11.214+0800][1.637s] GC(1)   Merge Heap Roots: 0.0ms
[2020-04-21T16:20:11.214+0800][1.637s] GC(1)   Evacuate Collection Set: 7.8ms
[2020-04-21T16:20:11.214+0800][1.637s] GC(1)   Post Evacuate Collection Set: 0.5ms
[2020-04-21T16:20:11.214+0800][1.637s] GC(1)   Other: 0.1ms
[2020-04-21T16:20:11.214+0800][1.637s] GC(1) Eden regions: 42->0(114)
[2020-04-21T16:20:11.214+0800][1.637s] GC(1) Survivor regions: 4->6(6)
[2020-04-21T16:20:11.214+0800][1.637s] GC(1) Old regions: 0->10
[2020-04-21T16:20:11.214+0800][1.637s] GC(1) Archive regions: 0->0
[2020-04-21T16:20:11.214+0800][1.637s] GC(1) Humongous regions: 4->4
[2020-04-21T16:20:11.214+0800][1.637s] GC(1) Metaspace: 14957K(15616K)->14957K(15616K) NonClass: 13190K(13568K)->13190K(13568K) Class: 1766K(2048K)->1766K(2048K)
[2020-04-21T16:20:11.214+0800][1.637s] GC(1) Pause Young (Normal) (G1 Evacuation Pause) 49M->19M(512M) 8.670ms
[2020-04-21T16:20:11.214+0800][1.637s] GC(1) User=0.11s Sys=0.00s Real=0.01s
[2020-04-21T16:20:11.832+0800][2.254s] GC(2) Pause Young (Concurrent Start) (Metadata GC Threshold)
[2020-04-21T16:20:11.832+0800][2.254s] GC(2) Using 8 workers of 8 for evacuation
[2020-04-21T16:20:11.836+0800][2.259s] GC(2)   Pre Evacuate Collection Set: 0.1ms
[2020-04-21T16:20:11.836+0800][2.259s] GC(2)   Merge Heap Roots: 0.0ms
[2020-04-21T16:20:11.836+0800][2.259s] GC(2)   Evacuate Collection Set: 3.6ms
[2020-04-21T16:20:11.836+0800][2.259s] GC(2)   Post Evacuate Collection Set: 0.6ms
[2020-04-21T16:20:11.836+0800][2.259s] GC(2)   Other: 0.2ms
[2020-04-21T16:20:11.836+0800][2.259s] GC(2) Eden regions: 64->0(122)
[2020-04-21T16:20:11.837+0800][2.259s] GC(2) Survivor regions: 6->11(15)
[2020-04-21T16:20:11.837+0800][2.259s] GC(2) Old regions: 10->10
[2020-04-21T16:20:11.837+0800][2.259s] GC(2) Archive regions: 0->0
[2020-04-21T16:20:11.837+0800][2.259s] GC(2) Humongous regions: 4->4
[2020-04-21T16:20:11.837+0800][2.259s] GC(2) Metaspace: 20642K(21248K)->20642K(21248K) NonClass: 18286K(18688K)->18286K(18688K) Class: 2356K(2560K)->2356K(2560K)
[2020-04-21T16:20:11.837+0800][2.259s] GC(2) Pause Young (Concurrent Start) (Metadata GC Threshold) 82M->23M(512M) 4.749ms
[2020-04-21T16:20:11.837+0800][2.259s] GC(2) User=0.13s Sys=0.00s Real=0.00s
[2020-04-21T16:20:11.837+0800][2.259s] GC(3) Concurrent Cycle
[2020-04-21T16:20:11.837+0800][2.259s] GC(3) Concurrent Clear Claimed Marks
[2020-04-21T16:20:11.837+0800][2.259s] GC(3) Concurrent Clear Claimed Marks 0.032ms
[2020-04-21T16:20:11.837+0800][2.259s] GC(3) Concurrent Scan Root Regions
[2020-04-21T16:20:11.839+0800][2.261s] GC(3) Concurrent Scan Root Regions 2.297ms
[2020-04-21T16:20:11.839+0800][2.261s] GC(3) Concurrent Mark (2.261s)
[2020-04-21T16:20:11.839+0800][2.261s] GC(3) Concurrent Mark From Roots
[2020-04-21T16:20:11.839+0800][2.261s] GC(3) Using 2 workers of 2 for marking
[2020-04-21T16:20:11.851+0800][2.274s] GC(3) Concurrent Mark From Roots 12.148ms
[2020-04-21T16:20:11.851+0800][2.274s] GC(3) Concurrent Preclean
[2020-04-21T16:20:11.852+0800][2.274s] GC(3) Concurrent Preclean 0.144ms
[2020-04-21T16:20:11.852+0800][2.274s] GC(3) Concurrent Mark (2.261s, 2.274s) 12.377ms
[2020-04-21T16:20:11.852+0800][2.274s] GC(3) Pause Remark
[2020-04-21T16:20:11.853+0800][2.275s] GC(3) Pause Remark 25M->25M(512M) 0.924ms
[2020-04-21T16:20:11.853+0800][2.275s] GC(3) User=0.00s Sys=0.00s Real=0.00s
[2020-04-21T16:20:11.853+0800][2.275s] GC(3) Concurrent Rebuild Remembered Sets
[2020-04-21T16:20:11.858+0800][2.280s] GC(3) Concurrent Rebuild Remembered Sets 5.211ms
[2020-04-21T16:20:11.858+0800][2.280s] GC(3) Pause Cleanup
[2020-04-21T16:20:11.858+0800][2.280s] GC(3) Pause Cleanup 26M->26M(512M) 0.115ms
[2020-04-21T16:20:11.858+0800][2.280s] GC(3) User=0.00s Sys=0.00s Real=0.00s
[2020-04-21T16:20:11.858+0800][2.280s] GC(3) Concurrent Cleanup for Next Mark
[2020-04-21T16:20:11.859+0800][2.281s] GC(3) Concurrent Cleanup for Next Mark 0.506ms
[2020-04-21T16:20:11.859+0800][2.281s] GC(3) Concurrent Cycle 22.147ms
[2020-04-21T16:20:12.838+0800][3.260s] GC(4) Pause Young (Normal) (G1 Evacuation Pause)
[2020-04-21T16:20:12.838+0800][3.260s] GC(4) Using 8 workers of 8 for evacuation
[2020-04-21T16:20:12.844+0800][3.267s] GC(4)   Pre Evacuate Collection Set: 0.0ms
[2020-04-21T16:20:12.844+0800][3.267s] GC(4)   Merge Heap Roots: 0.1ms
[2020-04-21T16:20:12.844+0800][3.267s] GC(4)   Evacuate Collection Set: 5.8ms
[2020-04-21T16:20:12.844+0800][3.267s] GC(4)   Post Evacuate Collection Set: 0.6ms
[2020-04-21T16:20:12.844+0800][3.267s] GC(4)   Other: 0.2ms
[2020-04-21T16:20:12.844+0800][3.267s] GC(4) Eden regions: 135->0(291)
[2020-04-21T16:20:12.844+0800][3.267s] GC(4) Survivor regions: 11->16(19)
[2020-04-21T16:20:12.844+0800][3.267s] GC(4) Old regions: 10->10
[2020-04-21T16:20:12.844+0800][3.267s] GC(4) Archive regions: 0->0
[2020-04-21T16:20:12.844+0800][3.267s] GC(4) Humongous regions: 5->4
[2020-04-21T16:20:12.844+0800][3.267s] GC(4) Metaspace: 33880K(34812K)->33880K(34812K) NonClass: 29916K(30464K)->29916K(30464K) Class: 3964K(4348K)->3964K(4348K)
[2020-04-21T16:20:12.844+0800][3.267s] GC(4) Pause Young (Normal) (G1 Evacuation Pause) 159M->29M(512M) 6.962ms
[2020-04-21T16:20:12.845+0800][3.267s] GC(4) User=0.00s Sys=0.00s Real=0.01s
[2020-04-21T16:20:12.966+0800][3.388s] GC(5) Pause Young (Concurrent Start) (Metadata GC Threshold)
[2020-04-21T16:20:12.966+0800][3.388s] GC(5) Using 8 workers of 8 for evacuation
[2020-04-21T16:20:12.972+0800][3.394s] GC(5)   Pre Evacuate Collection Set: 0.1ms
[2020-04-21T16:20:12.972+0800][3.394s] GC(5)   Merge Heap Roots: 0.0ms
[2020-04-21T16:20:12.972+0800][3.394s] GC(5)   Evacuate Collection Set: 5.1ms
[2020-04-21T16:20:12.972+0800][3.394s] GC(5)   Post Evacuate Collection Set: 0.4ms
[2020-04-21T16:20:12.972+0800][3.394s] GC(5)   Other: 0.2ms
[2020-04-21T16:20:12.972+0800][3.394s] GC(5) Eden regions: 40->0(290)
[2020-04-21T16:20:12.972+0800][3.394s] GC(5) Survivor regions: 16->17(39)
[2020-04-21T16:20:12.972+0800][3.394s] GC(5) Old regions: 10->10
[2020-04-21T16:20:12.972+0800][3.394s] GC(5) Archive regions: 0->0
[2020-04-21T16:20:12.972+0800][3.394s] GC(5) Humongous regions: 4->4
[2020-04-21T16:20:12.972+0800][3.394s] GC(5) Metaspace: 35119K(35964K)->35119K(35964K) NonClass: 31024K(31488K)->31024K(31488K) Class: 4095K(4476K)->4095K(4476K)
[2020-04-21T16:20:12.972+0800][3.394s] GC(5) Pause Young (Concurrent Start) (Metadata GC Threshold) 68M->30M(512M) 6.115ms
[2020-04-21T16:20:12.972+0800][3.394s] GC(5) User=0.00s Sys=0.00s Real=0.01s
[2020-04-21T16:20:12.972+0800][3.394s] GC(6) Concurrent Cycle
[2020-04-21T16:20:12.972+0800][3.394s] GC(6) Concurrent Clear Claimed Marks
[2020-04-21T16:20:12.972+0800][3.394s] GC(6) Concurrent Clear Claimed Marks 0.047ms
[2020-04-21T16:20:12.972+0800][3.395s] GC(6) Concurrent Scan Root Regions
[2020-04-21T16:20:12.977+0800][3.399s] GC(6) Concurrent Scan Root Regions 4.873ms
[2020-04-21T16:20:12.977+0800][3.399s] GC(6) Concurrent Mark (3.399s)
[2020-04-21T16:20:12.977+0800][3.399s] GC(6) Concurrent Mark From Roots
[2020-04-21T16:20:12.977+0800][3.399s] GC(6) Using 2 workers of 2 for marking
[2020-04-21T16:20:12.990+0800][3.412s] GC(6) Concurrent Mark From Roots 12.571ms
[2020-04-21T16:20:12.990+0800][3.412s] GC(6) Concurrent Preclean
[2020-04-21T16:20:12.990+0800][3.412s] GC(6) Concurrent Preclean 0.161ms
[2020-04-21T16:20:12.990+0800][3.412s] GC(6) Concurrent Mark (3.399s, 3.412s) 12.825ms
[2020-04-21T16:20:12.990+0800][3.412s] GC(6) Pause Remark
[2020-04-21T16:20:12.992+0800][3.414s] GC(6) Pause Remark 31M->31M(512M) 1.936ms
[2020-04-21T16:20:12.992+0800][3.414s] GC(6) User=0.00s Sys=0.00s Real=0.00s
[2020-04-21T16:20:12.992+0800][3.414s] GC(6) Concurrent Rebuild Remembered Sets
[2020-04-21T16:20:12.999+0800][3.421s] GC(6) Concurrent Rebuild Remembered Sets 6.215ms
[2020-04-21T16:20:12.999+0800][3.421s] GC(6) Pause Cleanup
[2020-04-21T16:20:12.999+0800][3.421s] GC(6) Pause Cleanup 32M->32M(512M) 0.078ms
[2020-04-21T16:20:12.999+0800][3.421s] GC(6) User=0.00s Sys=0.00s Real=0.00s
[2020-04-21T16:20:12.999+0800][3.421s] GC(6) Concurrent Cleanup for Next Mark
[2020-04-21T16:20:12.999+0800][3.421s] GC(6) Concurrent Cleanup for Next Mark 0.334ms
[2020-04-21T16:20:12.999+0800][3.421s] GC(6) Concurrent Cycle 26.972ms
[2020-04-21T16:20:14.359+0800][4.782s] GC(7) Pause Young (Normal) (G1 Evacuation Pause)
[2020-04-21T16:20:14.359+0800][4.782s] GC(7) Using 8 workers of 8 for evacuation
[2020-04-21T16:20:14.372+0800][4.795s] GC(7)   Pre Evacuate Collection Set: 0.1ms
[2020-04-21T16:20:14.373+0800][4.795s] GC(7)   Merge Heap Roots: 0.1ms
[2020-04-21T16:20:14.373+0800][4.795s] GC(7)   Evacuate Collection Set: 11.9ms
[2020-04-21T16:20:14.373+0800][4.795s] GC(7)   Post Evacuate Collection Set: 0.9ms
[2020-04-21T16:20:14.373+0800][4.795s] GC(7)   Other: 0.3ms
[2020-04-21T16:20:14.373+0800][4.795s] GC(7) Eden regions: 290->0(284)
[2020-04-21T16:20:14.373+0800][4.795s] GC(7) Survivor regions: 17->23(39)
[2020-04-21T16:20:14.373+0800][4.795s] GC(7) Old regions: 10->10
[2020-04-21T16:20:14.373+0800][4.795s] GC(7) Archive regions: 0->0
[2020-04-21T16:20:14.373+0800][4.795s] GC(7) Humongous regions: 4->4
[2020-04-21T16:20:14.373+0800][4.795s] GC(7) Metaspace: 44754K(45948K)->44754K(45948K) NonClass: 39424K(40192K)->39424K(40192K) Class: 5330K(5756K)->5330K(5756K)
[2020-04-21T16:20:14.373+0800][4.795s] GC(7) Pause Young (Normal) (G1 Evacuation Pause) 320M->35M(512M) 13.616ms
[2020-04-21T16:20:14.373+0800][4.795s] GC(7) User=0.09s Sys=0.00s Real=0.01s
[2020-04-21T16:20:39.655+0800][0.034s] Heap region size: 1M
[2020-04-21T16:20:39.656+0800][0.034s] Heap address: 0x00000000e0000000, size: 512 MB, Compressed Oops mode: 32-bit
[2020-04-21T16:20:39.867+0800][0.244s] Using G1
[2020-04-21T16:20:39.887+0800][0.266s] Periodic GC disabled
[2020-04-21T16:20:40.560+0800][0.937s] GC(0) Pause Young (Normal) (G1 Evacuation Pause)
[2020-04-21T16:20:40.560+0800][0.938s] GC(0) Using 8 workers of 8 for evacuation
[2020-04-21T16:20:40.563+0800][0.941s] GC(0)   Pre Evacuate Collection Set: 0.1ms
[2020-04-21T16:20:40.563+0800][0.941s] GC(0)   Merge Heap Roots: 0.0ms
[2020-04-21T16:20:40.563+0800][0.941s] GC(0)   Evacuate Collection Set: 2.3ms
[2020-04-21T16:20:40.563+0800][0.941s] GC(0)   Post Evacuate Collection Set: 0.3ms
[2020-04-21T16:20:40.563+0800][0.941s] GC(0)   Other: 0.6ms
[2020-04-21T16:20:40.563+0800][0.941s] GC(0) Eden regions: 29->0(42)
[2020-04-21T16:20:40.563+0800][0.941s] GC(0) Survivor regions: 0->4(4)
[2020-04-21T16:20:40.563+0800][0.941s] GC(0) Old regions: 0->0
[2020-04-21T16:20:40.563+0800][0.941s] GC(0) Archive regions: 0->0
[2020-04-21T16:20:40.563+0800][0.941s] GC(0) Humongous regions: 0->0
[2020-04-21T16:20:40.563+0800][0.941s] GC(0) Metaspace: 8097K(8576K)->8097K(8576K) NonClass: 7137K(7424K)->7137K(7424K) Class: 960K(1152K)->960K(1152K)
[2020-04-21T16:20:40.563+0800][0.941s] GC(0) Pause Young (Normal) (G1 Evacuation Pause) 29M->3M(512M) 3.553ms
[2020-04-21T16:20:40.563+0800][0.941s] GC(0) User=0.00s Sys=0.00s Real=0.00s
[2020-04-21T16:20:41.151+0800][1.529s] GC(1) Pause Young (Normal) (G1 Evacuation Pause)
[2020-04-21T16:20:41.151+0800][1.529s] GC(1) Using 8 workers of 8 for evacuation
[2020-04-21T16:20:41.159+0800][1.537s] GC(1)   Pre Evacuate Collection Set: 0.1ms
[2020-04-21T16:20:41.159+0800][1.537s] GC(1)   Merge Heap Roots: 0.1ms
[2020-04-21T16:20:41.159+0800][1.537s] GC(1)   Evacuate Collection Set: 7.2ms
[2020-04-21T16:20:41.159+0800][1.537s] GC(1)   Post Evacuate Collection Set: 0.8ms
[2020-04-21T16:20:41.159+0800][1.537s] GC(1)   Other: 0.1ms
[2020-04-21T16:20:41.159+0800][1.537s] GC(1) Eden regions: 42->0(113)
[2020-04-21T16:20:41.159+0800][1.537s] GC(1) Survivor regions: 4->6(6)
[2020-04-21T16:20:41.159+0800][1.537s] GC(1) Old regions: 0->10
[2020-04-21T16:20:41.159+0800][1.537s] GC(1) Archive regions: 0->0
[2020-04-21T16:20:41.159+0800][1.537s] GC(1) Humongous regions: 4->4
[2020-04-21T16:20:41.159+0800][1.537s] GC(1) Metaspace: 14998K(15616K)->14998K(15616K) NonClass: 13228K(13568K)->13228K(13568K) Class: 1770K(2048K)->1770K(2048K)
[2020-04-21T16:20:41.159+0800][1.537s] GC(1) Pause Young (Normal) (G1 Evacuation Pause) 49M->19M(512M) 8.442ms
[2020-04-21T16:20:41.159+0800][1.537s] GC(1) User=0.00s Sys=0.00s Real=0.01s
[2020-04-21T16:20:41.850+0800][2.228s] GC(2) Pause Young (Concurrent Start) (Metadata GC Threshold)
[2020-04-21T16:20:41.850+0800][2.228s] GC(2) Using 8 workers of 8 for evacuation
[2020-04-21T16:20:41.854+0800][2.232s] GC(2)   Pre Evacuate Collection Set: 0.1ms
[2020-04-21T16:20:41.854+0800][2.232s] GC(2)   Merge Heap Roots: 0.1ms
[2020-04-21T16:20:41.854+0800][2.232s] GC(2)   Evacuate Collection Set: 3.5ms
[2020-04-21T16:20:41.854+0800][2.232s] GC(2)   Post Evacuate Collection Set: 0.6ms
[2020-04-21T16:20:41.854+0800][2.232s] GC(2)   Other: 0.2ms
[2020-04-21T16:20:41.854+0800][2.232s] GC(2) Eden regions: 69->0(150)
[2020-04-21T16:20:41.854+0800][2.232s] GC(2) Survivor regions: 6->10(15)
[2020-04-21T16:20:41.854+0800][2.232s] GC(2) Old regions: 10->10
[2020-04-21T16:20:41.854+0800][2.232s] GC(2) Archive regions: 0->0
[2020-04-21T16:20:41.854+0800][2.233s] GC(2) Humongous regions: 4->4
[2020-04-21T16:20:41.854+0800][2.233s] GC(2) Metaspace: 20660K(21248K)->20660K(21248K) NonClass: 18304K(18688K)->18304K(18688K) Class: 2356K(2560K)->2356K(2560K)
[2020-04-21T16:20:41.854+0800][2.233s] GC(2) Pause Young (Concurrent Start) (Metadata GC Threshold) 88M->23M(512M) 4.542ms
[2020-04-21T16:20:41.854+0800][2.233s] GC(2) User=0.00s Sys=0.00s Real=0.00s
[2020-04-21T16:20:41.854+0800][2.233s] GC(3) Concurrent Cycle
[2020-04-21T16:20:41.854+0800][2.233s] GC(3) Concurrent Clear Claimed Marks
[2020-04-21T16:20:41.854+0800][2.233s] GC(3) Concurrent Clear Claimed Marks 0.028ms
[2020-04-21T16:20:41.854+0800][2.233s] GC(3) Concurrent Scan Root Regions
[2020-04-21T16:20:41.857+0800][2.235s] GC(3) Concurrent Scan Root Regions 2.733ms
[2020-04-21T16:20:41.857+0800][2.235s] GC(3) Concurrent Mark (2.235s)
[2020-04-21T16:20:41.857+0800][2.235s] GC(3) Concurrent Mark From Roots
[2020-04-21T16:20:41.857+0800][2.235s] GC(3) Using 2 workers of 2 for marking
[2020-04-21T16:20:41.870+0800][2.248s] GC(3) Concurrent Mark From Roots 12.342ms
[2020-04-21T16:20:41.870+0800][2.248s] GC(3) Concurrent Preclean
[2020-04-21T16:20:41.870+0800][2.248s] GC(3) Concurrent Preclean 0.132ms
[2020-04-21T16:20:41.870+0800][2.248s] GC(3) Concurrent Mark (2.235s, 2.248s) 12.547ms
[2020-04-21T16:20:41.870+0800][2.248s] GC(3) Pause Remark
[2020-04-21T16:20:41.871+0800][2.249s] GC(3) Pause Remark 25M->25M(512M) 1.128ms
[2020-04-21T16:20:41.871+0800][2.249s] GC(3) User=0.00s Sys=0.00s Real=0.00s
[2020-04-21T16:20:41.871+0800][2.249s] GC(3) Concurrent Rebuild Remembered Sets
[2020-04-21T16:20:41.877+0800][2.255s] GC(3) Concurrent Rebuild Remembered Sets 6.032ms
[2020-04-21T16:20:41.877+0800][2.256s] GC(3) Pause Cleanup
[2020-04-21T16:20:41.877+0800][2.256s] GC(3) Pause Cleanup 25M->25M(512M) 0.081ms
[2020-04-21T16:20:41.877+0800][2.256s] GC(3) User=0.00s Sys=0.00s Real=0.00s
[2020-04-21T16:20:41.877+0800][2.256s] GC(3) Concurrent Cleanup for Next Mark
[2020-04-21T16:20:41.878+0800][2.256s] GC(3) Concurrent Cleanup for Next Mark 0.312ms
[2020-04-21T16:20:41.878+0800][2.256s] GC(3) Concurrent Cycle 23.438ms
[2020-04-21T16:20:42.924+0800][3.303s] GC(4) Pause Young (Concurrent Start) (Metadata GC Threshold)
[2020-04-21T16:20:42.924+0800][3.303s] GC(4) Using 8 workers of 8 for evacuation
[2020-04-21T16:20:42.932+0800][3.310s] GC(4)   Pre Evacuate Collection Set: 0.1ms
[2020-04-21T16:20:42.932+0800][3.310s] GC(4)   Merge Heap Roots: 0.1ms
[2020-04-21T16:20:42.932+0800][3.310s] GC(4)   Evacuate Collection Set: 6.5ms
[2020-04-21T16:20:42.932+0800][3.310s] GC(4)   Post Evacuate Collection Set: 0.5ms
[2020-04-21T16:20:42.932+0800][3.310s] GC(4)   Other: 0.2ms
[2020-04-21T16:20:42.932+0800][3.310s] GC(4) Eden regions: 156->0(290)
[2020-04-21T16:20:42.932+0800][3.310s] GC(4) Survivor regions: 10->17(22)
[2020-04-21T16:20:42.932+0800][3.310s] GC(4) Old regions: 10->10
[2020-04-21T16:20:42.932+0800][3.310s] GC(4) Archive regions: 0->0
[2020-04-21T16:20:42.932+0800][3.310s] GC(4) Humongous regions: 5->4
[2020-04-21T16:20:42.932+0800][3.310s] GC(4) Metaspace: 35145K(35964K)->35145K(35964K) NonClass: 31035K(31488K)->31035K(31488K) Class: 4110K(4476K)->4110K(4476K)
[2020-04-21T16:20:42.932+0800][3.310s] GC(4) Pause Young (Concurrent Start) (Metadata GC Threshold) 179M->30M(512M) 7.574ms
[2020-04-21T16:20:42.932+0800][3.310s] GC(4) User=0.13s Sys=0.00s Real=0.01s
[2020-04-21T16:20:42.932+0800][3.310s] GC(5) Concurrent Cycle
[2020-04-21T16:20:42.932+0800][3.310s] GC(5) Concurrent Clear Claimed Marks
[2020-04-21T16:20:42.932+0800][3.310s] GC(5) Concurrent Clear Claimed Marks 0.040ms
[2020-04-21T16:20:42.932+0800][3.310s] GC(5) Concurrent Scan Root Regions
[2020-04-21T16:20:42.936+0800][3.314s] GC(5) Concurrent Scan Root Regions 3.806ms
[2020-04-21T16:20:42.936+0800][3.314s] GC(5) Concurrent Mark (3.314s)
[2020-04-21T16:20:42.936+0800][3.314s] GC(5) Concurrent Mark From Roots
[2020-04-21T16:20:42.936+0800][3.314s] GC(5) Using 2 workers of 2 for marking
[2020-04-21T16:20:42.947+0800][3.325s] GC(5) Concurrent Mark From Roots 11.067ms
[2020-04-21T16:20:42.947+0800][3.325s] GC(5) Concurrent Preclean
[2020-04-21T16:20:42.947+0800][3.326s] GC(5) Concurrent Preclean 0.119ms
[2020-04-21T16:20:42.947+0800][3.326s] GC(5) Concurrent Mark (3.314s, 3.326s) 11.249ms
[2020-04-21T16:20:42.947+0800][3.326s] GC(5) Pause Remark
[2020-04-21T16:20:42.949+0800][3.327s] GC(5) Pause Remark 39M->39M(512M) 1.284ms
[2020-04-21T16:20:42.949+0800][3.327s] GC(5) User=0.00s Sys=0.00s Real=0.00s
[2020-04-21T16:20:42.949+0800][3.327s] GC(5) Concurrent Rebuild Remembered Sets
[2020-04-21T16:20:42.955+0800][3.333s] GC(5) Concurrent Rebuild Remembered Sets 6.102ms
[2020-04-21T16:20:42.955+0800][3.334s] GC(5) Pause Cleanup
[2020-04-21T16:20:42.955+0800][3.334s] GC(5) Pause Cleanup 48M->48M(512M) 0.085ms
[2020-04-21T16:20:42.955+0800][3.334s] GC(5) User=0.00s Sys=0.00s Real=0.00s
[2020-04-21T16:20:42.955+0800][3.334s] GC(5) Concurrent Cleanup for Next Mark
[2020-04-21T16:20:42.956+0800][3.334s] GC(5) Concurrent Cleanup for Next Mark 0.587ms
[2020-04-21T16:20:42.956+0800][3.334s] GC(5) Concurrent Cycle 23.908ms
[2020-04-21T16:21:00.148+0800][50.570s] Heap
[2020-04-21T16:21:00.148+0800][50.571s]  garbage-first heap   total 524288K, used 74434K [0x00000000e0000000, 0x0000000100000000)
[2020-04-21T16:21:00.148+0800][50.571s]   region size 1024K, 61 young (62464K), 23 survivors (23552K)
[2020-04-21T16:21:00.148+0800][50.571s]  Metaspace       used 46666K, capacity 47625K, committed 47740K, reserved 1091584K
[2020-04-21T16:21:00.148+0800][50.571s]   class space    used 5615K, capacity 5973K, committed 6012K, reserved 1048576K
[2020-04-21T16:21:14.047+0800][34.426s] Heap
[2020-04-21T16:21:14.048+0800][34.426s]  garbage-first heap   total 524288K, used 242946K [0x00000000e0000000, 0x0000000100000000)
[2020-04-21T16:21:14.048+0800][34.426s]   region size 1024K, 225 young (230400K), 17 survivors (17408K)
[2020-04-21T16:21:14.048+0800][34.426s]  Metaspace       used 40260K, capacity 41171K, committed 41372K, reserved 1085440K
[2020-04-21T16:21:14.048+0800][34.426s]   class space    used 4708K, capacity 5034K, committed 5116K, reserved 1048576K
