[2020-04-01T20:14:57.996+0800][0.017s] Heap region size: 1M
[2020-04-01T20:14:57.996+0800][0.017s] Heap address: 0x00000000e0000000, size: 512 MB, Compressed Oops mode: 32-bit
[2020-04-01T20:14:58.142+0800][0.164s] Using G1
[2020-04-01T20:14:58.160+0800][0.181s] Periodic GC disabled
[2020-04-01T20:14:58.929+0800][0.950s] GC(0) Pause Young (Normal) (G1 Evacuation Pause)
[2020-04-01T20:14:58.929+0800][0.950s] GC(0) Using 8 workers of 8 for evacuation
[2020-04-01T20:14:58.932+0800][0.953s] GC(0)   Pre Evacuate Collection Set: 0.0ms
[2020-04-01T20:14:58.932+0800][0.953s] GC(0)   Merge Heap Roots: 0.0ms
[2020-04-01T20:14:58.932+0800][0.953s] GC(0)   Evacuate Collection Set: 2.3ms
[2020-04-01T20:14:58.932+0800][0.953s] GC(0)   Post Evacuate Collection Set: 0.2ms
[2020-04-01T20:14:58.932+0800][0.954s] GC(0)   Other: 0.6ms
[2020-04-01T20:14:58.933+0800][0.954s] GC(0) Eden regions: 29->0(42)
[2020-04-01T20:14:58.933+0800][0.954s] GC(0) Survivor regions: 0->4(4)
[2020-04-01T20:14:58.933+0800][0.954s] GC(0) Old regions: 0->0
[2020-04-01T20:14:58.933+0800][0.954s] GC(0) Archive regions: 0->0
[2020-04-01T20:14:58.933+0800][0.954s] GC(0) Humongous regions: 0->0
[2020-04-01T20:14:58.933+0800][0.954s] GC(0) Metaspace: 8101K(8576K)->8101K(8576K) NonClass: 7141K(7424K)->7141K(7424K) Class: 960K(1152K)->960K(1152K)
[2020-04-01T20:14:58.933+0800][0.954s] GC(0) Pause Young (Normal) (G1 Evacuation Pause) 29M->3M(512M) 3.779ms
[2020-04-01T20:14:58.933+0800][0.954s] GC(0) User=0.13s Sys=0.00s Real=0.00s
[2020-04-01T20:14:59.724+0800][1.745s] GC(1) Pause Young (Normal) (G1 Evacuation Pause)
[2020-04-01T20:14:59.724+0800][1.745s] GC(1) Using 8 workers of 8 for evacuation
[2020-04-01T20:14:59.732+0800][1.753s] GC(1)   Pre Evacuate Collection Set: 0.0ms
[2020-04-01T20:14:59.732+0800][1.753s] GC(1)   Merge Heap Roots: 0.0ms
[2020-04-01T20:14:59.732+0800][1.753s] GC(1)   Evacuate Collection Set: 7.1ms
[2020-04-01T20:14:59.732+0800][1.753s] GC(1)   Post Evacuate Collection Set: 0.6ms
[2020-04-01T20:14:59.732+0800][1.753s] GC(1)   Other: 0.2ms
[2020-04-01T20:14:59.732+0800][1.753s] GC(1) Eden regions: 42->0(114)
[2020-04-01T20:14:59.732+0800][1.753s] GC(1) Survivor regions: 4->6(6)
[2020-04-01T20:14:59.732+0800][1.753s] GC(1) Old regions: 0->10
[2020-04-01T20:14:59.732+0800][1.753s] GC(1) Archive regions: 0->0
[2020-04-01T20:14:59.732+0800][1.753s] GC(1) Humongous regions: 4->4
[2020-04-01T20:14:59.732+0800][1.753s] GC(1) Metaspace: 14968K(15616K)->14968K(15616K) NonClass: 13201K(13568K)->13201K(13568K) Class: 1766K(2048K)->1766K(2048K)
[2020-04-01T20:14:59.732+0800][1.753s] GC(1) Pause Young (Normal) (G1 Evacuation Pause) 49M->19M(512M) 8.183ms
[2020-04-01T20:14:59.732+0800][1.753s] GC(1) User=0.13s Sys=0.00s Real=0.01s
[2020-04-01T20:15:00.511+0800][2.532s] GC(2) Pause Young (Concurrent Start) (Metadata GC Threshold)
[2020-04-01T20:15:00.511+0800][2.532s] GC(2) Using 8 workers of 8 for evacuation
[2020-04-01T20:15:00.516+0800][2.537s] GC(2)   Pre Evacuate Collection Set: 0.1ms
[2020-04-01T20:15:00.516+0800][2.537s] GC(2)   Merge Heap Roots: 0.0ms
[2020-04-01T20:15:00.516+0800][2.537s] GC(2)   Evacuate Collection Set: 3.7ms
[2020-04-01T20:15:00.516+0800][2.537s] GC(2)   Post Evacuate Collection Set: 1.0ms
[2020-04-01T20:15:00.516+0800][2.537s] GC(2)   Other: 0.2ms
[2020-04-01T20:15:00.516+0800][2.537s] GC(2) Eden regions: 63->0(139)
[2020-04-01T20:15:00.516+0800][2.537s] GC(2) Survivor regions: 6->10(15)
[2020-04-01T20:15:00.516+0800][2.537s] GC(2) Old regions: 10->10
[2020-04-01T20:15:00.516+0800][2.537s] GC(2) Archive regions: 0->0
[2020-04-01T20:15:00.516+0800][2.537s] GC(2) Humongous regions: 4->4
[2020-04-01T20:15:00.516+0800][2.537s] GC(2) Metaspace: 20621K(21248K)->20621K(21248K) NonClass: 18266K(18688K)->18266K(18688K) Class: 2354K(2560K)->2354K(2560K)
[2020-04-01T20:15:00.516+0800][2.537s] GC(2) Pause Young (Concurrent Start) (Metadata GC Threshold) 81M->23M(512M) 5.207ms
[2020-04-01T20:15:00.516+0800][2.537s] GC(2) User=0.00s Sys=0.00s Real=0.01s
[2020-04-01T20:15:00.516+0800][2.538s] GC(3) Concurrent Cycle
[2020-04-01T20:15:00.517+0800][2.538s] GC(3) Concurrent Clear Claimed Marks
[2020-04-01T20:15:00.517+0800][2.538s] GC(3) Concurrent Clear Claimed Marks 0.039ms
[2020-04-01T20:15:00.517+0800][2.538s] GC(3) Concurrent Scan Root Regions
[2020-04-01T20:15:00.519+0800][2.540s] GC(3) Concurrent Scan Root Regions 2.356ms
[2020-04-01T20:15:00.519+0800][2.540s] GC(3) Concurrent Mark (2.540s)
[2020-04-01T20:15:00.519+0800][2.540s] GC(3) Concurrent Mark From Roots
[2020-04-01T20:15:00.519+0800][2.540s] GC(3) Using 2 workers of 2 for marking
[2020-04-01T20:15:00.532+0800][2.553s] GC(3) Concurrent Mark From Roots 12.799ms
[2020-04-01T20:15:00.532+0800][2.553s] GC(3) Concurrent Preclean
[2020-04-01T20:15:00.532+0800][2.553s] GC(3) Concurrent Preclean 0.096ms
[2020-04-01T20:15:00.532+0800][2.553s] GC(3) Concurrent Mark (2.540s, 2.553s) 12.969ms
[2020-04-01T20:15:00.532+0800][2.553s] GC(3) Pause Remark
[2020-04-01T20:15:00.533+0800][2.554s] GC(3) Pause Remark 25M->25M(512M) 0.814ms
[2020-04-01T20:15:00.533+0800][2.554s] GC(3) User=0.00s Sys=0.00s Real=0.00s
[2020-04-01T20:15:00.533+0800][2.554s] GC(3) Concurrent Rebuild Remembered Sets
[2020-04-01T20:15:00.539+0800][2.560s] GC(3) Concurrent Rebuild Remembered Sets 6.117ms
[2020-04-01T20:15:00.539+0800][2.560s] GC(3) Pause Cleanup
[2020-04-01T20:15:00.539+0800][2.560s] GC(3) Pause Cleanup 25M->25M(512M) 0.064ms
[2020-04-01T20:15:00.539+0800][2.560s] GC(3) User=0.00s Sys=0.00s Real=0.00s
[2020-04-01T20:15:00.539+0800][2.560s] GC(3) Concurrent Cleanup for Next Mark
[2020-04-01T20:15:00.540+0800][2.561s] GC(3) Concurrent Cleanup for Next Mark 0.406ms
[2020-04-01T20:15:00.540+0800][2.561s] GC(3) Concurrent Cycle 23.453ms
[2020-04-01T20:15:04.316+0800][0.021s] Heap region size: 1M
[2020-04-01T20:15:04.316+0800][0.021s] Heap address: 0x00000000e0000000, size: 512 MB, Compressed Oops mode: 32-bit
[2020-04-01T20:15:04.463+0800][0.168s] Using G1
[2020-04-01T20:15:04.480+0800][0.185s] Periodic GC disabled
[2020-04-01T20:15:05.304+0800][1.010s] GC(0) Pause Young (Normal) (G1 Evacuation Pause)
[2020-04-01T20:15:05.305+0800][1.010s] GC(0) Using 8 workers of 8 for evacuation
[2020-04-01T20:15:05.309+0800][1.015s] GC(0)   Pre Evacuate Collection Set: 0.1ms
[2020-04-01T20:15:05.309+0800][1.015s] GC(0)   Merge Heap Roots: 0.0ms
[2020-04-01T20:15:05.309+0800][1.015s] GC(0)   Evacuate Collection Set: 4.0ms
[2020-04-01T20:15:05.309+0800][1.015s] GC(0)   Post Evacuate Collection Set: 0.4ms
[2020-04-01T20:15:05.309+0800][1.015s] GC(0)   Other: 0.7ms
[2020-04-01T20:15:05.309+0800][1.015s] GC(0) Eden regions: 29->0(42)
[2020-04-01T20:15:05.309+0800][1.015s] GC(0) Survivor regions: 0->4(4)
[2020-04-01T20:15:05.309+0800][1.015s] GC(0) Old regions: 0->0
[2020-04-01T20:15:05.309+0800][1.015s] GC(0) Archive regions: 0->0
[2020-04-01T20:15:05.309+0800][1.015s] GC(0) Humongous regions: 0->0
[2020-04-01T20:15:05.309+0800][1.015s] GC(0) Metaspace: 8101K(8576K)->8101K(8576K) NonClass: 7140K(7424K)->7140K(7424K) Class: 960K(1152K)->960K(1152K)
[2020-04-01T20:15:05.309+0800][1.015s] GC(0) Pause Young (Normal) (G1 Evacuation Pause) 29M->3M(512M) 5.257ms
[2020-04-01T20:15:05.309+0800][1.015s] GC(0) User=0.05s Sys=0.00s Real=0.01s
[2020-04-01T20:15:06.154+0800][1.859s] GC(1) Pause Young (Normal) (G1 Evacuation Pause)
[2020-04-01T20:15:06.154+0800][1.859s] GC(1) Using 8 workers of 8 for evacuation
[2020-04-01T20:15:06.163+0800][1.868s] GC(1)   Pre Evacuate Collection Set: 0.0ms
[2020-04-01T20:15:06.163+0800][1.868s] GC(1)   Merge Heap Roots: 0.0ms
[2020-04-01T20:15:06.163+0800][1.868s] GC(1)   Evacuate Collection Set: 7.0ms
[2020-04-01T20:15:06.163+0800][1.868s] GC(1)   Post Evacuate Collection Set: 1.3ms
[2020-04-01T20:15:06.163+0800][1.868s] GC(1)   Other: 0.1ms
[2020-04-01T20:15:06.163+0800][1.868s] GC(1) Eden regions: 42->0(152)
[2020-04-01T20:15:06.163+0800][1.868s] GC(1) Survivor regions: 4->6(6)
[2020-04-01T20:15:06.163+0800][1.868s] GC(1) Old regions: 0->10
[2020-04-01T20:15:06.163+0800][1.868s] GC(1) Archive regions: 0->0
[2020-04-01T20:15:06.163+0800][1.868s] GC(1) Humongous regions: 4->4
[2020-04-01T20:15:06.163+0800][1.868s] GC(1) Metaspace: 14938K(15616K)->14938K(15616K) NonClass: 13173K(13568K)->13173K(13568K) Class: 1764K(2048K)->1764K(2048K)
[2020-04-01T20:15:06.163+0800][1.868s] GC(1) Pause Young (Normal) (G1 Evacuation Pause) 49M->19M(512M) 8.627ms
[2020-04-01T20:15:06.163+0800][1.868s] GC(1) User=0.00s Sys=0.00s Real=0.01s
[2020-04-01T20:15:07.253+0800][2.958s] GC(2) Pause Young (Concurrent Start) (Metadata GC Threshold)
[2020-04-01T20:15:07.253+0800][2.958s] GC(2) Using 8 workers of 8 for evacuation
[2020-04-01T20:15:07.258+0800][2.964s] GC(2)   Pre Evacuate Collection Set: 0.1ms
[2020-04-01T20:15:07.258+0800][2.964s] GC(2)   Merge Heap Roots: 0.8ms
[2020-04-01T20:15:07.258+0800][2.964s] GC(2)   Evacuate Collection Set: 4.2ms
[2020-04-01T20:15:07.258+0800][2.964s] GC(2)   Post Evacuate Collection Set: 0.5ms
[2020-04-01T20:15:07.259+0800][2.964s] GC(2)   Other: 0.3ms
[2020-04-01T20:15:07.259+0800][2.964s] GC(2) Eden regions: 70->0(131)
[2020-04-01T20:15:07.259+0800][2.964s] GC(2) Survivor regions: 6->10(20)
[2020-04-01T20:15:07.259+0800][2.964s] GC(2) Old regions: 10->10
[2020-04-01T20:15:07.259+0800][2.964s] GC(2) Archive regions: 0->0
[2020-04-01T20:15:07.259+0800][2.964s] GC(2) Humongous regions: 4->4
[2020-04-01T20:15:07.259+0800][2.964s] GC(2) Metaspace: 20698K(21248K)->20698K(21248K) NonClass: 18337K(18688K)->18337K(18688K) Class: 2361K(2560K)->2361K(2560K)
[2020-04-01T20:15:07.259+0800][2.964s] GC(2) Pause Young (Concurrent Start) (Metadata GC Threshold) 88M->22M(512M) 6.029ms
[2020-04-01T20:15:07.259+0800][2.964s] GC(2) User=0.03s Sys=0.00s Real=0.01s
[2020-04-01T20:15:07.259+0800][2.964s] GC(3) Concurrent Cycle
[2020-04-01T20:15:07.259+0800][2.964s] GC(3) Concurrent Clear Claimed Marks
[2020-04-01T20:15:07.259+0800][2.964s] GC(3) Concurrent Clear Claimed Marks 0.026ms
[2020-04-01T20:15:07.259+0800][2.964s] GC(3) Concurrent Scan Root Regions
[2020-04-01T20:15:07.261+0800][2.967s] GC(3) Concurrent Scan Root Regions 2.253ms
[2020-04-01T20:15:07.261+0800][2.967s] GC(3) Concurrent Mark (2.967s)
[2020-04-01T20:15:07.261+0800][2.967s] GC(3) Concurrent Mark From Roots
[2020-04-01T20:15:07.261+0800][2.967s] GC(3) Using 2 workers of 2 for marking
[2020-04-01T20:15:07.274+0800][2.979s] GC(3) Concurrent Mark From Roots 12.585ms
[2020-04-01T20:15:07.274+0800][2.979s] GC(3) Concurrent Preclean
[2020-04-01T20:15:07.274+0800][2.980s] GC(3) Concurrent Preclean 0.081ms
[2020-04-01T20:15:07.274+0800][2.980s] GC(3) Concurrent Mark (2.967s, 2.980s) 12.735ms
[2020-04-01T20:15:07.275+0800][2.980s] GC(3) Pause Remark
[2020-04-01T20:15:07.275+0800][2.981s] GC(3) Pause Remark 24M->24M(512M) 0.831ms
[2020-04-01T20:15:07.275+0800][2.981s] GC(3) User=0.00s Sys=0.00s Real=0.00s
[2020-04-01T20:15:07.275+0800][2.981s] GC(3) Concurrent Rebuild Remembered Sets
[2020-04-01T20:15:07.282+0800][2.988s] GC(3) Concurrent Rebuild Remembered Sets 6.743ms
[2020-04-01T20:15:07.283+0800][2.988s] GC(3) Pause Cleanup
[2020-04-01T20:15:07.283+0800][2.989s] GC(3) Pause Cleanup 25M->25M(512M) 0.079ms
[2020-04-01T20:15:07.283+0800][2.989s] GC(3) User=0.00s Sys=0.00s Real=0.00s
[2020-04-01T20:15:07.283+0800][2.989s] GC(3) Concurrent Cleanup for Next Mark
[2020-04-01T20:15:07.283+0800][2.989s] GC(3) Concurrent Cleanup for Next Mark 0.304ms
[2020-04-01T20:15:07.283+0800][2.989s] GC(3) Concurrent Cycle 24.553ms
[2020-04-01T20:15:26.557+0800][28.578s] GC(4) Pause Young (Normal) (G1 Evacuation Pause)
[2020-04-01T20:15:26.557+0800][28.578s] GC(4) Using 8 workers of 8 for evacuation
[2020-04-01T20:15:26.565+0800][28.586s] GC(4)   Pre Evacuate Collection Set: 0.0ms
[2020-04-01T20:15:26.565+0800][28.586s] GC(4)   Merge Heap Roots: 0.0ms
[2020-04-01T20:15:26.565+0800][28.586s] GC(4)   Evacuate Collection Set: 7.2ms
[2020-04-01T20:15:26.565+0800][28.586s] GC(4)   Post Evacuate Collection Set: 0.6ms
[2020-04-01T20:15:26.565+0800][28.586s] GC(4)   Other: 0.2ms
[2020-04-01T20:15:26.565+0800][28.586s] GC(4) Eden regions: 155->0(291)
[2020-04-01T20:15:26.565+0800][28.586s] GC(4) Survivor regions: 10->16(21)
[2020-04-01T20:15:26.565+0800][28.586s] GC(4) Old regions: 10->10
[2020-04-01T20:15:26.565+0800][28.586s] GC(4) Archive regions: 0->0
[2020-04-01T20:15:26.565+0800][28.586s] GC(4) Humongous regions: 4->4
[2020-04-01T20:15:26.565+0800][28.587s] GC(4) Metaspace: 34476K(35324K)->34476K(35324K) NonClass: 30466K(30976K)->30466K(30976K) Class: 4010K(4348K)->4010K(4348K)
[2020-04-01T20:15:26.565+0800][28.587s] GC(4) Pause Young (Normal) (G1 Evacuation Pause) 178M->29M(512M) 8.394ms
[2020-04-01T20:15:26.565+0800][28.587s] GC(4) User=0.00s Sys=0.00s Real=0.01s
[2020-04-01T20:15:26.628+0800][28.650s] GC(5) Pause Young (Concurrent Start) (Metadata GC Threshold)
[2020-04-01T20:15:26.629+0800][28.650s] GC(5) Using 8 workers of 8 for evacuation
[2020-04-01T20:15:26.634+0800][28.655s] GC(5)   Pre Evacuate Collection Set: 0.1ms
[2020-04-01T20:15:26.634+0800][28.655s] GC(5)   Merge Heap Roots: 0.0ms
[2020-04-01T20:15:26.634+0800][28.655s] GC(5)   Evacuate Collection Set: 4.8ms
[2020-04-01T20:15:26.634+0800][28.655s] GC(5)   Post Evacuate Collection Set: 0.3ms
[2020-04-01T20:15:26.634+0800][28.655s] GC(5)   Other: 0.2ms
[2020-04-01T20:15:26.634+0800][28.655s] GC(5) Eden regions: 22->0(291)
[2020-04-01T20:15:26.634+0800][28.655s] GC(5) Survivor regions: 16->16(39)
[2020-04-01T20:15:26.634+0800][28.655s] GC(5) Old regions: 10->10
[2020-04-01T20:15:26.634+0800][28.655s] GC(5) Archive regions: 0->0
[2020-04-01T20:15:26.634+0800][28.655s] GC(5) Humongous regions: 4->4
[2020-04-01T20:15:26.634+0800][28.655s] GC(5) Metaspace: 35128K(35964K)->35128K(35964K) NonClass: 30999K(31488K)->30999K(31488K) Class: 4128K(4476K)->4128K(4476K)
[2020-04-01T20:15:26.634+0800][28.655s] GC(5) Pause Young (Concurrent Start) (Metadata GC Threshold) 50M->29M(512M) 5.536ms
[2020-04-01T20:15:26.634+0800][28.655s] GC(5) User=0.03s Sys=0.00s Real=0.01s
[2020-04-01T20:15:26.634+0800][28.655s] GC(6) Concurrent Cycle
[2020-04-01T20:15:26.634+0800][28.655s] GC(6) Concurrent Clear Claimed Marks
[2020-04-01T20:15:26.634+0800][28.655s] GC(6) Concurrent Clear Claimed Marks 0.042ms
[2020-04-01T20:15:26.634+0800][28.655s] GC(6) Concurrent Scan Root Regions
[2020-04-01T20:15:26.639+0800][28.660s] GC(6) Concurrent Scan Root Regions 4.635ms
[2020-04-01T20:15:26.639+0800][28.660s] GC(6) Concurrent Mark (28.660s)
[2020-04-01T20:15:26.639+0800][28.660s] GC(6) Concurrent Mark From Roots
[2020-04-01T20:15:26.639+0800][28.660s] GC(6) Using 2 workers of 2 for marking
[2020-04-01T20:15:26.651+0800][28.672s] GC(6) Concurrent Mark From Roots 11.591ms
[2020-04-01T20:15:26.651+0800][28.672s] GC(6) Concurrent Preclean
[2020-04-01T20:15:26.651+0800][28.672s] GC(6) Concurrent Preclean 0.076ms
[2020-04-01T20:15:26.651+0800][28.672s] GC(6) Concurrent Mark (28.660s, 28.672s) 11.745ms
[2020-04-01T20:15:26.651+0800][28.672s] GC(6) Pause Remark
[2020-04-01T20:15:26.652+0800][28.673s] GC(6) Pause Remark 32M->32M(512M) 1.148ms
[2020-04-01T20:15:26.652+0800][28.673s] GC(6) User=0.00s Sys=0.00s Real=0.00s
[2020-04-01T20:15:26.652+0800][28.673s] GC(6) Concurrent Rebuild Remembered Sets
[2020-04-01T20:15:26.658+0800][28.679s] GC(6) Concurrent Rebuild Remembered Sets 5.689ms
[2020-04-01T20:15:26.658+0800][28.679s] GC(6) Pause Cleanup
[2020-04-01T20:15:26.658+0800][28.679s] GC(6) Pause Cleanup 33M->33M(512M) 0.086ms
[2020-04-01T20:15:26.658+0800][28.679s] GC(6) User=0.00s Sys=0.00s Real=0.00s
[2020-04-01T20:15:26.658+0800][28.679s] GC(6) Concurrent Cleanup for Next Mark
[2020-04-01T20:15:26.658+0800][28.680s] GC(6) Concurrent Cleanup for Next Mark 0.403ms
[2020-04-01T20:15:26.659+0800][28.680s] GC(6) Concurrent Cycle 24.398ms
[2020-04-01T20:17:16.049+0800][131.754s] Heap
[2020-04-01T20:17:16.049+0800][131.754s]  garbage-first heap   total 524288K, used 133013K [0x00000000e0000000, 0x0000000100000000)
[2020-04-01T20:17:16.049+0800][131.754s]   region size 1024K, 118 young (120832K), 10 survivors (10240K)
[2020-04-01T20:17:16.049+0800][131.754s]  Metaspace       used 33484K, capacity 34294K, committed 34556K, reserved 1079296K
[2020-04-01T20:17:16.049+0800][131.755s]   class space    used 3940K, capacity 4240K, committed 4348K, reserved 1048576K
[2020-04-01T20:17:21.607+0800][143.628s] Heap
[2020-04-01T20:17:21.607+0800][143.628s]  garbage-first heap   total 524288K, used 189581K [0x00000000e0000000, 0x0000000100000000)
[2020-04-01T20:17:21.607+0800][143.628s]   region size 1024K, 173 young (177152K), 16 survivors (16384K)
[2020-04-01T20:17:21.607+0800][143.628s]  Metaspace       used 38199K, capacity 39038K, committed 39164K, reserved 1083392K
[2020-04-01T20:17:21.607+0800][143.628s]   class space    used 4505K, capacity 4819K, committed 4860K, reserved 1048576K
